Archive member included to satisfy reference by file (symbol)

/Applications/STM32CubeIDE.app/Contents/Eclipse/plugins/com.st.stm32cube.ide.mcu.externaltools.gnu-tools-for-stm32.13.3.rel1.macos64_1.0.0.202411102158/tools/bin/../lib/gcc/arm-none-eabi/13.3.1/../../../../arm-none-eabi/lib/thumb/v7e-m+fp/hard/libc_nano.a(libc_a-exit.o)
                              /Applications/STM32CubeIDE.app/Contents/Eclipse/plugins/com.st.stm32cube.ide.mcu.externaltools.gnu-tools-for-stm32.13.3.rel1.macos64_1.0.0.202411102158/tools/bin/../lib/gcc/arm-none-eabi/13.3.1/../../../../arm-none-eabi/lib/thumb/v7e-m+fp/hard/crt0.o (exit)
/Applications/STM32CubeIDE.app/Contents/Eclipse/plugins/com.st.stm32cube.ide.mcu.externaltools.gnu-tools-for-stm32.13.3.rel1.macos64_1.0.0.202411102158/tools/bin/../lib/gcc/arm-none-eabi/13.3.1/../../../../arm-none-eabi/lib/thumb/v7e-m+fp/hard/libc_nano.a(libc_a-qsort.o)
                              ./Core/Src/main.o (qsort)
/Applications/STM32CubeIDE.app/Contents/Eclipse/plugins/com.st.stm32cube.ide.mcu.externaltools.gnu-tools-for-stm32.13.3.rel1.macos64_1.0.0.202411102158/tools/bin/../lib/gcc/arm-none-eabi/13.3.1/../../../../arm-none-eabi/lib/thumb/v7e-m+fp/hard/libc_nano.a(libc_a-findfp.o)
                              /Applications/STM32CubeIDE.app/Contents/Eclipse/plugins/com.st.stm32cube.ide.mcu.externaltools.gnu-tools-for-stm32.13.3.rel1.macos64_1.0.0.202411102158/tools/bin/../lib/gcc/arm-none-eabi/13.3.1/../../../../arm-none-eabi/lib/thumb/v7e-m+fp/hard/libc_nano.a(libc_a-exit.o) (__stdio_exit_handler)
/Applications/STM32CubeIDE.app/Contents/Eclipse/plugins/com.st.stm32cube.ide.mcu.externaltools.gnu-tools-for-stm32.13.3.rel1.macos64_1.0.0.202411102158/tools/bin/../lib/gcc/arm-none-eabi/13.3.1/../../../../arm-none-eabi/lib/thumb/v7e-m+fp/hard/libc_nano.a(libc_a-fwalk.o)
                              /Applications/STM32CubeIDE.app/Contents/Eclipse/plugins/com.st.stm32cube.ide.mcu.externaltools.gnu-tools-for-stm32.13.3.rel1.macos64_1.0.0.202411102158/tools/bin/../lib/gcc/arm-none-eabi/13.3.1/../../../../arm-none-eabi/lib/thumb/v7e-m+fp/hard/libc_nano.a(libc_a-findfp.o) (_fwalk_sglue)
/Applications/STM32CubeIDE.app/Contents/Eclipse/plugins/com.st.stm32cube.ide.mcu.externaltools.gnu-tools-for-stm32.13.3.rel1.macos64_1.0.0.202411102158/tools/bin/../lib/gcc/arm-none-eabi/13.3.1/../../../../arm-none-eabi/lib/thumb/v7e-m+fp/hard/libc_nano.a(libc_a-memset.o)
                              /Applications/STM32CubeIDE.app/Contents/Eclipse/plugins/com.st.stm32cube.ide.mcu.externaltools.gnu-tools-for-stm32.13.3.rel1.macos64_1.0.0.202411102158/tools/bin/../lib/gcc/arm-none-eabi/13.3.1/../../../../arm-none-eabi/lib/thumb/v7e-m+fp/hard/crt0.o (memset)
/Applications/STM32CubeIDE.app/Contents/Eclipse/plugins/com.st.stm32cube.ide.mcu.externaltools.gnu-tools-for-stm32.13.3.rel1.macos64_1.0.0.202411102158/tools/bin/../lib/gcc/arm-none-eabi/13.3.1/../../../../arm-none-eabi/lib/thumb/v7e-m+fp/hard/libc_nano.a(libc_a-errno.o)
                              ./Core/Src/syscalls.o (__errno)
/Applications/STM32CubeIDE.app/Contents/Eclipse/plugins/com.st.stm32cube.ide.mcu.externaltools.gnu-tools-for-stm32.13.3.rel1.macos64_1.0.0.202411102158/tools/bin/../lib/gcc/arm-none-eabi/13.3.1/../../../../arm-none-eabi/lib/thumb/v7e-m+fp/hard/libc_nano.a(libc_a-init.o)
                              /Applications/STM32CubeIDE.app/Contents/Eclipse/plugins/com.st.stm32cube.ide.mcu.externaltools.gnu-tools-for-stm32.13.3.rel1.macos64_1.0.0.202411102158/tools/bin/../lib/gcc/arm-none-eabi/13.3.1/../../../../arm-none-eabi/lib/thumb/v7e-m+fp/hard/crt0.o (__libc_init_array)
/Applications/STM32CubeIDE.app/Contents/Eclipse/plugins/com.st.stm32cube.ide.mcu.externaltools.gnu-tools-for-stm32.13.3.rel1.macos64_1.0.0.202411102158/tools/bin/../lib/gcc/arm-none-eabi/13.3.1/../../../../arm-none-eabi/lib/thumb/v7e-m+fp/hard/libc_nano.a(libc_a-lock.o)
                              /Applications/STM32CubeIDE.app/Contents/Eclipse/plugins/com.st.stm32cube.ide.mcu.externaltools.gnu-tools-for-stm32.13.3.rel1.macos64_1.0.0.202411102158/tools/bin/../lib/gcc/arm-none-eabi/13.3.1/../../../../arm-none-eabi/lib/thumb/v7e-m+fp/hard/libc_nano.a(libc_a-findfp.o) (__retarget_lock_init_recursive)
/Applications/STM32CubeIDE.app/Contents/Eclipse/plugins/com.st.stm32cube.ide.mcu.externaltools.gnu-tools-for-stm32.13.3.rel1.macos64_1.0.0.202411102158/tools/bin/../lib/gcc/arm-none-eabi/13.3.1/../../../../arm-none-eabi/lib/thumb/v7e-m+fp/hard/libc_nano.a(libc_a-impure.o)
                              /Applications/STM32CubeIDE.app/Contents/Eclipse/plugins/com.st.stm32cube.ide.mcu.externaltools.gnu-tools-for-stm32.13.3.rel1.macos64_1.0.0.202411102158/tools/bin/../lib/gcc/arm-none-eabi/13.3.1/../../../../arm-none-eabi/lib/thumb/v7e-m+fp/hard/libc_nano.a(libc_a-errno.o) (_impure_ptr)
[...]
Memory Configuration

Name             Origin             Length             Attributes
RAM              0x20000000         0x00018000         xrw
FLASH            0x08000000         0x00080000         xr
*default*        0x00000000         0xffffffff

Linker script and memory map

LOAD /Applications/STM32CubeIDE.app/Contents/Eclipse/plugins/com.st.stm32cube.ide.mcu.externaltools.gnu-tools-for-stm32.13.3.rel1.macos64_1.0.0.202411102158/tools/bin/../lib/gcc/arm-none-eabi/13.3.1/thumb/v7e-m+fp/hard/crti.o
LOAD /Applications/STM32CubeIDE.app/Contents/Eclipse/plugins/com.st.stm32cube.ide.mcu.externaltools.gnu-tools-for-stm32.13.3.rel1.macos64_1.0.0.202411102158/tools/bin/../lib/gcc/arm-none-eabi/13.3.1/thumb/v7e-m+fp/hard/crtbegin.o
LOAD /Applications/STM32CubeIDE.app/Contents/Eclipse/plugins/com.st.stm32cube.ide.mcu.externaltools.gnu-tools-for-stm32.13.3.rel1.macos64_1.0.0.202411102158/tools/bin/../lib/gcc/arm-none-eabi/13.3.1/../../../../arm-none-eabi/lib/thumb/v7e-m+fp/hard/crt0.o
LOAD ./Core/Src/CANSPI.o
LOAD ./Core/Src/gpio.o
LOAD ./Core/Src/main.o
LOAD ./Core/Src/mcp2515.o
LOAD ./Core/Src/stm32f4xx_hal_msp.o
LOAD ./Core/Src/stm32f4xx_it.o
LOAD ./Core/Src/syscalls.o
LOAD ./Core/Src/sysmem.o
LOAD ./Core/Src/system_stm32f4xx.o
LOAD ./Core/Startup/startup_stm32f401retx.o
LOAD ./Drivers/STM32F4xx_HAL_Driver/Src/stm32f4xx_hal.o
LOAD ./Drivers/STM32F4xx_HAL_Driver/Src/stm32f4xx_hal_adc.o
LOAD ./Drivers/STM32F4xx_HAL_Driver/Src/stm32f4xx_hal_adc_ex.o
LOAD ./Drivers/STM32F4xx_HAL_Driver/Src/stm32f4xx_hal_cortex.o
LOAD ./Drivers/STM32F4xx_HAL_Driver/Src/stm32f4xx_hal_dma.o
LOAD ./Drivers/STM32F4xx_HAL_Driver/Src/stm32f4xx_hal_dma_ex.o
LOAD ./Drivers/STM32F4xx_HAL_Driver/Src/stm32f4xx_hal_exti.o
LOAD ./Drivers/STM32F4xx_HAL_Driver/Src/stm32f4xx_hal_flash.o
LOAD ./Drivers/STM32F4xx_HAL_Driver/Src/stm32f4xx_hal_flash_ex.o
LOAD ./Drivers/STM32F4xx_HAL_Driver/Src/stm32f4xx_hal_flash_ramfunc.o
LOAD ./Drivers/STM32F4xx_HAL_Driver/Src/stm32f4xx_hal_gpio.o
LOAD ./Drivers/STM32F4xx_HAL_Driver/Src/stm32f4xx_hal_i2s.o
LOAD ./Drivers/STM32F4xx_HAL_Driver/Src/stm32f4xx_hal_i2s_ex.o
LOAD ./Drivers/STM32F4xx_HAL_Driver/Src/stm32f4xx_hal_pwr.o
LOAD ./Drivers/STM32F4xx_HAL_Driver/Src/stm32f4xx_hal_pwr_ex.o
LOAD ./Drivers/STM32F4xx_HAL_Driver/Src/stm32f4xx_hal_rcc.o
LOAD ./Drivers/STM32F4xx_HAL_Driver/Src/stm32f4xx_hal_rcc_ex.o
LOAD ./Drivers/STM32F4xx_HAL_Driver/Src/stm32f4xx_hal_spi.o
LOAD ./Drivers/STM32F4xx_HAL_Driver/Src/stm32f4xx_hal_tim.o
LOAD ./Drivers/STM32F4xx_HAL_Driver/Src/stm32f4xx_hal_tim_ex.o
LOAD ./Drivers/STM32F4xx_HAL_Driver/Src/stm32f4xx_ll_adc.o
START GROUP
LOAD /Applications/STM32CubeIDE.app/Contents/Eclipse/plugins/com.st.stm32cube.ide.mcu.externaltools.gnu-tools-for-stm32.13.3.rel1.macos64_1.0.0.202411102158/tools/bin/../lib/gcc/arm-none-eabi/13.3.1/../../../../arm-none-eabi/lib/thumb/v7e-m+fp/hard/libc_nano.a
LOAD /Applications/STM32CubeIDE.app/Contents/Eclipse/plugins/com.st.stm32cube.ide.mcu.externaltools.gnu-tools-for-stm32.13.3.rel1.macos64_1.0.0.202411102158/tools/bin/../lib/gcc/arm-none-eabi/13.3.1/../../../../arm-none-eabi/lib/thumb/v7e-m+fp/hard/libm.a
END GROUP
START GROUP
LOAD /Applications/STM32CubeIDE.app/Contents/Eclipse/plugins/com.st.stm32cube.ide.mcu.externaltools.gnu-tools-for-stm32.13.3.rel1.macos64_1.0.0.202411102158/tools/bin/../lib/gcc/arm-none-eabi/13.3.1/thumb/v7e-m+fp/hard/libgcc.a
LOAD /Applications/STM32CubeIDE.app/Contents/Eclipse/plugins/com.st.stm32cube.ide.mcu.externaltools.gnu-tools-for-stm32.13.3.rel1.macos64_1.0.0.202411102158/tools/bin/../lib/gcc/arm-none-eabi/13.3.1/../../../../arm-none-eabi/lib/thumb/v7e-m+fp/hard/libc_nano.a
END GROUP
START GROUP
LOAD /Applications/STM32CubeIDE.app/Contents/Eclipse/plugins/com.st.stm32cube.ide.mcu.externaltools.gnu-tools-for-stm32.13.3.rel1.macos64_1.0.0.202411102158/tools/bin/../lib/gcc/arm-none-eabi/13.3.1/thumb/v7e-m+fp/hard/libgcc.a
LOAD /Applications/STM32CubeIDE.app/Contents/Eclipse/plugins/com.st.stm32cube.ide.mcu.externaltools.gnu-tools-for-stm32.13.3.rel1.macos64_1.0.0.202411102158/tools/bin/../lib/gcc/arm-none-eabi/13.3.1/../../../../arm-none-eabi/lib/thumb/v7e-m+fp/hard/libc_nano.a
LOAD /Applications/STM32CubeIDE.app/Contents/Eclipse/plugins/com.st.stm32cube.ide.mcu.externaltools.gnu-tools-for-stm32.13.3.rel1.macos64_1.0.0.202411102158/tools/bin/../lib/gcc/arm-none-eabi/13.3.1/../../../../arm-none-eabi/lib/thumb/v7e-m+fp/hard/libnosys.a
END GROUP
START GROUP
LOAD /Applications/STM32CubeIDE.app/Contents/Eclipse/plugins/com.st.stm32cube.ide.mcu.externaltools.gnu-tools-for-stm32.13.3.rel1.macos64_1.0.0.202411102158/tools/bin/../lib/gcc/arm-none-eabi/13.3.1/thumb/v7e-m+fp/hard/libgcc.a
LOAD /Applications/STM32CubeIDE.app/Contents/Eclipse/plugins/com.st.stm32cube.ide.mcu.externaltools.gnu-tools-for-stm32.13.3.rel1.macos64_1.0.0.202411102158/tools/bin/../lib/gcc/arm-none-eabi/13.3.1/../../../../arm-none-eabi/lib/thumb/v7e-m+fp/hard/libc_nano.a
LOAD /Applications/STM32CubeIDE.app/Contents/Eclipse/plugins/com.st.stm32cube.ide.mcu.externaltools.gnu-tools-for-stm32.13.3.rel1.macos64_1.0.0.202411102158/tools/bin/../lib/gcc/arm-none-eabi/13.3.1/../../../../arm-none-eabi/lib/thumb/v7e-m+fp/hard/libnosys.a
END GROUP
LOAD /Applications/STM32CubeIDE.app/Contents/Eclipse/plugins/com.st.stm32cube.ide.mcu.externaltools.gnu-tools-for-stm32.13.3.rel1.macos64_1.0.0.202411102158/tools/bin/../lib/gcc/arm-none-eabi/13.3.1/thumb/v7e-m+fp/hard/crtend.o
LOAD /Applications/STM32CubeIDE.app/Contents/Eclipse/plugins/com.st.stm32cube.ide.mcu.externaltools.gnu-tools-for-stm32.13.3.rel1.macos64_1.0.0.202411102158/tools/bin/../lib/gcc/arm-none-eabi/13.3.1/thumb/v7e-m+fp/hard/crtn.o
                0x20018000                        _estack = (ORIGIN (RAM) + LENGTH (RAM))
                0x00000200                        _Min_Heap_Size = 0x200
                0x00000400                        _Min_Stack_Size = 0x400

.isr_vector     0x08000000      0x194
                0x08000000                        . = ALIGN (0x4)
 *(.isr_vector)
 .isr_vector    0x08000000      0x194 ./Core/Startup/startup_stm32f401retx.o
                0x08000000                g_pfnVectors
                0x08000194                        . = ALIGN (0x4)

.text           0x08000194     0x6c44
                0x08000194                        . = ALIGN (0x4)
 *(.text)
 .text          0x08000194       0x40 /Applications/STM32CubeIDE.app/Contents/Eclipse/plugins/com.st.stm32cube.ide.mcu.externaltools.gnu-tools-for-stm32.13.3.rel1.macos64_1.0.0.202411102158/tools/bin/../lib/gcc/arm-none-eabi/13.3.1/thumb/v7e-m+fp/hard/crtbegin.o
 .text          0x080001d4       0x30 /Applications/STM32CubeIDE.app/Contents/Eclipse/plugins/com.st.stm32cube.ide.mcu.externaltools.gnu-tools-for-stm32.13.3.rel1.macos64_1.0.0.202411102158/tools/bin/../lib/gcc/arm-none-eabi/13.3.1/thumb/v7e-m+fp/hard/libgcc.a(_aeabi_uldivmod.o)
                0x080001d4                __aeabi_uldivmod
 .text          0x08000204      0x2f8 /Applications/STM32CubeIDE.app/Contents/Eclipse/plugins/com.st.stm32cube.ide.mcu.externaltools.gnu-tools-for-stm32.13.3.rel1.macos64_1.0.0.202411102158/tools/bin/../lib/gcc/arm-none-eabi/13.3.1/thumb/v7e-m+fp/hard/libgcc.a(_udivmoddi4.o)
                0x08000204                __udivmoddi4
 .text          0x080004fc        0x4 /Applications/STM32CubeIDE.app/Contents/Eclipse/plugins/com.st.stm32cube.ide.mcu.externaltools.gnu-tools-for-stm32.13.3.rel1.macos64_1.0.0.202411102158/tools/bin/../lib/gcc/arm-none-eabi/13.3.1/thumb/v7e-m+fp/hard/libgcc.a(_dvmd_tls.o)
                0x080004fc                __aeabi_ldiv0
                0x080004fc                __aeabi_idiv0
 *(.text*)
 .text.CANSPI_Initialize
                0x08000500      0x180 ./Core/Src/CANSPI.o
                0x08000500                CANSPI_Initialize
 .text.CANSPI_Transmit
                0x08000680      0x128 ./Core/Src/CANSPI.o
                0x08000680                CANSPI_Transmit
 .text.CANSPI_Receive
                0x080007a8       0xe4 ./Core/Src/CANSPI.o
                0x080007a8                CANSPI_Receive
 .text.convertReg2ExtendedCANid
                0x0800088c       0x7c ./Core/Src/CANSPI.o
 .text.convertReg2StandardCANid
                0x08000908       0x3a ./Core/Src/CANSPI.o
 .text.convertCANid2Reg
                0x08000942       0xaa ./Core/Src/CANSPI.o
 .text.compare_uint32_t
                0x080009ec        0x8 ./Core/Src/main.o
                0x080009ec                compare_uint32_t
 .text.MX_GPIO_Init
                0x080009f4      0x1c4 ./Core/Src/main.o
 .text.MX_DMA_Init
                0x08000bb8       0x58 ./Core/Src/main.o
 .text.sendDiagMsg
                0x08000c10       0xd4 ./Core/Src/main.o
                0x08000c10                sendDiagMsg
 .text.median_uint32_t
                0x08000ce4       0x34 ./Core/Src/main.o
                0x08000ce4                median_uint32_t
 .text.updateRpm
                0x08000d18       0x50 ./Core/Src/main.o
                0x08000d18                updateRpm
 .text.updateBMSDiagnostics
                0x08000d68       0x5c ./Core/Src/main.o
                0x08000d68                updateBMSDiagnostics
 .text.updateInverterVolts
                0x08000dc4       0x38 ./Core/Src/main.o
                0x08000dc4                updateInverterVolts
 .text.readFromCAN
                0x08000dfc       0x34 ./Core/Src/main.o
                0x08000dfc                readFromCAN
 .text.calculateTorqueRequest
                0x08000e30       0xd0 ./Core/Src/main.o
                0x08000e30                calculateTorqueRequest
 .text.checkAPPSPlausibility
                0x08000f00      0x134 ./Core/Src/main.o
                0x08000f00                checkAPPSPlausibility
 .text.checkBSEPausibility
                0x08001034       0x98 ./Core/Src/main.o
                0x08001034                checkBSEPausibility
 .text.checkCrossCheck
                0x080010cc       0xcc ./Core/Src/main.o
                0x080010cc                checkCrossCheck
 .text.HAL_ADC_ConvCpltCallback
                0x08001198       0xdc ./Core/Src/main.o
                0x08001198                HAL_ADC_ConvCpltCallback
 .text.sendTorqueCommand
                0x08001274       0x8c ./Core/Src/main.o
                0x08001274                sendTorqueCommand
 .text.checkShutdown
                0x08001300       0xec ./Core/Src/main.o
                0x08001300                checkShutdown
 .text.checkReadyToDrive
                0x080013ec       0x9c ./Core/Src/main.o
                0x080013ec                checkReadyToDrive
 .text.prechargeSequence
                0x08001488       0xdc ./Core/Src/main.o
                0x08001488                prechargeSequence
 .text.sendPrechargeRequest
                0x08001564       0x94 ./Core/Src/main.o
                0x08001564                sendPrechargeRequest
 .text.HAL_I2S_TxCpltCallback
                0x080015f8       0x68 ./Core/Src/main.o
                0x080015f8                HAL_I2S_TxCpltCallback
 .text.PlayStartupSoundOnce
                0x08001660       0x44 ./Core/Src/main.o
                0x08001660                PlayStartupSoundOnce
 .text.lookForRTD
                0x080016a4       0xfc ./Core/Src/main.o
                0x080016a4                lookForRTD
 .text.Error_Handler
                0x080017a0        0x4 ./Core/Src/main.o
                0x080017a0                Error_Handler
 .text.MX_ADC1_Init
                0x080017a4       0x9c ./Core/Src/main.o
 .text.MX_SPI3_Init
                0x08001840       0x40 ./Core/Src/main.o
 .text.MX_I2S2_Init
                0x08001880       0x38 ./Core/Src/main.o
 .text.MX_TIM4_Init
                0x080018b8       0x80 ./Core/Src/main.o
 .text.MX_TIM3_Init
                0x08001938       0x6c ./Core/Src/main.o
 .text.SystemClock_Config
                0x080019a4       0xa4 ./Core/Src/main.o
                0x080019a4                SystemClock_Config
 .text.main     0x08001a48      0x150 ./Core/Src/main.o
                0x08001a48                main
 .text.MCP2515_Initialize
                0x08001b98       0x44 ./Core/Src/mcp2515.o
                0x08001b98                MCP2515_Initialize
 .text.MCP2515_SetConfigMode
                0x08001bdc       0x5e ./Core/Src/mcp2515.o
                0x08001bdc                MCP2515_SetConfigMode
 .text.MCP2515_SetNormalMode
                0x08001c3a       0x3c ./Core/Src/mcp2515.o
                0x08001c3a                MCP2515_SetNormalMode
 *fill*         0x08001c76        0x2 
 .text.MCP2515_Reset
                0x08001c78       0x30 ./Core/Src/mcp2515.o
                0x08001c78                MCP2515_Reset
 .text.MCP2515_ReadByte
                0x08001ca8       0x4c ./Core/Src/mcp2515.o
                0x08001ca8                MCP2515_ReadByte
 .text.MCP2515_ReadRxSequence
                0x08001cf4       0x4c ./Core/Src/mcp2515.o
                0x08001cf4                MCP2515_ReadRxSequence
 .text.MCP2515_WriteByte
                0x08001d40       0x50 ./Core/Src/mcp2515.o
                0x08001d40                MCP2515_WriteByte
 .text.MCP2515_WriteByteSequence
                0x08001d90       0x5c ./Core/Src/mcp2515.o
                0x08001d90                MCP2515_WriteByteSequence
 .text.MCP2515_LoadTxSequence
                0x08001dec       0x60 ./Core/Src/mcp2515.o
                0x08001dec                MCP2515_LoadTxSequence
 .text.MCP2515_RequestToSend
                0x08001e4c       0x3c ./Core/Src/mcp2515.o
                0x08001e4c                MCP2515_RequestToSend
 .text.MCP2515_ReadStatus
                0x08001e88       0x40 ./Core/Src/mcp2515.o
                0x08001e88                MCP2515_ReadStatus
 .text.MCP2515_GetRxStatus
                0x08001ec8       0x40 ./Core/Src/mcp2515.o
                0x08001ec8                MCP2515_GetRxStatus
 .text.SPI_Tx   0x08001f08       0x24 ./Core/Src/mcp2515.o
 .text.SPI_TxBuffer
                0x08001f2c       0x28 ./Core/Src/mcp2515.o
 .text.SPI_Rx   0x08001f54       0x20 ./Core/Src/mcp2515.o
 .text.SPI_RxBuffer
                0x08001f74       0x28 ./Core/Src/mcp2515.o
 .text.HAL_MspInit
                0x08001f9c       0x50 ./Core/Src/stm32f4xx_hal_msp.o
                0x08001f9c                HAL_MspInit
 .text.HAL_ADC_MspInit
                0x08001fec      0x138 ./Core/Src/stm32f4xx_hal_msp.o
                0x08001fec                HAL_ADC_MspInit
 .text.HAL_I2S_MspInit
                0x08002124      0x138 ./Core/Src/stm32f4xx_hal_msp.o
                0x08002124                HAL_I2S_MspInit
 .text.HAL_SPI_MspInit
                0x0800225c       0x90 ./Core/Src/stm32f4xx_hal_msp.o
                0x0800225c                HAL_SPI_MspInit
 .text.HAL_TIM_Base_MspInit
                0x080022ec       0x44 ./Core/Src/stm32f4xx_hal_msp.o
                0x080022ec                HAL_TIM_Base_MspInit
 .text.HAL_TIM_PWM_MspInit
                0x08002330       0x44 ./Core/Src/stm32f4xx_hal_msp.o
                0x08002330                HAL_TIM_PWM_MspInit
 .text.HAL_TIM_MspPostInit
                0x08002374       0x74 ./Core/Src/stm32f4xx_hal_msp.o
                0x08002374                HAL_TIM_MspPostInit
 .text.NMI_Handler
                0x080023e8        0x8 ./Core/Src/stm32f4xx_it.o
                0x080023e8                NMI_Handler
 .text.HardFault_Handler
                0x080023f0        0x8 ./Core/Src/stm32f4xx_it.o
                0x080023f0                HardFault_Handler
 .text.MemManage_Handler
                0x080023f8        0x8 ./Core/Src/stm32f4xx_it.o
                0x080023f8                MemManage_Handler
 .text.BusFault_Handler
                0x08002400        0x8 ./Core/Src/stm32f4xx_it.o
                0x08002400                BusFault_Handler
 .text.UsageFault_Handler
                0x08002408        0x8 ./Core/Src/stm32f4xx_it.o
                0x08002408                UsageFault_Handler
 .text.SVC_Handler
                0x08002410        0xe ./Core/Src/stm32f4xx_it.o
                0x08002410                SVC_Handler
 .text.DebugMon_Handler
                0x0800241e        0xe ./Core/Src/stm32f4xx_it.o
                0x0800241e                DebugMon_Handler
 .text.PendSV_Handler
                0x0800242c        0xe ./Core/Src/stm32f4xx_it.o
                0x0800242c                PendSV_Handler
 .text.SysTick_Handler
                0x0800243a        0xc ./Core/Src/stm32f4xx_it.o
                0x0800243a                SysTick_Handler
 *fill*         0x08002446        0x2 
 .text.DMA1_Stream4_IRQHandler
                0x08002448       0x14 ./Core/Src/stm32f4xx_it.o
                0x08002448                DMA1_Stream4_IRQHandler
 .text.ADC_IRQHandler
                0x0800245c       0x14 ./Core/Src/stm32f4xx_it.o
                0x0800245c                ADC_IRQHandler
 .text.DMA2_Stream0_IRQHandler
                0x08002470       0x14 ./Core/Src/stm32f4xx_it.o
                0x08002470                DMA2_Stream0_IRQHandler
 .text.SystemInit
                0x08002484       0x24 ./Core/Src/system_stm32f4xx.o
                0x08002484                SystemInit
 .text.Reset_Handler
                0x080024a8       0x50 ./Core/Startup/startup_stm32f401retx.o
                0x080024a8                Reset_Handler
 .text.Default_Handler
                0x080024f8        0x2 ./Core/Startup/startup_stm32f401retx.o
                0x080024f8                DMA1_Stream3_IRQHandler
                0x080024f8                EXTI2_IRQHandler
                0x080024f8                SPI4_IRQHandler
                0x080024f8                TIM1_CC_IRQHandler
                0x080024f8                DMA2_Stream5_IRQHandler
                0x080024f8                DMA1_Stream5_IRQHandler
                0x080024f8                PVD_IRQHandler
                0x080024f8                SDIO_IRQHandler
                0x080024f8                TAMP_STAMP_IRQHandler
                0x080024f8                EXTI3_IRQHandler
                0x080024f8                TIM1_UP_TIM10_IRQHandler
                0x080024f8                I2C3_ER_IRQHandler
                0x080024f8                EXTI0_IRQHandler
                0x080024f8                I2C2_EV_IRQHandler
                0x080024f8                DMA1_Stream2_IRQHandler
                0x080024f8                FPU_IRQHandler
                0x080024f8                DMA2_Stream2_IRQHandler
                0x080024f8                SPI1_IRQHandler
                0x080024f8                TIM1_BRK_TIM9_IRQHandler
                0x080024f8                DMA2_Stream3_IRQHandler
                0x080024f8                USART6_IRQHandler
                0x080024f8                TIM4_IRQHandler
                0x080024f8                I2C1_EV_IRQHandler
                0x080024f8                DMA1_Stream6_IRQHandler
                0x080024f8                DMA1_Stream1_IRQHandler
                0x080024f8                TIM3_IRQHandler
                0x080024f8                RCC_IRQHandler
                0x080024f8                Default_Handler
                0x080024f8                EXTI15_10_IRQHandler
                0x080024f8                DMA1_Stream7_IRQHandler
                0x080024f8                TIM5_IRQHandler
                0x080024f8                DMA2_Stream7_IRQHandler
                0x080024f8                I2C3_EV_IRQHandler
                0x080024f8                EXTI9_5_IRQHandler
                0x080024f8                RTC_WKUP_IRQHandler
                0x080024f8                SPI2_IRQHandler
                0x080024f8                DMA1_Stream0_IRQHandler
                0x080024f8                EXTI4_IRQHandler
                0x080024f8                WWDG_IRQHandler
                0x080024f8                TIM2_IRQHandler
                0x080024f8                OTG_FS_WKUP_IRQHandler
                0x080024f8                TIM1_TRG_COM_TIM11_IRQHandler
                0x080024f8                EXTI1_IRQHandler
                0x080024f8                USART2_IRQHandler
                0x080024f8                I2C2_ER_IRQHandler
                0x080024f8                DMA2_Stream1_IRQHandler
                0x080024f8                FLASH_IRQHandler
                0x080024f8                DMA2_Stream4_IRQHandler
                0x080024f8                USART1_IRQHandler
                0x080024f8                OTG_FS_IRQHandler
                0x080024f8                SPI3_IRQHandler
                0x080024f8                I2C1_ER_IRQHandler
                0x080024f8                DMA2_Stream6_IRQHandler
                0x080024f8                RTC_Alarm_IRQHandler
 *fill*         0x080024fa        0x2 
 .text.HAL_Init
                0x080024fc       0x44 ./Drivers/STM32F4xx_HAL_Driver/Src/stm32f4xx_hal.o
                0x080024fc                HAL_Init
 .text.HAL_InitTick
                0x08002540       0x60 ./Drivers/STM32F4xx_HAL_Driver/Src/stm32f4xx_hal.o
                0x08002540                HAL_InitTick
 .text.HAL_IncTick
                0x080025a0       0x28 ./Drivers/STM32F4xx_HAL_Driver/Src/stm32f4xx_hal.o
                0x080025a0                HAL_IncTick
 .text.HAL_GetTick
                0x080025c8       0x18 ./Drivers/STM32F4xx_HAL_Driver/Src/stm32f4xx_hal.o
                0x080025c8                HAL_GetTick
 .text.HAL_Delay
                0x080025e0       0x48 ./Drivers/STM32F4xx_HAL_Driver/Src/stm32f4xx_hal.o
                0x080025e0                HAL_Delay
 .text.HAL_ADC_Init
                0x08002628       0x86 ./Drivers/STM32F4xx_HAL_Driver/Src/stm32f4xx_hal_adc.o
                0x08002628                HAL_ADC_Init
 .text.HAL_ADC_IRQHandler
                0x080026ae      0x220 ./Drivers/STM32F4xx_HAL_Driver/Src/stm32f4xx_hal_adc.o
                0x080026ae                HAL_ADC_IRQHandler
 *fill*         0x080028ce        0x2 
 .text.HAL_ADC_Start_DMA
                0x080028d0      0x1e0 ./Drivers/STM32F4xx_HAL_Driver/Src/stm32f4xx_hal_adc.o
                0x080028d0                HAL_ADC_Start_DMA
 .text.HAL_ADC_ConvHalfCpltCallback
                0x08002ab0       0x14 ./Drivers/STM32F4xx_HAL_Driver/Src/stm32f4xx_hal_adc.o
                0x08002ab0                HAL_ADC_ConvHalfCpltCallback
 .text.HAL_ADC_LevelOutOfWindowCallback
                0x08002ac4       0x14 ./Drivers/STM32F4xx_HAL_Driver/Src/stm32f4xx_hal_adc.o
                0x08002ac4                HAL_ADC_LevelOutOfWindowCallback
 .text.HAL_ADC_ErrorCallback
                0x08002ad8       0x14 ./Drivers/STM32F4xx_HAL_Driver/Src/stm32f4xx_hal_adc.o
                0x08002ad8                HAL_ADC_ErrorCallback
 .text.HAL_ADC_ConfigChannel
                0x08002aec      0x244 ./Drivers/STM32F4xx_HAL_Driver/Src/stm32f4xx_hal_adc.o
                0x08002aec                HAL_ADC_ConfigChannel
 .text.ADC_Init
                0x08002d30      0x1f8 ./Drivers/STM32F4xx_HAL_Driver/Src/stm32f4xx_hal_adc.o
 .text.ADC_DMAConvCplt
                0x08002f28       0xba ./Drivers/STM32F4xx_HAL_Driver/Src/stm32f4xx_hal_adc.o
 .text.ADC_DMAHalfConvCplt
                0x08002fe2       0x1c ./Drivers/STM32F4xx_HAL_Driver/Src/stm32f4xx_hal_adc.o
 .text.ADC_DMAError
                0x08002ffe       0x2e ./Drivers/STM32F4xx_HAL_Driver/Src/stm32f4xx_hal_adc.o
 .text.HAL_ADCEx_InjectedConvCpltCallback
                0x0800302c       0x14 ./Drivers/STM32F4xx_HAL_Driver/Src/stm32f4xx_hal_adc_ex.o
                0x0800302c                HAL_ADCEx_InjectedConvCpltCallback
 .text.__NVIC_SetPriorityGrouping
                0x08003040       0x48 ./Drivers/STM32F4xx_HAL_Driver/Src/stm32f4xx_hal_cortex.o
 .text.__NVIC_GetPriorityGrouping
                0x08003088       0x1c ./Drivers/STM32F4xx_HAL_Driver/Src/stm32f4xx_hal_cortex.o
 .text.__NVIC_EnableIRQ
                0x080030a4       0x3c ./Drivers/STM32F4xx_HAL_Driver/Src/stm32f4xx_hal_cortex.o
 .text.__NVIC_SetPriority
                0x080030e0       0x54 ./Drivers/STM32F4xx_HAL_Driver/Src/stm32f4xx_hal_cortex.o
 .text.NVIC_EncodePriority
                0x08003134       0x66 ./Drivers/STM32F4xx_HAL_Driver/Src/stm32f4xx_hal_cortex.o
 *fill*         0x0800319a        0x2 
 .text.SysTick_Config
                0x0800319c       0x44 ./Drivers/STM32F4xx_HAL_Driver/Src/stm32f4xx_hal_cortex.o
 .text.HAL_NVIC_SetPriorityGrouping
                0x080031e0       0x16 ./Drivers/STM32F4xx_HAL_Driver/Src/stm32f4xx_hal_cortex.o
                0x080031e0                HAL_NVIC_SetPriorityGrouping
 .text.HAL_NVIC_SetPriority
                0x080031f6       0x38 ./Drivers/STM32F4xx_HAL_Driver/Src/stm32f4xx_hal_cortex.o
                0x080031f6                HAL_NVIC_SetPriority
 .text.HAL_NVIC_EnableIRQ
                0x0800322e       0x1c ./Drivers/STM32F4xx_HAL_Driver/Src/stm32f4xx_hal_cortex.o
                0x0800322e                HAL_NVIC_EnableIRQ
 .text.HAL_SYSTICK_Config
                0x0800324a       0x18 ./Drivers/STM32F4xx_HAL_Driver/Src/stm32f4xx_hal_cortex.o
                0x0800324a                HAL_SYSTICK_Config
 *fill*         0x08003262        0x2 
 .text.HAL_DMA_Init
                0x08003264      0x15c ./Drivers/STM32F4xx_HAL_Driver/Src/stm32f4xx_hal_dma.o
                0x08003264                HAL_DMA_Init
 .text.HAL_DMA_Start_IT
                0x080033c0       0xb0 ./Drivers/STM32F4xx_HAL_Driver/Src/stm32f4xx_hal_dma.o
                0x080033c0                HAL_DMA_Start_IT
 .text.HAL_DMA_IRQHandler
                0x08003470      0x314 ./Drivers/STM32F4xx_HAL_Driver/Src/stm32f4xx_hal_dma.o
                0x08003470                HAL_DMA_IRQHandler
 .text.DMA_SetConfig
                0x08003784       0x5c ./Drivers/STM32F4xx_HAL_Driver/Src/stm32f4xx_hal_dma.o
 .text.DMA_CalcBaseAndBitshift
                0x080037e0       0x6c ./Drivers/STM32F4xx_HAL_Driver/Src/stm32f4xx_hal_dma.o
 .text.DMA_CheckFifoParam
                0x0800384c       0xf8 ./Drivers/STM32F4xx_HAL_Driver/Src/stm32f4xx_hal_dma.o
 .text.HAL_GPIO_Init
                0x08003944      0x308 ./Drivers/STM32F4xx_HAL_Driver/Src/stm32f4xx_hal_gpio.o
                0x08003944                HAL_GPIO_Init
 .text.HAL_GPIO_ReadPin
                0x08003c4c       0x30 ./Drivers/STM32F4xx_HAL_Driver/Src/stm32f4xx_hal_gpio.o
                0x08003c4c                HAL_GPIO_ReadPin
 .text.HAL_GPIO_WritePin
                0x08003c7c       0x32 ./Drivers/STM32F4xx_HAL_Driver/Src/stm32f4xx_hal_gpio.o
                0x08003c7c                HAL_GPIO_WritePin
 *fill*         0x08003cae        0x2 
 .text.HAL_I2S_Init
                0x08003cb0      0x280 ./Drivers/STM32F4xx_HAL_Driver/Src/stm32f4xx_hal_i2s.o
                0x08003cb0                HAL_I2S_Init
 .text.HAL_I2S_Transmit_DMA
                0x08003f30      0x148 ./Drivers/STM32F4xx_HAL_Driver/Src/stm32f4xx_hal_i2s.o
                0x08003f30                HAL_I2S_Transmit_DMA
 .text.HAL_I2S_TxHalfCpltCallback
                0x08004078       0x14 ./Drivers/STM32F4xx_HAL_Driver/Src/stm32f4xx_hal_i2s.o
                0x08004078                HAL_I2S_TxHalfCpltCallback
 .text.HAL_I2S_RxCpltCallback
                0x0800408c       0x14 ./Drivers/STM32F4xx_HAL_Driver/Src/stm32f4xx_hal_i2s.o
                0x0800408c                HAL_I2S_RxCpltCallback
 .text.HAL_I2S_ErrorCallback
                0x080040a0       0x14 ./Drivers/STM32F4xx_HAL_Driver/Src/stm32f4xx_hal_i2s.o
                0x080040a0                HAL_I2S_ErrorCallback
 .text.I2S_DMATxCplt
                0x080040b4       0x42 ./Drivers/STM32F4xx_HAL_Driver/Src/stm32f4xx_hal_i2s.o
 .text.I2S_DMATxHalfCplt
                0x080040f6       0x1c ./Drivers/STM32F4xx_HAL_Driver/Src/stm32f4xx_hal_i2s.o
 .text.I2S_DMAError
                0x08004112       0x4c ./Drivers/STM32F4xx_HAL_Driver/Src/stm32f4xx_hal_i2s.o
 .text.I2S_Transmit_IT
                0x0800415e       0x5c ./Drivers/STM32F4xx_HAL_Driver/Src/stm32f4xx_hal_i2s.o
 .text.I2S_Receive_IT
                0x080041ba       0x5e ./Drivers/STM32F4xx_HAL_Driver/Src/stm32f4xx_hal_i2s.o
 .text.I2S_IRQHandler
                0x08004218      0x114 ./Drivers/STM32F4xx_HAL_Driver/Src/stm32f4xx_hal_i2s.o
 .text.HAL_I2SEx_FullDuplex_IRQHandler
                0x0800432c      0x2a8 ./Drivers/STM32F4xx_HAL_Driver/Src/stm32f4xx_hal_i2s_ex.o
                0x0800432c                HAL_I2SEx_FullDuplex_IRQHandler
 .text.HAL_I2SEx_TxRxCpltCallback
                0x080045d4       0x14 ./Drivers/STM32F4xx_HAL_Driver/Src/stm32f4xx_hal_i2s_ex.o
                0x080045d4                HAL_I2SEx_TxRxCpltCallback
 .text.I2SEx_TxISR_I2S
                0x080045e8       0x62 ./Drivers/STM32F4xx_HAL_Driver/Src/stm32f4xx_hal_i2s_ex.o
 *fill*         0x0800464a        0x2 
 .text.I2SEx_TxISR_I2SExt
                0x0800464c       0x98 ./Drivers/STM32F4xx_HAL_Driver/Src/stm32f4xx_hal_i2s_ex.o
 .text.I2SEx_RxISR_I2S
                0x080046e4       0x64 ./Drivers/STM32F4xx_HAL_Driver/Src/stm32f4xx_hal_i2s_ex.o
 .text.I2SEx_RxISR_I2SExt
                0x08004748       0x98 ./Drivers/STM32F4xx_HAL_Driver/Src/stm32f4xx_hal_i2s_ex.o
 .text.HAL_RCC_OscConfig
                0x080047e0      0x4f0 ./Drivers/STM32F4xx_HAL_Driver/Src/stm32f4xx_hal_rcc.o
                0x080047e0                HAL_RCC_OscConfig
 .text.HAL_RCC_ClockConfig
                0x08004cd0      0x1cc ./Drivers/STM32F4xx_HAL_Driver/Src/stm32f4xx_hal_rcc.o
                0x08004cd0                HAL_RCC_ClockConfig
 .text.HAL_RCC_GetSysClockFreq
                0x08004e9c      0x20c ./Drivers/STM32F4xx_HAL_Driver/Src/stm32f4xx_hal_rcc.o
                0x08004e9c                HAL_RCC_GetSysClockFreq
 .text.HAL_RCCEx_PeriphCLKConfig
                0x080050a8      0x1dc ./Drivers/STM32F4xx_HAL_Driver/Src/stm32f4xx_hal_rcc_ex.o
                0x080050a8                HAL_RCCEx_PeriphCLKConfig
 .text.HAL_RCCEx_GetPeriphCLKFreq
                0x08005284       0xc0 ./Drivers/STM32F4xx_HAL_Driver/Src/stm32f4xx_hal_rcc_ex.o
                0x08005284                HAL_RCCEx_GetPeriphCLKFreq
 .text.HAL_SPI_Init
                0x08005344      0x112 ./Drivers/STM32F4xx_HAL_Driver/Src/stm32f4xx_hal_spi.o
                0x08005344                HAL_SPI_Init
 .text.HAL_SPI_Transmit
                0x08005456      0x288 ./Drivers/STM32F4xx_HAL_Driver/Src/stm32f4xx_hal_spi.o
                0x08005456                HAL_SPI_Transmit
 .text.HAL_SPI_Receive
                0x080056de      0x232 ./Drivers/STM32F4xx_HAL_Driver/Src/stm32f4xx_hal_spi.o
                0x080056de                HAL_SPI_Receive
 .text.HAL_SPI_TransmitReceive
                0x08005910      0x352 ./Drivers/STM32F4xx_HAL_Driver/Src/stm32f4xx_hal_spi.o
                0x08005910                HAL_SPI_TransmitReceive
 .text.HAL_SPI_GetState
                0x08005c62       0x1c ./Drivers/STM32F4xx_HAL_Driver/Src/stm32f4xx_hal_spi.o
                0x08005c62                HAL_SPI_GetState
 *fill*         0x08005c7e        0x2 
 .text.SPI_WaitFlagStateUntilTimeout
                0x08005c80      0x110 ./Drivers/STM32F4xx_HAL_Driver/Src/stm32f4xx_hal_spi.o
 .text.SPI_EndRxTransaction
                0x08005d90       0xca ./Drivers/STM32F4xx_HAL_Driver/Src/stm32f4xx_hal_spi.o
 *fill*         0x08005e5a        0x2 
 .text.SPI_EndRxTxTransaction
                0x08005e5c       0xa8 ./Drivers/STM32F4xx_HAL_Driver/Src/stm32f4xx_hal_spi.o
 .text.HAL_TIM_Base_Init
                0x08005f04       0x9e ./Drivers/STM32F4xx_HAL_Driver/Src/stm32f4xx_hal_tim.o
                0x08005f04                HAL_TIM_Base_Init
 *fill*         0x08005fa2        0x2 
 .text.HAL_TIM_Base_Start
                0x08005fa4       0xb4 ./Drivers/STM32F4xx_HAL_Driver/Src/stm32f4xx_hal_tim.o
                0x08005fa4                HAL_TIM_Base_Start
 .text.HAL_TIM_PWM_Init
                0x08006058       0x9e ./Drivers/STM32F4xx_HAL_Driver/Src/stm32f4xx_hal_tim.o
                0x08006058                HAL_TIM_PWM_Init
 *fill*         0x080060f6        0x2 
 .text.HAL_TIM_PWM_ConfigChannel
                0x080060f8      0x184 ./Drivers/STM32F4xx_HAL_Driver/Src/stm32f4xx_hal_tim.o
                0x080060f8                HAL_TIM_PWM_ConfigChannel
 .text.HAL_TIM_ConfigClockSource
                0x0800627c      0x18e ./Drivers/STM32F4xx_HAL_Driver/Src/stm32f4xx_hal_tim.o
                0x0800627c                HAL_TIM_ConfigClockSource
 *fill*         0x0800640a        0x2 
 .text.TIM_Base_SetConfig
                0x0800640c      0x118 ./Drivers/STM32F4xx_HAL_Driver/Src/stm32f4xx_hal_tim.o
                0x0800640c                TIM_Base_SetConfig
 .text.TIM_OC1_SetConfig
                0x08006524       0xcc ./Drivers/STM32F4xx_HAL_Driver/Src/stm32f4xx_hal_tim.o
 .text.TIM_OC2_SetConfig
                0x080065f0       0xd8 ./Drivers/STM32F4xx_HAL_Driver/Src/stm32f4xx_hal_tim.o
                0x080065f0                TIM_OC2_SetConfig
 .text.TIM_OC3_SetConfig
                0x080066c8       0xd4 ./Drivers/STM32F4xx_HAL_Driver/Src/stm32f4xx_hal_tim.o
 .text.TIM_OC4_SetConfig
                0x0800679c       0xa0 ./Drivers/STM32F4xx_HAL_Driver/Src/stm32f4xx_hal_tim.o
 .text.TIM_TI1_ConfigInputStage
                0x0800683c       0x5e ./Drivers/STM32F4xx_HAL_Driver/Src/stm32f4xx_hal_tim.o
 .text.TIM_TI2_ConfigInputStage
                0x0800689a       0x60 ./Drivers/STM32F4xx_HAL_Driver/Src/stm32f4xx_hal_tim.o
 .text.TIM_ITRx_SetConfig
                0x080068fa       0x36 ./Drivers/STM32F4xx_HAL_Driver/Src/stm32f4xx_hal_tim.o
 .text.TIM_ETR_SetConfig
                0x08006930       0x40 ./Drivers/STM32F4xx_HAL_Driver/Src/stm32f4xx_hal_tim.o
                0x08006930                TIM_ETR_SetConfig
 .text.HAL_TIMEx_MasterConfigSynchronization
                0x08006970       0xdc ./Drivers/STM32F4xx_HAL_Driver/Src/stm32f4xx_hal_tim_ex.o
                0x08006970                HAL_TIMEx_MasterConfigSynchronization
 .text.swapfunc
                0x08006a4c       0x32 /Applications/STM32CubeIDE.app/Contents/Eclipse/plugins/com.st.stm32cube.ide.mcu.externaltools.gnu-tools-for-stm32.13.3.rel1.macos64_1.0.0.202411102158/tools/bin/../lib/gcc/arm-none-eabi/13.3.1/../../../../arm-none-eabi/lib/thumb/v7e-m+fp/hard/libc_nano.a(libc_a-qsort.o)
 .text.med3.constprop.0
                0x08006a7e       0x40 /Applications/STM32CubeIDE.app/Contents/Eclipse/plugins/com.st.stm32cube.ide.mcu.externaltools.gnu-tools-for-stm32.13.3.rel1.macos64_1.0.0.202411102158/tools/bin/../lib/gcc/arm-none-eabi/13.3.1/../../../../arm-none-eabi/lib/thumb/v7e-m+fp/hard/libc_nano.a(libc_a-qsort.o)
 .text.qsort    0x08006abe      0x28e /Applications/STM32CubeIDE.app/Contents/Eclipse/plugins/com.st.stm32cube.ide.mcu.externaltools.gnu-tools-for-stm32.13.3.rel1.macos64_1.0.0.202411102158/tools/bin/../lib/gcc/arm-none-eabi/13.3.1/../../../../arm-none-eabi/lib/thumb/v7e-m+fp/hard/libc_nano.a(libc_a-qsort.o)
                0x08006abe                qsort
 .text.memset   0x08006d4c       0x10 /Applications/STM32CubeIDE.app/Contents/Eclipse/plugins/com.st.stm32cube.ide.mcu.externaltools.gnu-tools-for-stm32.13.3.rel1.macos64_1.0.0.202411102158/tools/bin/../lib/gcc/arm-none-eabi/13.3.1/../../../../arm-none-eabi/lib/thumb/v7e-m+fp/hard/libc_nano.a(libc_a-memset.o)
                0x08006d4c                memset
 .text.__libc_init_array
                0x08006d5c       0x48 /Applications/STM32CubeIDE.app/Contents/Eclipse/plugins/com.st.stm32cube.ide.mcu.externaltools.gnu-tools-for-stm32.13.3.rel1.macos64_1.0.0.202411102158/tools/bin/../lib/gcc/arm-none-eabi/13.3.1/../../../../arm-none-eabi/lib/thumb/v7e-m+fp/hard/libc_nano.a(libc_a-init.o)
                0x08006d5c                __libc_init_array
 .text.memcpy   0x08006da4       0x1c /Applications/STM32CubeIDE.app/Contents/Eclipse/plugins/com.st.stm32cube.ide.mcu.externaltools.gnu-tools-for-stm32.13.3.rel1.macos64_1.0.0.202411102158/tools/bin/../lib/gcc/arm-none-eabi/13.3.1/../../../../arm-none-eabi/lib/thumb/v7e-m+fp/hard/libc_nano.a(libc_a-memcpy-stub.o)
                0x08006da4                memcpy
 *(.glue_7)
 .glue_7        0x08006dc0        0x0 linker stubs
 *(.glue_7t)
 .glue_7t       0x08006dc0        0x0 linker stubs
 *(.eh_frame)
 .eh_frame      0x08006dc0        0x0 /Applications/STM32CubeIDE.app/Contents/Eclipse/plugins/com.st.stm32cube.ide.mcu.externaltools.gnu-tools-for-stm32.13.3.rel1.macos64_1.0.0.202411102158/tools/bin/../lib/gcc/arm-none-eabi/13.3.1/thumb/v7e-m+fp/hard/crtbegin.o
 *(.init)
 .init          0x08006dc0        0x4 /Applications/STM32CubeIDE.app/Contents/Eclipse/plugins/com.st.stm32cube.ide.mcu.externaltools.gnu-tools-for-stm32.13.3.rel1.macos64_1.0.0.202411102158/tools/bin/../lib/gcc/arm-none-eabi/13.3.1/thumb/v7e-m+fp/hard/crti.o
                0x08006dc0                _init
 .init          0x08006dc4        0x8 /Applications/STM32CubeIDE.app/Contents/Eclipse/plugins/com.st.stm32cube.ide.mcu.externaltools.gnu-tools-for-stm32.13.3.rel1.macos64_1.0.0.202411102158/tools/bin/../lib/gcc/arm-none-eabi/13.3.1/thumb/v7e-m+fp/hard/crtn.o
 *(.fini)
 .fini          0x08006dcc        0x4 /Applications/STM32CubeIDE.app/Contents/Eclipse/plugins/com.st.stm32cube.ide.mcu.externaltools.gnu-tools-for-stm32.13.3.rel1.macos64_1.0.0.202411102158/tools/bin/../lib/gcc/arm-none-eabi/13.3.1/thumb/v7e-m+fp/hard/crti.o
                0x08006dcc                _fini
 .fini          0x08006dd0        0x8 /Applications/STM32CubeIDE.app/Contents/Eclipse/plugins/com.st.stm32cube.ide.mcu.externaltools.gnu-tools-for-stm32.13.3.rel1.macos64_1.0.0.202411102158/tools/bin/../lib/gcc/arm-none-eabi/13.3.1/thumb/v7e-m+fp/hard/crtn.o
                0x08006dd8                        . = ALIGN (0x4)
                0x08006dd8                        _etext = .

.vfp11_veneer   0x08006dd8        0x0
 .vfp11_veneer  0x08006dd8        0x0 linker stubs

.v4_bx          0x08006dd8        0x0
 .v4_bx         0x08006dd8        0x0 linker stubs

.iplt           0x08006dd8        0x0
 .iplt          0x08006dd8        0x0 /Applications/STM32CubeIDE.app/Contents/Eclipse/plugins/com.st.stm32cube.ide.mcu.externaltools.gnu-tools-for-stm32.13.3.rel1.macos64_1.0.0.202411102158/tools/bin/../lib/gcc/arm-none-eabi/13.3.1/thumb/v7e-m+fp/hard/crtbegin.o

.rodata         0x08006dd8    0x6f0e0
                0x08006dd8                        . = ALIGN (0x4)
 *(.rodata)
 *(.rodata*)
 .rodata.startup_sound
                0x08006dd8    0x6f0c8 ./Core/Src/main.o
                0x08006dd8                startup_sound
 .rodata.AHBPrescTable
                0x08075ea0       0x10 ./Core/Src/system_stm32f4xx.o
                0x08075ea0                AHBPrescTable
 .rodata.flagBitshiftOffset.0
                0x08075eb0        0x8 ./Drivers/STM32F4xx_HAL_Driver/Src/stm32f4xx_hal_dma.o
                0x08075eb8                        . = ALIGN (0x4)

.ARM.extab      0x08075eb8        0x0
                0x08075eb8                        . = ALIGN (0x4)
 *(.ARM.extab* .gnu.linkonce.armextab.*)
                0x08075eb8                        . = ALIGN (0x4)

.ARM            0x08075eb8        0x8
                0x08075eb8                        . = ALIGN (0x4)
                0x08075eb8                        __exidx_start = .
 *(.ARM.exidx*)
 .ARM.exidx     0x08075eb8        0x8 /Applications/STM32CubeIDE.app/Contents/Eclipse/plugins/com.st.stm32cube.ide.mcu.externaltools.gnu-tools-for-stm32.13.3.rel1.macos64_1.0.0.202411102158/tools/bin/../lib/gcc/arm-none-eabi/13.3.1/thumb/v7e-m+fp/hard/libgcc.a(_udivmoddi4.o)
                0x08075ec0                        __exidx_end = .
                0x08075ec0                        . = ALIGN (0x4)

.preinit_array  0x08075ec0        0x0
                0x08075ec0                        . = ALIGN (0x4)
                0x08075ec0                        PROVIDE (__preinit_array_start = .)
 *(.preinit_array*)
                0x08075ec0                        PROVIDE (__preinit_array_end = .)
                0x08075ec0                        . = ALIGN (0x4)

.init_array     0x08075ec0        0x4
                0x08075ec0                        . = ALIGN (0x4)
                0x08075ec0                        PROVIDE (__init_array_start = .)
 *(SORT_BY_NAME(.init_array.*))
 *(.init_array*)
 .init_array    0x08075ec0        0x4 /Applications/STM32CubeIDE.app/Contents/Eclipse/plugins/com.st.stm32cube.ide.mcu.externaltools.gnu-tools-for-stm32.13.3.rel1.macos64_1.0.0.202411102158/tools/bin/../lib/gcc/arm-none-eabi/13.3.1/thumb/v7e-m+fp/hard/crtbegin.o
                0x08075ec4                        PROVIDE (__init_array_end = .)
                0x08075ec4                        . = ALIGN (0x4)

.fini_array     0x08075ec4        0x4
                0x08075ec4                        . = ALIGN (0x4)
                [!provide]                        PROVIDE (__fini_array_start = .)
 *(SORT_BY_NAME(.fini_array.*))
 *(.fini_array*)
 .fini_array    0x08075ec4        0x4 /Applications/STM32CubeIDE.app/Contents/Eclipse/plugins/com.st.stm32cube.ide.mcu.externaltools.gnu-tools-for-stm32.13.3.rel1.macos64_1.0.0.202411102158/tools/bin/../lib/gcc/arm-none-eabi/13.3.1/thumb/v7e-m+fp/hard/crtbegin.o
                [!provide]                        PROVIDE (__fini_array_end = .)
                0x08075ec8                        . = ALIGN (0x4)
                0x08075ec8                        _sidata = LOADADDR (.data)

.rel.dyn        0x08075ec8        0x0
 .rel.iplt      0x08075ec8        0x0 /Applications/STM32CubeIDE.app/Contents/Eclipse/plugins/com.st.stm32cube.ide.mcu.externaltools.gnu-tools-for-stm32.13.3.rel1.macos64_1.0.0.202411102158/tools/bin/../lib/gcc/arm-none-eabi/13.3.1/thumb/v7e-m+fp/hard/crtbegin.o

.data           0x20000000       0x14 load address 0x08075ec8
                0x20000000                        . = ALIGN (0x4)
                0x20000000                        _sdata = .
 *(.data)
 *(.data*)
 .data.cross_check_plausible
                0x20000000        0x2 ./Core/Src/main.o
                0x20000000                cross_check_plausible
 .data.bse_plausible
                0x20000002        0x2 ./Core/Src/main.o
                0x20000002                bse_plausible
 .data.apps_plausible
                0x20000004        0x2 ./Core/Src/main.o
                0x20000004                apps_plausible
 .data.dma_read_complete
                0x20000006        0x1 ./Core/Src/main.o
                0x20000006                dma_read_complete
 *fill*         0x20000007        0x1 
 .data.SystemCoreClock
                0x20000008        0x4 ./Core/Src/system_stm32f4xx.o
                0x20000008                SystemCoreClock
 .data.uwTickPrio
                0x2000000c        0x4 ./Drivers/STM32F4xx_HAL_Driver/Src/stm32f4xx_hal.o
                0x2000000c                uwTickPrio
 .data.uwTickFreq
                0x20000010        0x1 ./Drivers/STM32F4xx_HAL_Driver/Src/stm32f4xx_hal.o
                0x20000010                uwTickFreq
 *(.RamFunc)
 *(.RamFunc*)
                0x20000014                        . = ALIGN (0x4)
 *fill*         0x20000011        0x3 
                0x20000014                        _edata = .

.igot.plt       0x20000014        0x0 load address 0x08075edc
 .igot.plt      0x20000014        0x0 /Applications/STM32CubeIDE.app/Contents/Eclipse/plugins/com.st.stm32cube.ide.mcu.externaltools.gnu-tools-for-stm32.13.3.rel1.macos64_1.0.0.202411102158/tools/bin/../lib/gcc/arm-none-eabi/13.3.1/thumb/v7e-m+fp/hard/crtbegin.o
                0x20000014                        . = ALIGN (0x4)

.bss            0x20000014      0x380 load address 0x08075edc
                0x20000014                        _sbss = .
                0x20000014                        __bss_start__ = _sbss
 *(.bss)
 .bss           0x20000014       0x1c /Applications/STM32CubeIDE.app/Contents/Eclipse/plugins/com.st.stm32cube.ide.mcu.externaltools.gnu-tools-for-stm32.13.3.rel1.macos64_1.0.0.202411102158/tools/bin/../lib/gcc/arm-none-eabi/13.3.1/thumb/v7e-m+fp/hard/crtbegin.o
 *(.bss*)
 .bss.ctrlStatus
                0x20000030        0x4 ./Core/Src/CANSPI.o
                0x20000030                ctrlStatus
 .bss.idReg     0x20000034        0x4 ./Core/Src/CANSPI.o
                0x20000034                idReg
 .bss.bseFilt.0
                0x20000038        0x2 ./Core/Src/main.o
 .bss.shutdownState
                0x2000003a        0x1 ./Core/Src/main.o
                0x2000003a                shutdownState
 *fill*         0x2000003b        0x1 
 .bss.penis     0x2000003c        0x4 ./Core/Src/main.o
                0x2000003c                penis
 .bss.startPrechargeTime
                0x20000040        0x4 ./Core/Src/main.o
                0x20000040                startPrechargeTime
 .bss.paininmyass
                0x20000044        0x4 ./Core/Src/main.o
                0x20000044                paininmyass
 .bss.penispenispenis
                0x20000048        0x4 ./Core/Src/main.o
                0x20000048                penispenispenis
 .bss.waveFinished
                0x2000004c        0x1 ./Core/Src/main.o
 *fill*         0x2000004d        0x3 
 .bss.halfwordCount
                0x20000050        0x4 ./Core/Src/main.o
 .bss.wavePCM   0x20000054        0x4 ./Core/Src/main.o
 .bss.wavPos    0x20000058        0x4 ./Core/Src/main.o
 .bss.inverter_diagnostics
                0x2000005c        0x8 ./Core/Src/main.o
                0x2000005c                inverter_diagnostics
 .bss.bms_diagnostics
                0x20000064        0x6 ./Core/Src/main.o
                0x20000064                bms_diagnostics
 .bss.RTDButtonState
                0x2000006a        0x1 ./Core/Src/main.o
                0x2000006a                RTDButtonState
 .bss.prechargeButtonState
                0x2000006b        0x1 ./Core/Src/main.o
                0x2000006b                prechargeButtonState
 .bss.millis_precharge
                0x2000006c        0x4 ./Core/Src/main.o
                0x2000006c                millis_precharge
 .bss.prechargeFinished
                0x20000070        0x1 ./Core/Src/main.o
                0x20000070                prechargeFinished
 .bss.prechargeState
                0x20000071        0x1 ./Core/Src/main.o
                0x20000071                prechargeState
 *fill*         0x20000072        0x2 
 .bss.millis_RTD
                0x20000074        0x4 ./Core/Src/main.o
                0x20000074                millis_RTD
 .bss.RTDButtonPressedDuration
                0x20000078        0x4 ./Core/Src/main.o
                0x20000078                RTDButtonPressedDuration
 .bss.rtdState  0x2000007c        0x1 ./Core/Src/main.o
                0x2000007c                rtdState
 .bss.readyToDrive
                0x2000007d        0x1 ./Core/Src/main.o
                0x2000007d                readyToDrive
 *fill*         0x2000007e        0x2 
 .bss.bse_as_percent
                0x20000080        0x4 ./Core/Src/main.o
                0x20000080                bse_as_percent
 .bss.apps2_as_percent
                0x20000084        0x4 ./Core/Src/main.o
                0x20000084                apps2_as_percent
 .bss.apps1_as_percent
                0x20000088        0x4 ./Core/Src/main.o
                0x20000088                apps1_as_percent
 .bss.millis_since_bse_implausible
                0x2000008c        0x4 ./Core/Src/main.o
                0x2000008c                millis_since_bse_implausible
 .bss.millis_since_apps_implausible
                0x20000090        0x4 ./Core/Src/main.o
                0x20000090                millis_since_apps_implausible
 .bss.beginTorqueRequests
                0x20000094        0x1 ./Core/Src/main.o
                0x20000094                beginTorqueRequests
 *fill*         0x20000095        0x3 
 .bss.finalTorqueRequest
                0x20000098        0x4 ./Core/Src/main.o
                0x20000098                finalTorqueRequest
 .bss.lastRequestedTorque
                0x2000009c        0x4 ./Core/Src/main.o
                0x2000009c                lastRequestedTorque
 .bss.requestedTorque
                0x200000a0        0x4 ./Core/Src/main.o
                0x200000a0                requestedTorque
 .bss.adcBufferIndex
                0x200000a4        0x1 ./Core/Src/main.o
                0x200000a4                adcBufferIndex
 *fill*         0x200000a5        0x3 
 .bss.bseBuffer
                0x200000a8       0x1c ./Core/Src/main.o
                0x200000a8                bseBuffer
 .bss.apps2Buffer
                0x200000c4       0x1c ./Core/Src/main.o
                0x200000c4                apps2Buffer
 .bss.apps1Buffer
                0x200000e0       0x1c ./Core/Src/main.o
                0x200000e0                apps1Buffer
 .bss.millis_since_dma_read
                0x200000fc        0x4 ./Core/Src/main.o
                0x200000fc                millis_since_dma_read
 .bss.bseValue  0x20000100        0x4 ./Core/Src/main.o
                0x20000100                bseValue
 .bss.apps2Value
                0x20000104        0x4 ./Core/Src/main.o
                0x20000104                apps2Value
 .bss.apps1Value
                0x20000108        0x4 ./Core/Src/main.o
                0x20000108                apps1Value
 .bss.ADC_Reads
                0x2000010c        0xc ./Core/Src/main.o
                0x2000010c                ADC_Reads
 .bss.diagMessage
                0x20000118       0x14 ./Core/Src/main.o
                0x20000118                diagMessage
 .bss.rxMessage
                0x2000012c       0x14 ./Core/Src/main.o
                0x2000012c                rxMessage
 .bss.torqueRequestMessage
                0x20000140       0x14 ./Core/Src/main.o
                0x20000140                torqueRequestMessage
 .bss.htim4     0x20000154       0x48 ./Core/Src/main.o
                0x20000154                htim4
 .bss.htim3     0x2000019c       0x48 ./Core/Src/main.o
                0x2000019c                htim3
 .bss.hspi3     0x200001e4       0x58 ./Core/Src/main.o
                0x200001e4                hspi3
 .bss.hdma_spi2_tx
                0x2000023c       0x60 ./Core/Src/main.o
                0x2000023c                hdma_spi2_tx
 .bss.hi2s2     0x2000029c       0x48 ./Core/Src/main.o
                0x2000029c                hi2s2
 .bss.hdma_adc1
                0x200002e4       0x60 ./Core/Src/main.o
                0x200002e4                hdma_adc1
 .bss.hadc1     0x20000344       0x48 ./Core/Src/main.o
                0x20000344                hadc1
 .bss.rtdoverride
                0x2000038c        0x1 ./Core/Src/main.o
                0x2000038c                rtdoverride
 *fill*         0x2000038d        0x3 
 .bss.uwTick    0x20000390        0x4 ./Drivers/STM32F4xx_HAL_Driver/Src/stm32f4xx_hal.o
                0x20000390                uwTick
 *(COMMON)
                0x20000394                        . = ALIGN (0x4)
                0x20000394                        _ebss = .
                0x20000394                        __bss_end__ = _ebss

._user_heap_stack
                0x20000394      0x604 load address 0x08075edc
                0x20000398                        . = ALIGN (0x8)
 *fill*         0x20000394        0x4 
                [!provide]                        PROVIDE (end = .)
                0x20000398                        PROVIDE (_end = .)
                0x20000598                        . = (. + _Min_Heap_Size)
 *fill*         0x20000398      0x200 
                0x20000998                        . = (. + _Min_Stack_Size)
 *fill*         0x20000598      0x400 
                0x20000998                        . = ALIGN (0x8)

/DISCARD/
 libc.a(*)
 libm.a(*)
 libgcc.a(*)

.ARM.attributes
                0x00000000       0x30
 *(.ARM.attributes)
 .ARM.attributes
                0x00000000       0x22 /Applications/STM32CubeIDE.app/Contents/Eclipse/plugins/com.st.stm32cube.ide.mcu.externaltools.gnu-tools-for-stm32.13.3.rel1.macos64_1.0.0.202411102158/tools/bin/../lib/gcc/arm-none-eabi/13.3.1/thumb/v7e-m+fp/hard/crti.o
 .ARM.attributes
                0x00000022       0x34 /Applications/STM32CubeIDE.app/Contents/Eclipse/plugins/com.st.stm32cube.ide.mcu.externaltools.gnu-tools-for-stm32.13.3.rel1.macos64_1.0.0.202411102158/tools/bin/../lib/gcc/arm-none-eabi/13.3.1/thumb/v7e-m+fp/hard/crtbegin.o
 .ARM.attributes
                0x00000056       0x34 ./Core/Src/CANSPI.o
 .ARM.attributes
                0x0000008a       0x34 ./Core/Src/main.o
 .ARM.attributes
                0x000000be       0x34 ./Core/Src/mcp2515.o
 .ARM.attributes
                0x000000f2       0x34 ./Core/Src/stm32f4xx_hal_msp.o
 .ARM.attributes
                0x00000126       0x34 ./Core/Src/stm32f4xx_it.o
 .ARM.attributes
                0x0000015a       0x34 ./Core/Src/system_stm32f4xx.o
 .ARM.attributes
                0x0000018e       0x21 ./Core/Startup/startup_stm32f401retx.o
 .ARM.attributes
                0x000001af       0x34 ./Drivers/STM32F4xx_HAL_Driver/Src/stm32f4xx_hal.o
 .ARM.attributes
                0x000001e3       0x34 ./Drivers/STM32F4xx_HAL_Driver/Src/stm32f4xx_hal_adc.o
 .ARM.attributes
                0x00000217       0x34 ./Drivers/STM32F4xx_HAL_Driver/Src/stm32f4xx_hal_adc_ex.o
 .ARM.attributes
                0x0000024b       0x34 ./Drivers/STM32F4xx_HAL_Driver/Src/stm32f4xx_hal_cortex.o
 .ARM.attributes
                0x0000027f       0x34 ./Drivers/STM32F4xx_HAL_Driver/Src/stm32f4xx_hal_dma.o
 .ARM.attributes
                0x000002b3       0x34 ./Drivers/STM32F4xx_HAL_Driver/Src/stm32f4xx_hal_gpio.o
 .ARM.attributes
                0x000002e7       0x34 ./Drivers/STM32F4xx_HAL_Driver/Src/stm32f4xx_hal_i2s.o
 .ARM.attributes
                0x0000031b       0x34 ./Drivers/STM32F4xx_HAL_Driver/Src/stm32f4xx_hal_i2s_ex.o
 .ARM.attributes
                0x0000034f       0x34 ./Drivers/STM32F4xx_HAL_Driver/Src/stm32f4xx_hal_rcc.o
 .ARM.attributes
                0x00000383       0x34 ./Drivers/STM32F4xx_HAL_Driver/Src/stm32f4xx_hal_rcc_ex.o
 .ARM.attributes
                0x000003b7       0x34 ./Drivers/STM32F4xx_HAL_Driver/Src/stm32f4xx_hal_spi.o
 .ARM.attributes
                0x000003eb       0x34 ./Drivers/STM32F4xx_HAL_Driver/Src/stm32f4xx_hal_tim.o
 .ARM.attributes
                0x0000041f       0x34 ./Drivers/STM32F4xx_HAL_Driver/Src/stm32f4xx_hal_tim_ex.o
 .ARM.attributes
                0x00000453       0x34 /Applications/STM32CubeIDE.app/Contents/Eclipse/plugins/com.st.stm32cube.ide.mcu.externaltools.gnu-tools-for-stm32.13.3.rel1.macos64_1.0.0.202411102158/tools/bin/../lib/gcc/arm-none-eabi/13.3.1/../../../../arm-none-eabi/lib/thumb/v7e-m+fp/hard/libc_nano.a(libc_a-qsort.o)
 .ARM.attributes
                0x00000487       0x34 /Applications/STM32CubeIDE.app/Contents/Eclipse/plugins/com.st.stm32cube.ide.mcu.externaltools.gnu-tools-for-stm32.13.3.rel1.macos64_1.0.0.202411102158/tools/bin/../lib/gcc/arm-none-eabi/13.3.1/../../../../arm-none-eabi/lib/thumb/v7e-m+fp/hard/libc_nano.a(libc_a-memset.o)
 .ARM.attributes
                0x000004bb       0x34 /Applications/STM32CubeIDE.app/Contents/Eclipse/plugins/com.st.stm32cube.ide.mcu.externaltools.gnu-tools-for-stm32.13.3.rel1.macos64_1.0.0.202411102158/tools/bin/../lib/gcc/arm-none-eabi/13.3.1/../../../../arm-none-eabi/lib/thumb/v7e-m+fp/hard/libc_nano.a(libc_a-init.o)
 .ARM.attributes
                0x000004ef       0x34 /Applications/STM32CubeIDE.app/Contents/Eclipse/plugins/com.st.stm32cube.ide.mcu.externaltools.gnu-tools-for-stm32.13.3.rel1.macos64_1.0.0.202411102158/tools/bin/../lib/gcc/arm-none-eabi/13.3.1/../../../../arm-none-eabi/lib/thumb/v7e-m+fp/hard/libc_nano.a(libc_a-memcpy-stub.o)
 .ARM.attributes
                0x00000523       0x22 /Applications/STM32CubeIDE.app/Contents/Eclipse/plugins/com.st.stm32cube.ide.mcu.externaltools.gnu-tools-for-stm32.13.3.rel1.macos64_1.0.0.202411102158/tools/bin/../lib/gcc/arm-none-eabi/13.3.1/thumb/v7e-m+fp/hard/libgcc.a(_aeabi_uldivmod.o)
 .ARM.attributes
                0x00000545       0x34 /Applications/STM32CubeIDE.app/Contents/Eclipse/plugins/com.st.stm32cube.ide.mcu.externaltools.gnu-tools-for-stm32.13.3.rel1.macos64_1.0.0.202411102158/tools/bin/../lib/gcc/arm-none-eabi/13.3.1/thumb/v7e-m+fp/hard/libgcc.a(_udivmoddi4.o)
 .ARM.attributes
                0x00000579       0x22 /Applications/STM32CubeIDE.app/Contents/Eclipse/plugins/com.st.stm32cube.ide.mcu.externaltools.gnu-tools-for-stm32.13.3.rel1.macos64_1.0.0.202411102158/tools/bin/../lib/gcc/arm-none-eabi/13.3.1/thumb/v7e-m+fp/hard/libgcc.a(_dvmd_tls.o)
 .ARM.attributes
                0x0000059b       0x22 /Applications/STM32CubeIDE.app/Contents/Eclipse/plugins/com.st.stm32cube.ide.mcu.externaltools.gnu-tools-for-stm32.13.3.rel1.macos64_1.0.0.202411102158/tools/bin/../lib/gcc/arm-none-eabi/13.3.1/thumb/v7e-m+fp/hard/crtn.o
OUTPUT(mk10-vcu.elf elf32-littlearm)
LOAD linker stubs
LOAD /Applications/STM32CubeIDE.app/Contents/Eclipse/plugins/com.st.stm32cube.ide.mcu.externaltools.gnu-tools-for-stm32.13.3.rel1.macos64_1.0.0.202411102158/tools/bin/../lib/gcc/arm-none-eabi/13.3.1/../../../../arm-none-eabi/lib/thumb/v7e-m+fp/hard/libc.a
LOAD /Applications/STM32CubeIDE.app/Contents/Eclipse/plugins/com.st.stm32cube.ide.mcu.externaltools.gnu-tools-for-stm32.13.3.rel1.macos64_1.0.0.202411102158/tools/bin/../lib/gcc/arm-none-eabi/13.3.1/../../../../arm-none-eabi/lib/thumb/v7e-m+fp/hard/libm.a
LOAD /Applications/STM32CubeIDE.app/Contents/Eclipse/plugins/com.st.stm32cube.ide.mcu.externaltools.gnu-tools-for-stm32.13.3.rel1.macos64_1.0.0.202411102158/tools/bin/../lib/gcc/arm-none-eabi/13.3.1/thumb/v7e-m+fp/hard/libgcc.a

.debug_info     0x00000000    0x12743
 .debug_info    0x00000000      0xb66 ./Core/Src/CANSPI.o
 .debug_info    0x00000b66     0x364c ./Core/Src/main.o
 .debug_info    0x000041b2      0xb3c ./Core/Src/mcp2515.o
 .debug_info    0x00004cee     0x1636 ./Core/Src/stm32f4xx_hal_msp.o
 .debug_info    0x00006324      0x65e ./Core/Src/stm32f4xx_it.o
 .debug_info    0x00006982      0x53e ./Core/Src/system_stm32f4xx.o
 .debug_info    0x00006ec0       0x30 ./Core/Startup/startup_stm32f401retx.o
 .debug_info    0x00006ef0      0x8bb ./Drivers/STM32F4xx_HAL_Driver/Src/stm32f4xx_hal.o
 .debug_info    0x000077ab      0xcd1 ./Drivers/STM32F4xx_HAL_Driver/Src/stm32f4xx_hal_adc.o
 .debug_info    0x0000847c      0xb56 ./Drivers/STM32F4xx_HAL_Driver/Src/stm32f4xx_hal_adc_ex.o
 .debug_info    0x00008fd2      0xcf6 ./Drivers/STM32F4xx_HAL_Driver/Src/stm32f4xx_hal_cortex.o
 .debug_info    0x00009cc8      0x8e6 ./Drivers/STM32F4xx_HAL_Driver/Src/stm32f4xx_hal_dma.o
 .debug_info    0x0000a5ae      0x6f9 ./Drivers/STM32F4xx_HAL_Driver/Src/stm32f4xx_hal_gpio.o
 .debug_info    0x0000aca7      0xdfd ./Drivers/STM32F4xx_HAL_Driver/Src/stm32f4xx_hal_i2s.o
 .debug_info    0x0000baa4      0xaa4 ./Drivers/STM32F4xx_HAL_Driver/Src/stm32f4xx_hal_i2s_ex.o
 .debug_info    0x0000c548      0x8f1 ./Drivers/STM32F4xx_HAL_Driver/Src/stm32f4xx_hal_rcc.o
 .debug_info    0x0000ce39      0x570 ./Drivers/STM32F4xx_HAL_Driver/Src/stm32f4xx_hal_rcc_ex.o
 .debug_info    0x0000d3a9     0x1530 ./Drivers/STM32F4xx_HAL_Driver/Src/stm32f4xx_hal_spi.o
 .debug_info    0x0000e8d9     0x2996 ./Drivers/STM32F4xx_HAL_Driver/Src/stm32f4xx_hal_tim.o
 .debug_info    0x0001126f     0x14d4 ./Drivers/STM32F4xx_HAL_Driver/Src/stm32f4xx_hal_tim_ex.o

.debug_abbrev   0x00000000     0x2bc2
 .debug_abbrev  0x00000000      0x20c ./Core/Src/CANSPI.o
 .debug_abbrev  0x0000020c      0x3bc ./Core/Src/main.o
 .debug_abbrev  0x000005c8      0x289 ./Core/Src/mcp2515.o
 .debug_abbrev  0x00000851      0x27c ./Core/Src/stm32f4xx_hal_msp.o
 .debug_abbrev  0x00000acd      0x13a ./Core/Src/stm32f4xx_it.o
 .debug_abbrev  0x00000c07      0x11a ./Core/Src/system_stm32f4xx.o
 .debug_abbrev  0x00000d21       0x24 ./Core/Startup/startup_stm32f401retx.o
 .debug_abbrev  0x00000d45      0x24b ./Drivers/STM32F4xx_HAL_Driver/Src/stm32f4xx_hal.o
 .debug_abbrev  0x00000f90      0x20e ./Drivers/STM32F4xx_HAL_Driver/Src/stm32f4xx_hal_adc.o
 .debug_abbrev  0x0000119e      0x22c ./Drivers/STM32F4xx_HAL_Driver/Src/stm32f4xx_hal_adc_ex.o
 .debug_abbrev  0x000013ca      0x31d ./Drivers/STM32F4xx_HAL_Driver/Src/stm32f4xx_hal_cortex.o
 .debug_abbrev  0x000016e7      0x221 ./Drivers/STM32F4xx_HAL_Driver/Src/stm32f4xx_hal_dma.o
 .debug_abbrev  0x00001908      0x1d3 ./Drivers/STM32F4xx_HAL_Driver/Src/stm32f4xx_hal_gpio.o
 .debug_abbrev  0x00001adb      0x265 ./Drivers/STM32F4xx_HAL_Driver/Src/stm32f4xx_hal_i2s.o
 .debug_abbrev  0x00001d40      0x285 ./Drivers/STM32F4xx_HAL_Driver/Src/stm32f4xx_hal_i2s_ex.o
 .debug_abbrev  0x00001fc5      0x2b6 ./Drivers/STM32F4xx_HAL_Driver/Src/stm32f4xx_hal_rcc.o
 .debug_abbrev  0x0000227b      0x1b0 ./Drivers/STM32F4xx_HAL_Driver/Src/stm32f4xx_hal_rcc_ex.o
 .debug_abbrev  0x0000242b      0x276 ./Drivers/STM32F4xx_HAL_Driver/Src/stm32f4xx_hal_spi.o
 .debug_abbrev  0x000026a1      0x28b ./Drivers/STM32F4xx_HAL_Driver/Src/stm32f4xx_hal_tim.o
 .debug_abbrev  0x0000292c      0x296 ./Drivers/STM32F4xx_HAL_Driver/Src/stm32f4xx_hal_tim_ex.o

.debug_aranges  0x00000000     0x1190
 .debug_aranges
                0x00000000       0x80 ./Core/Src/CANSPI.o
 .debug_aranges
                0x00000080      0x128 ./Core/Src/main.o
 .debug_aranges
                0x000001a8       0xc0 ./Core/Src/mcp2515.o
 .debug_aranges
                0x00000268       0x78 ./Core/Src/stm32f4xx_hal_msp.o
 .debug_aranges
                0x000002e0       0x78 ./Core/Src/stm32f4xx_it.o
 .debug_aranges
                0x00000358       0x28 ./Core/Src/system_stm32f4xx.o
 .debug_aranges
                0x00000380       0x28 ./Core/Startup/startup_stm32f401retx.o
 .debug_aranges
                0x000003a8       0xf0 ./Drivers/STM32F4xx_HAL_Driver/Src/stm32f4xx_hal.o
 .debug_aranges
                0x00000498       0xe8 ./Drivers/STM32F4xx_HAL_Driver/Src/stm32f4xx_hal_adc.o
 .debug_aranges
                0x00000580       0x90 ./Drivers/STM32F4xx_HAL_Driver/Src/stm32f4xx_hal_adc_ex.o
 .debug_aranges
                0x00000610      0x130 ./Drivers/STM32F4xx_HAL_Driver/Src/stm32f4xx_hal_cortex.o
 .debug_aranges
                0x00000740       0x90 ./Drivers/STM32F4xx_HAL_Driver/Src/stm32f4xx_hal_dma.o
 .debug_aranges
                0x000007d0       0x58 ./Drivers/STM32F4xx_HAL_Driver/Src/stm32f4xx_hal_gpio.o
 .debug_aranges
                0x00000828      0x108 ./Drivers/STM32F4xx_HAL_Driver/Src/stm32f4xx_hal_i2s.o
 .debug_aranges
                0x00000930       0x88 ./Drivers/STM32F4xx_HAL_Driver/Src/stm32f4xx_hal_i2s_ex.o
 .debug_aranges
                0x000009b8       0x88 ./Drivers/STM32F4xx_HAL_Driver/Src/stm32f4xx_hal_rcc.o
 .debug_aranges
                0x00000a40       0x48 ./Drivers/STM32F4xx_HAL_Driver/Src/stm32f4xx_hal_rcc_ex.o
 .debug_aranges
                0x00000a88      0x1d0 ./Drivers/STM32F4xx_HAL_Driver/Src/stm32f4xx_hal_spi.o
 .debug_aranges
                0x00000c58      0x3d0 ./Drivers/STM32F4xx_HAL_Driver/Src/stm32f4xx_hal_tim.o
 .debug_aranges
                0x00001028      0x168 ./Drivers/STM32F4xx_HAL_Driver/Src/stm32f4xx_hal_tim_ex.o

.debug_rnglists
                0x00000000      0xdbe
 .debug_rnglists
                0x00000000       0x5f ./Core/Src/CANSPI.o
 .debug_rnglists
                0x0000005f      0x111 ./Core/Src/main.o
 .debug_rnglists
                0x00000170       0x8b ./Core/Src/mcp2515.o
 .debug_rnglists
                0x000001fb       0x58 ./Core/Src/stm32f4xx_hal_msp.o
 .debug_rnglists
                0x00000253       0x55 ./Core/Src/stm32f4xx_it.o
 .debug_rnglists
                0x000002a8       0x1a ./Core/Src/system_stm32f4xx.o
 .debug_rnglists
                0x000002c2       0x19 ./Core/Startup/startup_stm32f401retx.o
 .debug_rnglists
                0x000002db       0xaf ./Drivers/STM32F4xx_HAL_Driver/Src/stm32f4xx_hal.o
 .debug_rnglists
                0x0000038a       0xb5 ./Drivers/STM32F4xx_HAL_Driver/Src/stm32f4xx_hal_adc.o
 .debug_rnglists
                0x0000043f       0x71 ./Drivers/STM32F4xx_HAL_Driver/Src/stm32f4xx_hal_adc_ex.o
 .debug_rnglists
                0x000004b0       0xe0 ./Drivers/STM32F4xx_HAL_Driver/Src/stm32f4xx_hal_cortex.o
 .debug_rnglists
                0x00000590       0x70 ./Drivers/STM32F4xx_HAL_Driver/Src/stm32f4xx_hal_dma.o
 .debug_rnglists
                0x00000600       0x3f ./Drivers/STM32F4xx_HAL_Driver/Src/stm32f4xx_hal_gpio.o
 .debug_rnglists
                0x0000063f       0xcc ./Drivers/STM32F4xx_HAL_Driver/Src/stm32f4xx_hal_i2s.o
 .debug_rnglists
                0x0000070b       0x6a ./Drivers/STM32F4xx_HAL_Driver/Src/stm32f4xx_hal_i2s_ex.o
 .debug_rnglists
                0x00000775       0x66 ./Drivers/STM32F4xx_HAL_Driver/Src/stm32f4xx_hal_rcc.o
 .debug_rnglists
                0x000007db       0x35 ./Drivers/STM32F4xx_HAL_Driver/Src/stm32f4xx_hal_rcc_ex.o
 .debug_rnglists
                0x00000810      0x16f ./Drivers/STM32F4xx_HAL_Driver/Src/stm32f4xx_hal_spi.o
 .debug_rnglists
                0x0000097f      0x31a ./Drivers/STM32F4xx_HAL_Driver/Src/stm32f4xx_hal_tim.o
 .debug_rnglists
                0x00000c99      0x125 ./Drivers/STM32F4xx_HAL_Driver/Src/stm32f4xx_hal_tim_ex.o

.debug_macro    0x00000000    0x198c5
 .debug_macro   0x00000000      0x23f ./Core/Src/CANSPI.o
 .debug_macro   0x0000023f      0xad8 ./Core/Src/CANSPI.o
 .debug_macro   0x00000d17       0x22 ./Core/Src/CANSPI.o
 .debug_macro   0x00000d39      0x2a7 ./Core/Src/CANSPI.o
 .debug_macro   0x00000fe0       0x2e ./Core/Src/CANSPI.o
 .debug_macro   0x0000100e       0x28 ./Core/Src/CANSPI.o
 .debug_macro   0x00001036       0x22 ./Core/Src/CANSPI.o
 .debug_macro   0x00001058       0x8e ./Core/Src/CANSPI.o
 .debug_macro   0x000010e6       0x51 ./Core/Src/CANSPI.o
 .debug_macro   0x00001137      0x103 ./Core/Src/CANSPI.o
 .debug_macro   0x0000123a       0x6a ./Core/Src/CANSPI.o
 .debug_macro   0x000012a4      0x1df ./Core/Src/CANSPI.o
 .debug_macro   0x00001483       0x1c ./Core/Src/CANSPI.o
 .debug_macro   0x0000149f       0x22 ./Core/Src/CANSPI.o
 .debug_macro   0x000014c1       0xfb ./Core/Src/CANSPI.o
 .debug_macro   0x000015bc     0x1011 ./Core/Src/CANSPI.o
 .debug_macro   0x000025cd      0x11f ./Core/Src/CANSPI.o
 .debug_macro   0x000026ec     0xb86c ./Core/Src/CANSPI.o
 .debug_macro   0x0000df58       0x6d ./Core/Src/CANSPI.o
 .debug_macro   0x0000dfc5     0x369a ./Core/Src/CANSPI.o
 .debug_macro   0x0001165f      0x190 ./Core/Src/CANSPI.o
 .debug_macro   0x000117ef       0x5c ./Core/Src/CANSPI.o
 .debug_macro   0x0001184b      0x416 ./Core/Src/CANSPI.o
 .debug_macro   0x00011c61      0x9e9 ./Core/Src/CANSPI.o
 .debug_macro   0x0001264a      0x115 ./Core/Src/CANSPI.o
 .debug_macro   0x0001275f       0xf8 ./Core/Src/CANSPI.o
 .debug_macro   0x00012857       0xa5 ./Core/Src/CANSPI.o
 .debug_macro   0x000128fc      0x15f ./Core/Src/CANSPI.o
 .debug_macro   0x00012a5b      0x287 ./Core/Src/CANSPI.o
 .debug_macro   0x00012ce2       0x5f ./Core/Src/CANSPI.o
 .debug_macro   0x00012d41      0x236 ./Core/Src/CANSPI.o
 .debug_macro   0x00012f77      0x9e1 ./Core/Src/CANSPI.o
 .debug_macro   0x00013958      0x38b ./Core/Src/CANSPI.o
 .debug_macro   0x00013ce3      0x176 ./Core/Src/CANSPI.o
 .debug_macro   0x00013e59       0xf9 ./Core/Src/CANSPI.o
 .debug_macro   0x00013f52      0x132 ./Core/Src/CANSPI.o
 .debug_macro   0x00014084      0x264 ./Core/Src/CANSPI.o
 .debug_macro   0x000142e8       0x2e ./Core/Src/CANSPI.o
 .debug_macro   0x00014316      0x1a7 ./Core/Src/CANSPI.o
 .debug_macro   0x000144bd       0x46 ./Core/Src/CANSPI.o
 .debug_macro   0x00014503       0x4a ./Core/Src/CANSPI.o
 .debug_macro   0x0001454d      0x127 ./Core/Src/CANSPI.o
 .debug_macro   0x00014674       0x85 ./Core/Src/CANSPI.o
 .debug_macro   0x000146f9       0x89 ./Core/Src/CANSPI.o
 .debug_macro   0x00014782      0x225 ./Core/Src/CANSPI.o
 .debug_macro   0x000149a7      0x8ed ./Core/Src/CANSPI.o
 .debug_macro   0x00015294       0x47 ./Core/Src/CANSPI.o
 .debug_macro   0x000152db      0x126 ./Core/Src/CANSPI.o
 .debug_macro   0x00015401      0x106 ./Core/Src/CANSPI.o
 .debug_macro   0x00015507       0x10 ./Core/Src/CANSPI.o
 .debug_macro   0x00015517      0x1ba ./Core/Src/CANSPI.o
 .debug_macro   0x000156d1      0x3ca ./Core/Src/main.o
 .debug_macro   0x00015a9b      0xad8 ./Core/Src/main.o
 .debug_macro   0x00016573       0x2a ./Core/Src/main.o
 .debug_macro   0x0001659d       0x61 ./Core/Src/main.o
 .debug_macro   0x000165fe       0x43 ./Core/Src/main.o
 .debug_macro   0x00016641       0x34 ./Core/Src/main.o
 .debug_macro   0x00016675       0x16 ./Core/Src/main.o
 .debug_macro   0x0001668b       0x3c ./Core/Src/main.o
 .debug_macro   0x000166c7      0x370 ./Core/Src/main.o
 .debug_macro   0x00016a37       0x16 ./Core/Src/main.o
 .debug_macro   0x00016a4d       0x4a ./Core/Src/main.o
 .debug_macro   0x00016a97       0x34 ./Core/Src/main.o
 .debug_macro   0x00016acb       0x10 ./Core/Src/main.o
 .debug_macro   0x00016adb       0x58 ./Core/Src/main.o
 .debug_macro   0x00016b33       0x8e ./Core/Src/main.o
 .debug_macro   0x00016bc1       0x1c ./Core/Src/main.o
 .debug_macro   0x00016bdd      0x185 ./Core/Src/main.o
 .debug_macro   0x00016d62       0x16 ./Core/Src/main.o
 .debug_macro   0x00016d78       0x29 ./Core/Src/main.o
 .debug_macro   0x00016da1      0x19b ./Core/Src/main.o
 .debug_macro   0x00016f3c       0x1c ./Core/Src/main.o
 .debug_macro   0x00016f58       0x10 ./Core/Src/main.o
 .debug_macro   0x00016f68       0x1c ./Core/Src/main.o
 .debug_macro   0x00016f84       0x16 ./Core/Src/main.o
 .debug_macro   0x00016f9a      0x146 ./Core/Src/main.o
 .debug_macro   0x000170e0       0x16 ./Core/Src/main.o
 .debug_macro   0x000170f6       0x20 ./Core/Src/main.o
 .debug_macro   0x00017116       0x28 ./Core/Src/main.o
 .debug_macro   0x0001713e      0x1ba ./Core/Src/main.o
 .debug_macro   0x000172f8      0x258 ./Core/Src/mcp2515.o
 .debug_macro   0x00017550      0x1b4 ./Core/Src/mcp2515.o
 .debug_macro   0x00017704      0x21e ./Core/Src/stm32f4xx_hal_msp.o
 .debug_macro   0x00017922      0x228 ./Core/Src/stm32f4xx_it.o
 .debug_macro   0x00017b4a      0x20f ./Core/Src/system_stm32f4xx.o
 .debug_macro   0x00017d59      0x26f ./Drivers/STM32F4xx_HAL_Driver/Src/stm32f4xx_hal.o
 .debug_macro   0x00017fc8      0x210 ./Drivers/STM32F4xx_HAL_Driver/Src/stm32f4xx_hal_adc.o
 .debug_macro   0x000181d8      0x20f ./Drivers/STM32F4xx_HAL_Driver/Src/stm32f4xx_hal_adc_ex.o
 .debug_macro   0x000183e7      0x20f ./Drivers/STM32F4xx_HAL_Driver/Src/stm32f4xx_hal_cortex.o
 .debug_macro   0x000185f6      0x215 ./Drivers/STM32F4xx_HAL_Driver/Src/stm32f4xx_hal_dma.o
 .debug_macro   0x0001880b      0x215 ./Drivers/STM32F4xx_HAL_Driver/Src/stm32f4xx_hal_gpio.o
 .debug_macro   0x00018a20      0x217 ./Drivers/STM32F4xx_HAL_Driver/Src/stm32f4xx_hal_i2s.o
 .debug_macro   0x00018c37      0x20f ./Drivers/STM32F4xx_HAL_Driver/Src/stm32f4xx_hal_i2s_ex.o
 .debug_macro   0x00018e46      0x233 ./Drivers/STM32F4xx_HAL_Driver/Src/stm32f4xx_hal_rcc.o
 .debug_macro   0x00019079      0x20f ./Drivers/STM32F4xx_HAL_Driver/Src/stm32f4xx_hal_rcc_ex.o
 .debug_macro   0x00019288      0x21e ./Drivers/STM32F4xx_HAL_Driver/Src/stm32f4xx_hal_spi.o
 .debug_macro   0x000194a6      0x210 ./Drivers/STM32F4xx_HAL_Driver/Src/stm32f4xx_hal_tim.o
 .debug_macro   0x000196b6      0x20f ./Drivers/STM32F4xx_HAL_Driver/Src/stm32f4xx_hal_tim_ex.o

.debug_line     0x00000000    0x14b63
 .debug_line    0x00000000      0xad1 ./Core/Src/CANSPI.o
 .debug_line    0x00000ad1     0x1e9d ./Core/Src/main.o
 .debug_line    0x0000296e      0xa8b ./Core/Src/mcp2515.o
 .debug_line    0x000033f9      0x95b ./Core/Src/stm32f4xx_hal_msp.o
 .debug_line    0x00003d54      0x849 ./Core/Src/stm32f4xx_it.o
 .debug_line    0x0000459d      0x7d7 ./Core/Src/system_stm32f4xx.o
 .debug_line    0x00004d74       0x7a ./Core/Startup/startup_stm32f401retx.o
 .debug_line    0x00004dee      0xa44 ./Drivers/STM32F4xx_HAL_Driver/Src/stm32f4xx_hal.o
 .debug_line    0x00005832     0x118c ./Drivers/STM32F4xx_HAL_Driver/Src/stm32f4xx_hal_adc.o
 .debug_line    0x000069be      0xe8e ./Drivers/STM32F4xx_HAL_Driver/Src/stm32f4xx_hal_adc_ex.o
 .debug_line    0x0000784c      0xd14 ./Drivers/STM32F4xx_HAL_Driver/Src/stm32f4xx_hal_cortex.o
 .debug_line    0x00008560      0xfb0 ./Drivers/STM32F4xx_HAL_Driver/Src/stm32f4xx_hal_dma.o
 .debug_line    0x00009510      0xb60 ./Drivers/STM32F4xx_HAL_Driver/Src/stm32f4xx_hal_gpio.o
 .debug_line    0x0000a070     0x139c ./Drivers/STM32F4xx_HAL_Driver/Src/stm32f4xx_hal_i2s.o
 .debug_line    0x0000b40c     0x1294 ./Drivers/STM32F4xx_HAL_Driver/Src/stm32f4xx_hal_i2s_ex.o
 .debug_line    0x0000c6a0      0xe53 ./Drivers/STM32F4xx_HAL_Driver/Src/stm32f4xx_hal_rcc.o
 .debug_line    0x0000d4f3      0xacd ./Drivers/STM32F4xx_HAL_Driver/Src/stm32f4xx_hal_rcc_ex.o
 .debug_line    0x0000dfc0     0x1cd9 ./Drivers/STM32F4xx_HAL_Driver/Src/stm32f4xx_hal_spi.o
 .debug_line    0x0000fc99     0x358b ./Drivers/STM32F4xx_HAL_Driver/Src/stm32f4xx_hal_tim.o
 .debug_line    0x00013224     0x193f ./Drivers/STM32F4xx_HAL_Driver/Src/stm32f4xx_hal_tim_ex.o

.debug_str      0x00000000    0x9ce93
 .debug_str     0x00000000    0x9ce93 ./Core/Src/CANSPI.o
                              0x93b5b (size before relaxing)
 .debug_str     0x0009ce93    0x99534 ./Core/Src/main.o
 .debug_str     0x0009ce93    0x93c1d ./Core/Src/mcp2515.o
 .debug_str     0x0009ce93    0x93f42 ./Core/Src/stm32f4xx_hal_msp.o
 .debug_str     0x0009ce93    0x93298 ./Core/Src/stm32f4xx_it.o
 .debug_str     0x0009ce93    0x92b88 ./Core/Src/system_stm32f4xx.o
 .debug_str     0x0009ce93       0x85 ./Core/Startup/startup_stm32f401retx.o
 .debug_str     0x0009ce93    0x935aa ./Drivers/STM32F4xx_HAL_Driver/Src/stm32f4xx_hal.o
 .debug_str     0x0009ce93    0x93163 ./Drivers/STM32F4xx_HAL_Driver/Src/stm32f4xx_hal_adc.o
 .debug_str     0x0009ce93    0x931b7 ./Drivers/STM32F4xx_HAL_Driver/Src/stm32f4xx_hal_adc_ex.o
 .debug_str     0x0009ce93    0x93314 ./Drivers/STM32F4xx_HAL_Driver/Src/stm32f4xx_hal_cortex.o
 .debug_str     0x0009ce93    0x92f90 ./Drivers/STM32F4xx_HAL_Driver/Src/stm32f4xx_hal_dma.o
 .debug_str     0x0009ce93    0x92d03 ./Drivers/STM32F4xx_HAL_Driver/Src/stm32f4xx_hal_gpio.o
 .debug_str     0x0009ce93    0x93167 ./Drivers/STM32F4xx_HAL_Driver/Src/stm32f4xx_hal_i2s.o
 .debug_str     0x0009ce93    0x93062 ./Drivers/STM32F4xx_HAL_Driver/Src/stm32f4xx_hal_i2s_ex.o
 .debug_str     0x0009ce93    0x92fbc ./Drivers/STM32F4xx_HAL_Driver/Src/stm32f4xx_hal_rcc.o
 .debug_str     0x0009ce93    0x92ceb ./Drivers/STM32F4xx_HAL_Driver/Src/stm32f4xx_hal_rcc_ex.o
 .debug_str     0x0009ce93    0x93434 ./Drivers/STM32F4xx_HAL_Driver/Src/stm32f4xx_hal_spi.o
 .debug_str     0x0009ce93    0x93f00 ./Drivers/STM32F4xx_HAL_Driver/Src/stm32f4xx_hal_tim.o
 .debug_str     0x0009ce93    0x9370c ./Drivers/STM32F4xx_HAL_Driver/Src/stm32f4xx_hal_tim_ex.o

.comment        0x00000000       0x43
 .comment       0x00000000       0x43 ./Core/Src/CANSPI.o
                                 0x44 (size before relaxing)
 .comment       0x00000043       0x44 ./Core/Src/main.o
 .comment       0x00000043       0x44 ./Core/Src/mcp2515.o
 .comment       0x00000043       0x44 ./Core/Src/stm32f4xx_hal_msp.o
 .comment       0x00000043       0x44 ./Core/Src/stm32f4xx_it.o
 .comment       0x00000043       0x44 ./Core/Src/system_stm32f4xx.o
 .comment       0x00000043       0x44 ./Drivers/STM32F4xx_HAL_Driver/Src/stm32f4xx_hal.o
 .comment       0x00000043       0x44 ./Drivers/STM32F4xx_HAL_Driver/Src/stm32f4xx_hal_adc.o
 .comment       0x00000043       0x44 ./Drivers/STM32F4xx_HAL_Driver/Src/stm32f4xx_hal_adc_ex.o
 .comment       0x00000043       0x44 ./Drivers/STM32F4xx_HAL_Driver/Src/stm32f4xx_hal_cortex.o
 .comment       0x00000043       0x44 ./Drivers/STM32F4xx_HAL_Driver/Src/stm32f4xx_hal_dma.o
 .comment       0x00000043       0x44 ./Drivers/STM32F4xx_HAL_Driver/Src/stm32f4xx_hal_gpio.o
 .comment       0x00000043       0x44 ./Drivers/STM32F4xx_HAL_Driver/Src/stm32f4xx_hal_i2s.o
 .comment       0x00000043       0x44 ./Drivers/STM32F4xx_HAL_Driver/Src/stm32f4xx_hal_i2s_ex.o
 .comment       0x00000043       0x44 ./Drivers/STM32F4xx_HAL_Driver/Src/stm32f4xx_hal_rcc.o
 .comment       0x00000043       0x44 ./Drivers/STM32F4xx_HAL_Driver/Src/stm32f4xx_hal_rcc_ex.o
 .comment       0x00000043       0x44 ./Drivers/STM32F4xx_HAL_Driver/Src/stm32f4xx_hal_spi.o
 .comment       0x00000043       0x44 ./Drivers/STM32F4xx_HAL_Driver/Src/stm32f4xx_hal_tim.o
 .comment       0x00000043       0x44 ./Drivers/STM32F4xx_HAL_Driver/Src/stm32f4xx_hal_tim_ex.o

.debug_frame    0x00000000     0x490c
 .debug_frame   0x00000000      0x1d8 ./Core/Src/CANSPI.o
 .debug_frame   0x000001d8      0x368 ./Core/Src/main.o
 .debug_frame   0x00000540      0x2fc ./Core/Src/mcp2515.o
 .debug_frame   0x0000083c      0x1d0 ./Core/Src/stm32f4xx_hal_msp.o
 .debug_frame   0x00000a0c      0x158 ./Core/Src/stm32f4xx_it.o
 .debug_frame   0x00000b64       0x58 ./Core/Src/system_stm32f4xx.o
 .debug_frame   0x00000bbc      0x374 ./Drivers/STM32F4xx_HAL_Driver/Src/stm32f4xx_hal.o
 .debug_frame   0x00000f30      0x3fc ./Drivers/STM32F4xx_HAL_Driver/Src/stm32f4xx_hal_adc.o
 .debug_frame   0x0000132c      0x250 ./Drivers/STM32F4xx_HAL_Driver/Src/stm32f4xx_hal_adc_ex.o
 .debug_frame   0x0000157c      0x508 ./Drivers/STM32F4xx_HAL_Driver/Src/stm32f4xx_hal_cortex.o
 .debug_frame   0x00001a84      0x250 ./Drivers/STM32F4xx_HAL_Driver/Src/stm32f4xx_hal_dma.o
 .debug_frame   0x00001cd4      0x14c ./Drivers/STM32F4xx_HAL_Driver/Src/stm32f4xx_hal_gpio.o
 .debug_frame   0x00001e20      0x484 ./Drivers/STM32F4xx_HAL_Driver/Src/stm32f4xx_hal_i2s.o
 .debug_frame   0x000022a4      0x220 ./Drivers/STM32F4xx_HAL_Driver/Src/stm32f4xx_hal_i2s_ex.o
 .debug_frame   0x000024c4      0x1f4 ./Drivers/STM32F4xx_HAL_Driver/Src/stm32f4xx_hal_rcc.o
 .debug_frame   0x000026b8       0xf0 ./Drivers/STM32F4xx_HAL_Driver/Src/stm32f4xx_hal_rcc_ex.o
 .debug_frame   0x000027a8      0x828 ./Drivers/STM32F4xx_HAL_Driver/Src/stm32f4xx_hal_spi.o
 .debug_frame   0x00002fd0     0x11b8 ./Drivers/STM32F4xx_HAL_Driver/Src/stm32f4xx_hal_tim.o
 .debug_frame   0x00004188      0x638 ./Drivers/STM32F4xx_HAL_Driver/Src/stm32f4xx_hal_tim_ex.o
 .debug_frame   0x000047c0       0x78 /Applications/STM32CubeIDE.app/Contents/Eclipse/plugins/com.st.stm32cube.ide.mcu.externaltools.gnu-tools-for-stm32.13.3.rel1.macos64_1.0.0.202411102158/tools/bin/../lib/gcc/arm-none-eabi/13.3.1/../../../../arm-none-eabi/lib/thumb/v7e-m+fp/hard/libc_nano.a(libc_a-qsort.o)
 .debug_frame   0x00004838       0x20 /Applications/STM32CubeIDE.app/Contents/Eclipse/plugins/com.st.stm32cube.ide.mcu.externaltools.gnu-tools-for-stm32.13.3.rel1.macos64_1.0.0.202411102158/tools/bin/../lib/gcc/arm-none-eabi/13.3.1/../../../../arm-none-eabi/lib/thumb/v7e-m+fp/hard/libc_nano.a(libc_a-memset.o)
 .debug_frame   0x00004858       0x2c /Applications/STM32CubeIDE.app/Contents/Eclipse/plugins/com.st.stm32cube.ide.mcu.externaltools.gnu-tools-for-stm32.13.3.rel1.macos64_1.0.0.202411102158/tools/bin/../lib/gcc/arm-none-eabi/13.3.1/../../../../arm-none-eabi/lib/thumb/v7e-m+fp/hard/libc_nano.a(libc_a-init.o)
 .debug_frame   0x00004884       0x28 /Applications/STM32CubeIDE.app/Contents/Eclipse/plugins/com.st.stm32cube.ide.mcu.externaltools.gnu-tools-for-stm32.13.3.rel1.macos64_1.0.0.202411102158/tools/bin/../lib/gcc/arm-none-eabi/13.3.1/../../../../arm-none-eabi/lib/thumb/v7e-m+fp/hard/libc_nano.a(libc_a-memcpy-stub.o)
 .debug_frame   0x000048ac       0x2c /Applications/STM32CubeIDE.app/Contents/Eclipse/plugins/com.st.stm32cube.ide.mcu.externaltools.gnu-tools-for-stm32.13.3.rel1.macos64_1.0.0.202411102158/tools/bin/../lib/gcc/arm-none-eabi/13.3.1/thumb/v7e-m+fp/hard/libgcc.a(_aeabi_uldivmod.o)
 .debug_frame   0x000048d8       0x34 /Applications/STM32CubeIDE.app/Contents/Eclipse/plugins/com.st.stm32cube.ide.mcu.externaltools.gnu-tools-for-stm32.13.3.rel1.macos64_1.0.0.202411102158/tools/bin/../lib/gcc/arm-none-eabi/13.3.1/thumb/v7e-m+fp/hard/libgcc.a(_udivmoddi4.o)

.debug_loclists
                0x00000000      0x461
 .debug_loclists
                0x00000000      0x461 ./Core/Src/main.o

.debug_line_str
                0x00000000       0x69
 .debug_line_str
                0x00000000       0x69 ./Core/Startup/startup_stm32f401retx.o
