Archive member included to satisfy reference by file (symbol)

/Applications/STM32CubeIDE.app/Contents/Eclipse/plugins/com.st.stm32cube.ide.mcu.externaltools.gnu-tools-for-stm32.12.3.rel1.macos64_1.1.0.202410301201/tools/bin/../lib/gcc/arm-none-eabi/12.3.1/../../../../arm-none-eabi/lib/thumb/v7e-m+fp/hard/libc_nano.a(libc_a-exit.o)
                              /Applications/STM32CubeIDE.app/Contents/Eclipse/plugins/com.st.stm32cube.ide.mcu.externaltools.gnu-tools-for-stm32.12.3.rel1.macos64_1.1.0.202410301201/tools/bin/../lib/gcc/arm-none-eabi/12.3.1/../../../../arm-none-eabi/lib/thumb/v7e-m+fp/hard/crt0.o (exit)
/Applications/STM32CubeIDE.app/Contents/Eclipse/plugins/com.st.stm32cube.ide.mcu.externaltools.gnu-tools-for-stm32.12.3.rel1.macos64_1.1.0.202410301201/tools/bin/../lib/gcc/arm-none-eabi/12.3.1/../../../../arm-none-eabi/lib/thumb/v7e-m+fp/hard/libc_nano.a(libc_a-findfp.o)
                              /Applications/STM32CubeIDE.app/Contents/Eclipse/plugins/com.st.stm32cube.ide.mcu.externaltools.gnu-tools-for-stm32.12.3.rel1.macos64_1.1.0.202410301201/tools/bin/../lib/gcc/arm-none-eabi/12.3.1/../../../../arm-none-eabi/lib/thumb/v7e-m+fp/hard/libc_nano.a(libc_a-exit.o) (__stdio_exit_handler)
/Applications/STM32CubeIDE.app/Contents/Eclipse/plugins/com.st.stm32cube.ide.mcu.externaltools.gnu-tools-for-stm32.12.3.rel1.macos64_1.1.0.202410301201/tools/bin/../lib/gcc/arm-none-eabi/12.3.1/../../../../arm-none-eabi/lib/thumb/v7e-m+fp/hard/libc_nano.a(libc_a-fwalk.o)
                              /Applications/STM32CubeIDE.app/Contents/Eclipse/plugins/com.st.stm32cube.ide.mcu.externaltools.gnu-tools-for-stm32.12.3.rel1.macos64_1.1.0.202410301201/tools/bin/../lib/gcc/arm-none-eabi/12.3.1/../../../../arm-none-eabi/lib/thumb/v7e-m+fp/hard/libc_nano.a(libc_a-findfp.o) (_fwalk_sglue)
/Applications/STM32CubeIDE.app/Contents/Eclipse/plugins/com.st.stm32cube.ide.mcu.externaltools.gnu-tools-for-stm32.12.3.rel1.macos64_1.1.0.202410301201/tools/bin/../lib/gcc/arm-none-eabi/12.3.1/../../../../arm-none-eabi/lib/thumb/v7e-m+fp/hard/libc_nano.a(libc_a-memset.o)
                              /Applications/STM32CubeIDE.app/Contents/Eclipse/plugins/com.st.stm32cube.ide.mcu.externaltools.gnu-tools-for-stm32.12.3.rel1.macos64_1.1.0.202410301201/tools/bin/../lib/gcc/arm-none-eabi/12.3.1/../../../../arm-none-eabi/lib/thumb/v7e-m+fp/hard/crt0.o (memset)
/Applications/STM32CubeIDE.app/Contents/Eclipse/plugins/com.st.stm32cube.ide.mcu.externaltools.gnu-tools-for-stm32.12.3.rel1.macos64_1.1.0.202410301201/tools/bin/../lib/gcc/arm-none-eabi/12.3.1/../../../../arm-none-eabi/lib/thumb/v7e-m+fp/hard/libc_nano.a(libc_a-impure.o)
                              /Applications/STM32CubeIDE.app/Contents/Eclipse/plugins/com.st.stm32cube.ide.mcu.externaltools.gnu-tools-for-stm32.12.3.rel1.macos64_1.1.0.202410301201/tools/bin/../lib/gcc/arm-none-eabi/12.3.1/../../../../arm-none-eabi/lib/thumb/v7e-m+fp/hard/libc_nano.a(libc_a-findfp.o) (_impure_data)
/Applications/STM32CubeIDE.app/Contents/Eclipse/plugins/com.st.stm32cube.ide.mcu.externaltools.gnu-tools-for-stm32.12.3.rel1.macos64_1.1.0.202410301201/tools/bin/../lib/gcc/arm-none-eabi/12.3.1/../../../../arm-none-eabi/lib/thumb/v7e-m+fp/hard/libc_nano.a(libc_a-errno.o)
                              ./Core/Src/syscalls.o (__errno)
/Applications/STM32CubeIDE.app/Contents/Eclipse/plugins/com.st.stm32cube.ide.mcu.externaltools.gnu-tools-for-stm32.12.3.rel1.macos64_1.1.0.202410301201/tools/bin/../lib/gcc/arm-none-eabi/12.3.1/../../../../arm-none-eabi/lib/thumb/v7e-m+fp/hard/libc_nano.a(libc_a-init.o)
                              /Applications/STM32CubeIDE.app/Contents/Eclipse/plugins/com.st.stm32cube.ide.mcu.externaltools.gnu-tools-for-stm32.12.3.rel1.macos64_1.1.0.202410301201/tools/bin/../lib/gcc/arm-none-eabi/12.3.1/../../../../arm-none-eabi/lib/thumb/v7e-m+fp/hard/crt0.o (__libc_init_array)
/Applications/STM32CubeIDE.app/Contents/Eclipse/plugins/com.st.stm32cube.ide.mcu.externaltools.gnu-tools-for-stm32.12.3.rel1.macos64_1.1.0.202410301201/tools/bin/../lib/gcc/arm-none-eabi/12.3.1/../../../../arm-none-eabi/lib/thumb/v7e-m+fp/hard/libc_nano.a(libc_a-lock.o)
                              /Applications/STM32CubeIDE.app/Contents/Eclipse/plugins/com.st.stm32cube.ide.mcu.externaltools.gnu-tools-for-stm32.12.3.rel1.macos64_1.1.0.202410301201/tools/bin/../lib/gcc/arm-none-eabi/12.3.1/../../../../arm-none-eabi/lib/thumb/v7e-m+fp/hard/libc_nano.a(libc_a-findfp.o) (__retarget_lock_init_recursive)
/Applications/STM32CubeIDE.app/Contents/Eclipse/plugins/com.st.stm32cube.ide.mcu.externaltools.gnu-tools-for-stm32.12.3.rel1.macos64_1.1.0.202410301201/tools/bin/../lib/gcc/arm-none-eabi/12.3.1/../../../../arm-none-eabi/lib/thumb/v7e-m+fp/hard/libc_nano.a(libc_a-mallocr.o)
[...]
Memory Configuration

Name             Origin             Length             Attributes
RAM              0x20000000         0x00018000         xrw
FLASH            0x08000000         0x00080000         xr
*default*        0x00000000         0xffffffff

Linker script and memory map

LOAD /Applications/STM32CubeIDE.app/Contents/Eclipse/plugins/com.st.stm32cube.ide.mcu.externaltools.gnu-tools-for-stm32.12.3.rel1.macos64_1.1.0.202410301201/tools/bin/../lib/gcc/arm-none-eabi/12.3.1/thumb/v7e-m+fp/hard/crti.o
LOAD /Applications/STM32CubeIDE.app/Contents/Eclipse/plugins/com.st.stm32cube.ide.mcu.externaltools.gnu-tools-for-stm32.12.3.rel1.macos64_1.1.0.202410301201/tools/bin/../lib/gcc/arm-none-eabi/12.3.1/thumb/v7e-m+fp/hard/crtbegin.o
LOAD /Applications/STM32CubeIDE.app/Contents/Eclipse/plugins/com.st.stm32cube.ide.mcu.externaltools.gnu-tools-for-stm32.12.3.rel1.macos64_1.1.0.202410301201/tools/bin/../lib/gcc/arm-none-eabi/12.3.1/../../../../arm-none-eabi/lib/thumb/v7e-m+fp/hard/crt0.o
LOAD ./Core/Src/CANSPI.o
LOAD ./Core/Src/gpio.o
LOAD ./Core/Src/main.o
LOAD ./Core/Src/mcp2515.o
LOAD ./Core/Src/stm32f4xx_hal_msp.o
LOAD ./Core/Src/stm32f4xx_it.o
LOAD ./Core/Src/syscalls.o
LOAD ./Core/Src/sysmem.o
LOAD ./Core/Src/system_stm32f4xx.o
LOAD ./Core/Startup/startup_stm32f401retx.o
LOAD ./Drivers/STM32F4xx_HAL_Driver/Src/stm32f4xx_hal.o
LOAD ./Drivers/STM32F4xx_HAL_Driver/Src/stm32f4xx_hal_adc.o
LOAD ./Drivers/STM32F4xx_HAL_Driver/Src/stm32f4xx_hal_adc_ex.o
LOAD ./Drivers/STM32F4xx_HAL_Driver/Src/stm32f4xx_hal_cortex.o
LOAD ./Drivers/STM32F4xx_HAL_Driver/Src/stm32f4xx_hal_dma.o
LOAD ./Drivers/STM32F4xx_HAL_Driver/Src/stm32f4xx_hal_dma_ex.o
LOAD ./Drivers/STM32F4xx_HAL_Driver/Src/stm32f4xx_hal_exti.o
LOAD ./Drivers/STM32F4xx_HAL_Driver/Src/stm32f4xx_hal_flash.o
LOAD ./Drivers/STM32F4xx_HAL_Driver/Src/stm32f4xx_hal_flash_ex.o
LOAD ./Drivers/STM32F4xx_HAL_Driver/Src/stm32f4xx_hal_flash_ramfunc.o
LOAD ./Drivers/STM32F4xx_HAL_Driver/Src/stm32f4xx_hal_gpio.o
LOAD ./Drivers/STM32F4xx_HAL_Driver/Src/stm32f4xx_hal_i2s.o
LOAD ./Drivers/STM32F4xx_HAL_Driver/Src/stm32f4xx_hal_i2s_ex.o
LOAD ./Drivers/STM32F4xx_HAL_Driver/Src/stm32f4xx_hal_pwr.o
LOAD ./Drivers/STM32F4xx_HAL_Driver/Src/stm32f4xx_hal_pwr_ex.o
LOAD ./Drivers/STM32F4xx_HAL_Driver/Src/stm32f4xx_hal_rcc.o
LOAD ./Drivers/STM32F4xx_HAL_Driver/Src/stm32f4xx_hal_rcc_ex.o
LOAD ./Drivers/STM32F4xx_HAL_Driver/Src/stm32f4xx_hal_spi.o
LOAD ./Drivers/STM32F4xx_HAL_Driver/Src/stm32f4xx_hal_tim.o
LOAD ./Drivers/STM32F4xx_HAL_Driver/Src/stm32f4xx_hal_tim_ex.o
LOAD ./Drivers/STM32F4xx_HAL_Driver/Src/stm32f4xx_ll_adc.o
START GROUP
LOAD /Applications/STM32CubeIDE.app/Contents/Eclipse/plugins/com.st.stm32cube.ide.mcu.externaltools.gnu-tools-for-stm32.12.3.rel1.macos64_1.1.0.202410301201/tools/bin/../lib/gcc/arm-none-eabi/12.3.1/../../../../arm-none-eabi/lib/thumb/v7e-m+fp/hard/libc_nano.a
LOAD /Applications/STM32CubeIDE.app/Contents/Eclipse/plugins/com.st.stm32cube.ide.mcu.externaltools.gnu-tools-for-stm32.12.3.rel1.macos64_1.1.0.202410301201/tools/bin/../lib/gcc/arm-none-eabi/12.3.1/../../../../arm-none-eabi/lib/thumb/v7e-m+fp/hard/libm.a
END GROUP
START GROUP
LOAD /Applications/STM32CubeIDE.app/Contents/Eclipse/plugins/com.st.stm32cube.ide.mcu.externaltools.gnu-tools-for-stm32.12.3.rel1.macos64_1.1.0.202410301201/tools/bin/../lib/gcc/arm-none-eabi/12.3.1/thumb/v7e-m+fp/hard/libgcc.a
LOAD /Applications/STM32CubeIDE.app/Contents/Eclipse/plugins/com.st.stm32cube.ide.mcu.externaltools.gnu-tools-for-stm32.12.3.rel1.macos64_1.1.0.202410301201/tools/bin/../lib/gcc/arm-none-eabi/12.3.1/../../../../arm-none-eabi/lib/thumb/v7e-m+fp/hard/libc_nano.a
END GROUP
START GROUP
LOAD /Applications/STM32CubeIDE.app/Contents/Eclipse/plugins/com.st.stm32cube.ide.mcu.externaltools.gnu-tools-for-stm32.12.3.rel1.macos64_1.1.0.202410301201/tools/bin/../lib/gcc/arm-none-eabi/12.3.1/thumb/v7e-m+fp/hard/libgcc.a
LOAD /Applications/STM32CubeIDE.app/Contents/Eclipse/plugins/com.st.stm32cube.ide.mcu.externaltools.gnu-tools-for-stm32.12.3.rel1.macos64_1.1.0.202410301201/tools/bin/../lib/gcc/arm-none-eabi/12.3.1/../../../../arm-none-eabi/lib/thumb/v7e-m+fp/hard/libc_nano.a
LOAD /Applications/STM32CubeIDE.app/Contents/Eclipse/plugins/com.st.stm32cube.ide.mcu.externaltools.gnu-tools-for-stm32.12.3.rel1.macos64_1.1.0.202410301201/tools/bin/../lib/gcc/arm-none-eabi/12.3.1/../../../../arm-none-eabi/lib/thumb/v7e-m+fp/hard/libnosys.a
END GROUP
START GROUP
LOAD /Applications/STM32CubeIDE.app/Contents/Eclipse/plugins/com.st.stm32cube.ide.mcu.externaltools.gnu-tools-for-stm32.12.3.rel1.macos64_1.1.0.202410301201/tools/bin/../lib/gcc/arm-none-eabi/12.3.1/thumb/v7e-m+fp/hard/libgcc.a
LOAD /Applications/STM32CubeIDE.app/Contents/Eclipse/plugins/com.st.stm32cube.ide.mcu.externaltools.gnu-tools-for-stm32.12.3.rel1.macos64_1.1.0.202410301201/tools/bin/../lib/gcc/arm-none-eabi/12.3.1/../../../../arm-none-eabi/lib/thumb/v7e-m+fp/hard/libc_nano.a
LOAD /Applications/STM32CubeIDE.app/Contents/Eclipse/plugins/com.st.stm32cube.ide.mcu.externaltools.gnu-tools-for-stm32.12.3.rel1.macos64_1.1.0.202410301201/tools/bin/../lib/gcc/arm-none-eabi/12.3.1/../../../../arm-none-eabi/lib/thumb/v7e-m+fp/hard/libnosys.a
END GROUP
LOAD /Applications/STM32CubeIDE.app/Contents/Eclipse/plugins/com.st.stm32cube.ide.mcu.externaltools.gnu-tools-for-stm32.12.3.rel1.macos64_1.1.0.202410301201/tools/bin/../lib/gcc/arm-none-eabi/12.3.1/thumb/v7e-m+fp/hard/crtend.o
LOAD /Applications/STM32CubeIDE.app/Contents/Eclipse/plugins/com.st.stm32cube.ide.mcu.externaltools.gnu-tools-for-stm32.12.3.rel1.macos64_1.1.0.202410301201/tools/bin/../lib/gcc/arm-none-eabi/12.3.1/thumb/v7e-m+fp/hard/crtn.o
                0x20018000                        _estack = (ORIGIN (RAM) + LENGTH (RAM))
                0x00000200                        _Min_Heap_Size = 0x200
                0x00000400                        _Min_Stack_Size = 0x400

.isr_vector     0x08000000      0x194
                0x08000000                        . = ALIGN (0x4)
 *(.isr_vector)
 .isr_vector    0x08000000      0x194 ./Core/Startup/startup_stm32f401retx.o
                0x08000000                g_pfnVectors
                0x08000194                        . = ALIGN (0x4)

.text           0x08000194     0x5ee8
                0x08000194                        . = ALIGN (0x4)
 *(.text)
 .text          0x08000194       0x40 /Applications/STM32CubeIDE.app/Contents/Eclipse/plugins/com.st.stm32cube.ide.mcu.externaltools.gnu-tools-for-stm32.12.3.rel1.macos64_1.1.0.202410301201/tools/bin/../lib/gcc/arm-none-eabi/12.3.1/thumb/v7e-m+fp/hard/crtbegin.o
 .text          0x080001d4       0x30 /Applications/STM32CubeIDE.app/Contents/Eclipse/plugins/com.st.stm32cube.ide.mcu.externaltools.gnu-tools-for-stm32.12.3.rel1.macos64_1.1.0.202410301201/tools/bin/../lib/gcc/arm-none-eabi/12.3.1/thumb/v7e-m+fp/hard/libgcc.a(_aeabi_uldivmod.o)
                0x080001d4                __aeabi_uldivmod
 .text          0x08000204      0x2bc /Applications/STM32CubeIDE.app/Contents/Eclipse/plugins/com.st.stm32cube.ide.mcu.externaltools.gnu-tools-for-stm32.12.3.rel1.macos64_1.1.0.202410301201/tools/bin/../lib/gcc/arm-none-eabi/12.3.1/thumb/v7e-m+fp/hard/libgcc.a(_udivmoddi4.o)
                0x08000204                __udivmoddi4
 .text          0x080004c0        0x4 /Applications/STM32CubeIDE.app/Contents/Eclipse/plugins/com.st.stm32cube.ide.mcu.externaltools.gnu-tools-for-stm32.12.3.rel1.macos64_1.1.0.202410301201/tools/bin/../lib/gcc/arm-none-eabi/12.3.1/thumb/v7e-m+fp/hard/libgcc.a(_dvmd_tls.o)
                0x080004c0                __aeabi_ldiv0
                0x080004c0                __aeabi_idiv0
 *(.text*)
 .text.CANSPI_Initialize
                0x080004c4      0x180 ./Core/Src/CANSPI.o
                0x080004c4                CANSPI_Initialize
 .text.CANSPI_Transmit
                0x08000644      0x128 ./Core/Src/CANSPI.o
                0x08000644                CANSPI_Transmit
 .text.CANSPI_Receive
                0x0800076c       0xf8 ./Core/Src/CANSPI.o
                0x0800076c                CANSPI_Receive
 .text.convertReg2ExtendedCANid
                0x08000864       0x7c ./Core/Src/CANSPI.o
 .text.convertReg2StandardCANid
                0x080008e0       0x3a ./Core/Src/CANSPI.o
 .text.convertCANid2Reg
                0x0800091a       0xaa ./Core/Src/CANSPI.o
 .text.MX_GPIO_Init
                0x080009c4      0x198 ./Core/Src/main.o
 .text.MX_DMA_Init
                0x08000b5c       0x58 ./Core/Src/main.o
 .text.updateRpm
                0x08000bb4       0x28 ./Core/Src/main.o
                0x08000bb4                updateRpm
 .text.updateBMSDiagnostics
                0x08000bdc       0x58 ./Core/Src/main.o
                0x08000bdc                updateBMSDiagnostics
 .text.readFromCAN
                0x08000c34       0x24 ./Core/Src/main.o
                0x08000c34                readFromCAN
 .text.HAL_ADC_ConvCpltCallback
                0x08000c58       0x30 ./Core/Src/main.o
                0x08000c58                HAL_ADC_ConvCpltCallback
 .text.calculateTorqueRequest
                0x08000c88      0x198 ./Core/Src/main.o
                0x08000c88                calculateTorqueRequest
 .text.checkAPPSPlausibility
                0x08000e20       0xc0 ./Core/Src/main.o
                0x08000e20                checkAPPSPlausibility
 .text.checkCrossCheck
                0x08000ee0       0xd8 ./Core/Src/main.o
                0x08000ee0                checkCrossCheck
 .text.sendTorqueCommand
                0x08000fb8       0x68 ./Core/Src/main.o
                0x08000fb8                sendTorqueCommand
 .text.checkShutdown
                0x08001020       0x28 ./Core/Src/main.o
                0x08001020                checkShutdown
 .text.checkReadyToDrive
                0x08001048       0x74 ./Core/Src/main.o
                0x08001048                checkReadyToDrive
 .text.sendPrechargeRequest
                0x080010bc       0x44 ./Core/Src/main.o
                0x080010bc                sendPrechargeRequest
 .text.HAL_I2S_TxCpltCallback
                0x08001100       0x68 ./Core/Src/main.o
                0x08001100                HAL_I2S_TxCpltCallback
 .text.PlayStartupSoundOnce
                0x08001168       0x44 ./Core/Src/main.o
                0x08001168                PlayStartupSoundOnce
 .text.Error_Handler
                0x080011ac        0x4 ./Core/Src/main.o
                0x080011ac                Error_Handler
 .text.MX_ADC1_Init
                0x080011b0       0x9c ./Core/Src/main.o
 .text.MX_TIM3_Init
                0x0800124c       0x6c ./Core/Src/main.o
 .text.MX_SPI3_Init
                0x080012b8       0x40 ./Core/Src/main.o
 .text.MX_I2S2_Init
                0x080012f8       0x38 ./Core/Src/main.o
 .text.SystemClock_Config
                0x08001330       0xa4 ./Core/Src/main.o
                0x08001330                SystemClock_Config
 .text.main     0x080013d4      0x114 ./Core/Src/main.o
                0x080013d4                main
 .text.MCP2515_Initialize
                0x080014e8       0x44 ./Core/Src/mcp2515.o
                0x080014e8                MCP2515_Initialize
 .text.MCP2515_SetConfigMode
                0x0800152c       0x5c ./Core/Src/mcp2515.o
                0x0800152c                MCP2515_SetConfigMode
 .text.MCP2515_SetNormalMode
                0x08001588       0x3c ./Core/Src/mcp2515.o
                0x08001588                MCP2515_SetNormalMode
 .text.MCP2515_Reset
                0x080015c4       0x2c ./Core/Src/mcp2515.o
                0x080015c4                MCP2515_Reset
 .text.MCP2515_ReadByte
                0x080015f0       0x48 ./Core/Src/mcp2515.o
                0x080015f0                MCP2515_ReadByte
 .text.MCP2515_ReadRxSequence
                0x08001638       0x48 ./Core/Src/mcp2515.o
                0x08001638                MCP2515_ReadRxSequence
 .text.MCP2515_WriteByte
                0x08001680       0x4c ./Core/Src/mcp2515.o
                0x08001680                MCP2515_WriteByte
 .text.MCP2515_WriteByteSequence
                0x080016cc       0x58 ./Core/Src/mcp2515.o
                0x080016cc                MCP2515_WriteByteSequence
 .text.MCP2515_LoadTxSequence
                0x08001724       0x5c ./Core/Src/mcp2515.o
                0x08001724                MCP2515_LoadTxSequence
 .text.MCP2515_RequestToSend
                0x08001780       0x38 ./Core/Src/mcp2515.o
                0x08001780                MCP2515_RequestToSend
 .text.MCP2515_ReadStatus
                0x080017b8       0x3c ./Core/Src/mcp2515.o
                0x080017b8                MCP2515_ReadStatus
 .text.MCP2515_GetRxStatus
                0x080017f4       0x3c ./Core/Src/mcp2515.o
                0x080017f4                MCP2515_GetRxStatus
 .text.SPI_Tx   0x08001830       0x24 ./Core/Src/mcp2515.o
 .text.SPI_TxBuffer
                0x08001854       0x28 ./Core/Src/mcp2515.o
 .text.SPI_Rx   0x0800187c       0x20 ./Core/Src/mcp2515.o
 .text.SPI_RxBuffer
                0x0800189c       0x28 ./Core/Src/mcp2515.o
 .text.HAL_MspInit
                0x080018c4       0x50 ./Core/Src/stm32f4xx_hal_msp.o
                0x080018c4                HAL_MspInit
 .text.HAL_ADC_MspInit
                0x08001914      0x138 ./Core/Src/stm32f4xx_hal_msp.o
                0x08001914                HAL_ADC_MspInit
 .text.HAL_I2S_MspInit
                0x08001a4c      0x138 ./Core/Src/stm32f4xx_hal_msp.o
                0x08001a4c                HAL_I2S_MspInit
 .text.HAL_SPI_MspInit
                0x08001b84       0x90 ./Core/Src/stm32f4xx_hal_msp.o
                0x08001b84                HAL_SPI_MspInit
 .text.HAL_TIM_Base_MspInit
                0x08001c14       0x50 ./Core/Src/stm32f4xx_hal_msp.o
                0x08001c14                HAL_TIM_Base_MspInit
 .text.NMI_Handler
                0x08001c64        0x8 ./Core/Src/stm32f4xx_it.o
                0x08001c64                NMI_Handler
 .text.HardFault_Handler
                0x08001c6c        0x8 ./Core/Src/stm32f4xx_it.o
                0x08001c6c                HardFault_Handler
 .text.MemManage_Handler
                0x08001c74        0x8 ./Core/Src/stm32f4xx_it.o
                0x08001c74                MemManage_Handler
 .text.BusFault_Handler
                0x08001c7c        0x8 ./Core/Src/stm32f4xx_it.o
                0x08001c7c                BusFault_Handler
 .text.UsageFault_Handler
                0x08001c84        0x8 ./Core/Src/stm32f4xx_it.o
                0x08001c84                UsageFault_Handler
 .text.SVC_Handler
                0x08001c8c        0xe ./Core/Src/stm32f4xx_it.o
                0x08001c8c                SVC_Handler
 .text.DebugMon_Handler
                0x08001c9a        0xe ./Core/Src/stm32f4xx_it.o
                0x08001c9a                DebugMon_Handler
 .text.PendSV_Handler
                0x08001ca8        0xe ./Core/Src/stm32f4xx_it.o
                0x08001ca8                PendSV_Handler
 .text.SysTick_Handler
                0x08001cb6        0xc ./Core/Src/stm32f4xx_it.o
                0x08001cb6                SysTick_Handler
 *fill*         0x08001cc2        0x2 
 .text.DMA1_Stream4_IRQHandler
                0x08001cc4       0x14 ./Core/Src/stm32f4xx_it.o
                0x08001cc4                DMA1_Stream4_IRQHandler
 .text.ADC_IRQHandler
                0x08001cd8       0x14 ./Core/Src/stm32f4xx_it.o
                0x08001cd8                ADC_IRQHandler
 .text.TIM3_IRQHandler
                0x08001cec       0x14 ./Core/Src/stm32f4xx_it.o
                0x08001cec                TIM3_IRQHandler
 .text.DMA2_Stream0_IRQHandler
                0x08001d00       0x14 ./Core/Src/stm32f4xx_it.o
                0x08001d00                DMA2_Stream0_IRQHandler
 .text.SystemInit
                0x08001d14       0x24 ./Core/Src/system_stm32f4xx.o
                0x08001d14                SystemInit
 .text.Reset_Handler
                0x08001d38       0x50 ./Core/Startup/startup_stm32f401retx.o
                0x08001d38                Reset_Handler
 .text.Default_Handler
                0x08001d88        0x2 ./Core/Startup/startup_stm32f401retx.o
                0x08001d88                DMA1_Stream3_IRQHandler
                0x08001d88                EXTI2_IRQHandler
                0x08001d88                SPI4_IRQHandler
                0x08001d88                TIM1_CC_IRQHandler
                0x08001d88                DMA2_Stream5_IRQHandler
                0x08001d88                DMA1_Stream5_IRQHandler
                0x08001d88                PVD_IRQHandler
                0x08001d88                SDIO_IRQHandler
                0x08001d88                TAMP_STAMP_IRQHandler
                0x08001d88                EXTI3_IRQHandler
                0x08001d88                TIM1_UP_TIM10_IRQHandler
                0x08001d88                I2C3_ER_IRQHandler
                0x08001d88                EXTI0_IRQHandler
                0x08001d88                I2C2_EV_IRQHandler
                0x08001d88                DMA1_Stream2_IRQHandler
                0x08001d88                FPU_IRQHandler
                0x08001d88                DMA2_Stream2_IRQHandler
                0x08001d88                SPI1_IRQHandler
                0x08001d88                TIM1_BRK_TIM9_IRQHandler
                0x08001d88                DMA2_Stream3_IRQHandler
                0x08001d88                USART6_IRQHandler
                0x08001d88                TIM4_IRQHandler
                0x08001d88                I2C1_EV_IRQHandler
                0x08001d88                DMA1_Stream6_IRQHandler
                0x08001d88                DMA1_Stream1_IRQHandler
                0x08001d88                RCC_IRQHandler
                0x08001d88                Default_Handler
                0x08001d88                EXTI15_10_IRQHandler
                0x08001d88                DMA1_Stream7_IRQHandler
                0x08001d88                TIM5_IRQHandler
                0x08001d88                DMA2_Stream7_IRQHandler
                0x08001d88                I2C3_EV_IRQHandler
                0x08001d88                EXTI9_5_IRQHandler
                0x08001d88                RTC_WKUP_IRQHandler
                0x08001d88                SPI2_IRQHandler
                0x08001d88                DMA1_Stream0_IRQHandler
                0x08001d88                EXTI4_IRQHandler
                0x08001d88                WWDG_IRQHandler
                0x08001d88                TIM2_IRQHandler
                0x08001d88                OTG_FS_WKUP_IRQHandler
                0x08001d88                TIM1_TRG_COM_TIM11_IRQHandler
                0x08001d88                EXTI1_IRQHandler
                0x08001d88                USART2_IRQHandler
                0x08001d88                I2C2_ER_IRQHandler
                0x08001d88                DMA2_Stream1_IRQHandler
                0x08001d88                FLASH_IRQHandler
                0x08001d88                DMA2_Stream4_IRQHandler
                0x08001d88                USART1_IRQHandler
                0x08001d88                OTG_FS_IRQHandler
                0x08001d88                SPI3_IRQHandler
                0x08001d88                I2C1_ER_IRQHandler
                0x08001d88                DMA2_Stream6_IRQHandler
                0x08001d88                RTC_Alarm_IRQHandler
 *fill*         0x08001d8a        0x2 
 .text.HAL_Init
                0x08001d8c       0x44 ./Drivers/STM32F4xx_HAL_Driver/Src/stm32f4xx_hal.o
                0x08001d8c                HAL_Init
 .text.HAL_InitTick
                0x08001dd0       0x60 ./Drivers/STM32F4xx_HAL_Driver/Src/stm32f4xx_hal.o
                0x08001dd0                HAL_InitTick
 .text.HAL_IncTick
                0x08001e30       0x28 ./Drivers/STM32F4xx_HAL_Driver/Src/stm32f4xx_hal.o
                0x08001e30                HAL_IncTick
 .text.HAL_GetTick
                0x08001e58       0x18 ./Drivers/STM32F4xx_HAL_Driver/Src/stm32f4xx_hal.o
                0x08001e58                HAL_GetTick
 .text.HAL_Delay
                0x08001e70       0x48 ./Drivers/STM32F4xx_HAL_Driver/Src/stm32f4xx_hal.o
                0x08001e70                HAL_Delay
 .text.HAL_ADC_Init
                0x08001eb8       0x86 ./Drivers/STM32F4xx_HAL_Driver/Src/stm32f4xx_hal_adc.o
                0x08001eb8                HAL_ADC_Init
 .text.HAL_ADC_IRQHandler
                0x08001f3e      0x220 ./Drivers/STM32F4xx_HAL_Driver/Src/stm32f4xx_hal_adc.o
                0x08001f3e                HAL_ADC_IRQHandler
 *fill*         0x0800215e        0x2 
 .text.HAL_ADC_Start_DMA
                0x08002160      0x1e0 ./Drivers/STM32F4xx_HAL_Driver/Src/stm32f4xx_hal_adc.o
                0x08002160                HAL_ADC_Start_DMA
 .text.HAL_ADC_ConvHalfCpltCallback
                0x08002340       0x14 ./Drivers/STM32F4xx_HAL_Driver/Src/stm32f4xx_hal_adc.o
                0x08002340                HAL_ADC_ConvHalfCpltCallback
 .text.HAL_ADC_LevelOutOfWindowCallback
                0x08002354       0x14 ./Drivers/STM32F4xx_HAL_Driver/Src/stm32f4xx_hal_adc.o
                0x08002354                HAL_ADC_LevelOutOfWindowCallback
 .text.HAL_ADC_ErrorCallback
                0x08002368       0x14 ./Drivers/STM32F4xx_HAL_Driver/Src/stm32f4xx_hal_adc.o
                0x08002368                HAL_ADC_ErrorCallback
 .text.HAL_ADC_ConfigChannel
                0x0800237c      0x244 ./Drivers/STM32F4xx_HAL_Driver/Src/stm32f4xx_hal_adc.o
                0x0800237c                HAL_ADC_ConfigChannel
 .text.ADC_Init
                0x080025c0      0x1f8 ./Drivers/STM32F4xx_HAL_Driver/Src/stm32f4xx_hal_adc.o
 .text.ADC_DMAConvCplt
                0x080027b8       0xba ./Drivers/STM32F4xx_HAL_Driver/Src/stm32f4xx_hal_adc.o
 .text.ADC_DMAHalfConvCplt
                0x08002872       0x1c ./Drivers/STM32F4xx_HAL_Driver/Src/stm32f4xx_hal_adc.o
 .text.ADC_DMAError
                0x0800288e       0x2e ./Drivers/STM32F4xx_HAL_Driver/Src/stm32f4xx_hal_adc.o
 .text.HAL_ADCEx_InjectedConvCpltCallback
                0x080028bc       0x14 ./Drivers/STM32F4xx_HAL_Driver/Src/stm32f4xx_hal_adc_ex.o
                0x080028bc                HAL_ADCEx_InjectedConvCpltCallback
 .text.__NVIC_SetPriorityGrouping
                0x080028d0       0x48 ./Drivers/STM32F4xx_HAL_Driver/Src/stm32f4xx_hal_cortex.o
 .text.__NVIC_GetPriorityGrouping
                0x08002918       0x1c ./Drivers/STM32F4xx_HAL_Driver/Src/stm32f4xx_hal_cortex.o
 .text.__NVIC_EnableIRQ
                0x08002934       0x3c ./Drivers/STM32F4xx_HAL_Driver/Src/stm32f4xx_hal_cortex.o
 .text.__NVIC_SetPriority
                0x08002970       0x54 ./Drivers/STM32F4xx_HAL_Driver/Src/stm32f4xx_hal_cortex.o
 .text.NVIC_EncodePriority
                0x080029c4       0x66 ./Drivers/STM32F4xx_HAL_Driver/Src/stm32f4xx_hal_cortex.o
 *fill*         0x08002a2a        0x2 
 .text.SysTick_Config
                0x08002a2c       0x44 ./Drivers/STM32F4xx_HAL_Driver/Src/stm32f4xx_hal_cortex.o
 .text.HAL_NVIC_SetPriorityGrouping
                0x08002a70       0x16 ./Drivers/STM32F4xx_HAL_Driver/Src/stm32f4xx_hal_cortex.o
                0x08002a70                HAL_NVIC_SetPriorityGrouping
 .text.HAL_NVIC_SetPriority
                0x08002a86       0x38 ./Drivers/STM32F4xx_HAL_Driver/Src/stm32f4xx_hal_cortex.o
                0x08002a86                HAL_NVIC_SetPriority
 .text.HAL_NVIC_EnableIRQ
                0x08002abe       0x1c ./Drivers/STM32F4xx_HAL_Driver/Src/stm32f4xx_hal_cortex.o
                0x08002abe                HAL_NVIC_EnableIRQ
 .text.HAL_SYSTICK_Config
                0x08002ada       0x18 ./Drivers/STM32F4xx_HAL_Driver/Src/stm32f4xx_hal_cortex.o
                0x08002ada                HAL_SYSTICK_Config
 *fill*         0x08002af2        0x2 
 .text.HAL_DMA_Init
                0x08002af4      0x15c ./Drivers/STM32F4xx_HAL_Driver/Src/stm32f4xx_hal_dma.o
                0x08002af4                HAL_DMA_Init
 .text.HAL_DMA_Start_IT
                0x08002c50       0xb0 ./Drivers/STM32F4xx_HAL_Driver/Src/stm32f4xx_hal_dma.o
                0x08002c50                HAL_DMA_Start_IT
 .text.HAL_DMA_IRQHandler
                0x08002d00      0x314 ./Drivers/STM32F4xx_HAL_Driver/Src/stm32f4xx_hal_dma.o
                0x08002d00                HAL_DMA_IRQHandler
 .text.DMA_SetConfig
                0x08003014       0x5c ./Drivers/STM32F4xx_HAL_Driver/Src/stm32f4xx_hal_dma.o
 .text.DMA_CalcBaseAndBitshift
                0x08003070       0x6c ./Drivers/STM32F4xx_HAL_Driver/Src/stm32f4xx_hal_dma.o
 .text.DMA_CheckFifoParam
                0x080030dc       0xf8 ./Drivers/STM32F4xx_HAL_Driver/Src/stm32f4xx_hal_dma.o
 .text.HAL_GPIO_Init
                0x080031d4      0x308 ./Drivers/STM32F4xx_HAL_Driver/Src/stm32f4xx_hal_gpio.o
                0x080031d4                HAL_GPIO_Init
 .text.HAL_GPIO_ReadPin
                0x080034dc       0x30 ./Drivers/STM32F4xx_HAL_Driver/Src/stm32f4xx_hal_gpio.o
                0x080034dc                HAL_GPIO_ReadPin
 .text.HAL_GPIO_WritePin
                0x0800350c       0x32 ./Drivers/STM32F4xx_HAL_Driver/Src/stm32f4xx_hal_gpio.o
                0x0800350c                HAL_GPIO_WritePin
 *fill*         0x0800353e        0x2 
 .text.HAL_I2S_Init
                0x08003540      0x280 ./Drivers/STM32F4xx_HAL_Driver/Src/stm32f4xx_hal_i2s.o
                0x08003540                HAL_I2S_Init
 .text.HAL_I2S_Transmit_DMA
                0x080037c0      0x148 ./Drivers/STM32F4xx_HAL_Driver/Src/stm32f4xx_hal_i2s.o
                0x080037c0                HAL_I2S_Transmit_DMA
 .text.HAL_I2S_TxHalfCpltCallback
                0x08003908       0x14 ./Drivers/STM32F4xx_HAL_Driver/Src/stm32f4xx_hal_i2s.o
                0x08003908                HAL_I2S_TxHalfCpltCallback
 .text.HAL_I2S_RxCpltCallback
                0x0800391c       0x14 ./Drivers/STM32F4xx_HAL_Driver/Src/stm32f4xx_hal_i2s.o
                0x0800391c                HAL_I2S_RxCpltCallback
 .text.HAL_I2S_ErrorCallback
                0x08003930       0x14 ./Drivers/STM32F4xx_HAL_Driver/Src/stm32f4xx_hal_i2s.o
                0x08003930                HAL_I2S_ErrorCallback
 .text.I2S_DMATxCplt
                0x08003944       0x42 ./Drivers/STM32F4xx_HAL_Driver/Src/stm32f4xx_hal_i2s.o
 .text.I2S_DMATxHalfCplt
                0x08003986       0x1c ./Drivers/STM32F4xx_HAL_Driver/Src/stm32f4xx_hal_i2s.o
 .text.I2S_DMAError
                0x080039a2       0x4c ./Drivers/STM32F4xx_HAL_Driver/Src/stm32f4xx_hal_i2s.o
 .text.I2S_Transmit_IT
                0x080039ee       0x5c ./Drivers/STM32F4xx_HAL_Driver/Src/stm32f4xx_hal_i2s.o
 .text.I2S_Receive_IT
                0x08003a4a       0x5e ./Drivers/STM32F4xx_HAL_Driver/Src/stm32f4xx_hal_i2s.o
 .text.I2S_IRQHandler
                0x08003aa8      0x114 ./Drivers/STM32F4xx_HAL_Driver/Src/stm32f4xx_hal_i2s.o
 .text.HAL_I2SEx_FullDuplex_IRQHandler
                0x08003bbc      0x2a8 ./Drivers/STM32F4xx_HAL_Driver/Src/stm32f4xx_hal_i2s_ex.o
                0x08003bbc                HAL_I2SEx_FullDuplex_IRQHandler
 .text.HAL_I2SEx_TxRxCpltCallback
                0x08003e64       0x14 ./Drivers/STM32F4xx_HAL_Driver/Src/stm32f4xx_hal_i2s_ex.o
                0x08003e64                HAL_I2SEx_TxRxCpltCallback
 .text.I2SEx_TxISR_I2S
                0x08003e78       0x62 ./Drivers/STM32F4xx_HAL_Driver/Src/stm32f4xx_hal_i2s_ex.o
 *fill*         0x08003eda        0x2 
 .text.I2SEx_TxISR_I2SExt
                0x08003edc       0x98 ./Drivers/STM32F4xx_HAL_Driver/Src/stm32f4xx_hal_i2s_ex.o
 .text.I2SEx_RxISR_I2S
                0x08003f74       0x64 ./Drivers/STM32F4xx_HAL_Driver/Src/stm32f4xx_hal_i2s_ex.o
 .text.I2SEx_RxISR_I2SExt
                0x08003fd8       0x98 ./Drivers/STM32F4xx_HAL_Driver/Src/stm32f4xx_hal_i2s_ex.o
 .text.HAL_RCC_OscConfig
                0x08004070      0x4f0 ./Drivers/STM32F4xx_HAL_Driver/Src/stm32f4xx_hal_rcc.o
                0x08004070                HAL_RCC_OscConfig
 .text.HAL_RCC_ClockConfig
                0x08004560      0x1cc ./Drivers/STM32F4xx_HAL_Driver/Src/stm32f4xx_hal_rcc.o
                0x08004560                HAL_RCC_ClockConfig
 .text.HAL_RCC_GetSysClockFreq
                0x0800472c      0x20c ./Drivers/STM32F4xx_HAL_Driver/Src/stm32f4xx_hal_rcc.o
                0x0800472c                HAL_RCC_GetSysClockFreq
 .text.HAL_RCCEx_PeriphCLKConfig
                0x08004938      0x1dc ./Drivers/STM32F4xx_HAL_Driver/Src/stm32f4xx_hal_rcc_ex.o
                0x08004938                HAL_RCCEx_PeriphCLKConfig
 .text.HAL_RCCEx_GetPeriphCLKFreq
                0x08004b14       0xc0 ./Drivers/STM32F4xx_HAL_Driver/Src/stm32f4xx_hal_rcc_ex.o
                0x08004b14                HAL_RCCEx_GetPeriphCLKFreq
 .text.HAL_SPI_Init
                0x08004bd4      0x112 ./Drivers/STM32F4xx_HAL_Driver/Src/stm32f4xx_hal_spi.o
                0x08004bd4                HAL_SPI_Init
 .text.HAL_SPI_Transmit
                0x08004ce6      0x288 ./Drivers/STM32F4xx_HAL_Driver/Src/stm32f4xx_hal_spi.o
                0x08004ce6                HAL_SPI_Transmit
 .text.HAL_SPI_Receive
                0x08004f6e      0x232 ./Drivers/STM32F4xx_HAL_Driver/Src/stm32f4xx_hal_spi.o
                0x08004f6e                HAL_SPI_Receive
 .text.HAL_SPI_TransmitReceive
                0x080051a0      0x352 ./Drivers/STM32F4xx_HAL_Driver/Src/stm32f4xx_hal_spi.o
                0x080051a0                HAL_SPI_TransmitReceive
 .text.HAL_SPI_GetState
                0x080054f2       0x1c ./Drivers/STM32F4xx_HAL_Driver/Src/stm32f4xx_hal_spi.o
                0x080054f2                HAL_SPI_GetState
 *fill*         0x0800550e        0x2 
 .text.SPI_WaitFlagStateUntilTimeout
                0x08005510      0x110 ./Drivers/STM32F4xx_HAL_Driver/Src/stm32f4xx_hal_spi.o
 .text.SPI_EndRxTransaction
                0x08005620       0xca ./Drivers/STM32F4xx_HAL_Driver/Src/stm32f4xx_hal_spi.o
 *fill*         0x080056ea        0x2 
 .text.SPI_EndRxTxTransaction
                0x080056ec       0xa8 ./Drivers/STM32F4xx_HAL_Driver/Src/stm32f4xx_hal_spi.o
 .text.HAL_TIM_Base_Init
                0x08005794       0x9e ./Drivers/STM32F4xx_HAL_Driver/Src/stm32f4xx_hal_tim.o
                0x08005794                HAL_TIM_Base_Init
 *fill*         0x08005832        0x2 
 .text.HAL_TIM_Base_Start
                0x08005834       0xb4 ./Drivers/STM32F4xx_HAL_Driver/Src/stm32f4xx_hal_tim.o
                0x08005834                HAL_TIM_Base_Start
 .text.HAL_TIM_IRQHandler
                0x080058e8      0x1e0 ./Drivers/STM32F4xx_HAL_Driver/Src/stm32f4xx_hal_tim.o
                0x080058e8                HAL_TIM_IRQHandler
 .text.HAL_TIM_ConfigClockSource
                0x08005ac8      0x18e ./Drivers/STM32F4xx_HAL_Driver/Src/stm32f4xx_hal_tim.o
                0x08005ac8                HAL_TIM_ConfigClockSource
 .text.HAL_TIM_PeriodElapsedCallback
                0x08005c56       0x14 ./Drivers/STM32F4xx_HAL_Driver/Src/stm32f4xx_hal_tim.o
                0x08005c56                HAL_TIM_PeriodElapsedCallback
 .text.HAL_TIM_OC_DelayElapsedCallback
                0x08005c6a       0x14 ./Drivers/STM32F4xx_HAL_Driver/Src/stm32f4xx_hal_tim.o
                0x08005c6a                HAL_TIM_OC_DelayElapsedCallback
 .text.HAL_TIM_IC_CaptureCallback
                0x08005c7e       0x14 ./Drivers/STM32F4xx_HAL_Driver/Src/stm32f4xx_hal_tim.o
                0x08005c7e                HAL_TIM_IC_CaptureCallback
 .text.HAL_TIM_PWM_PulseFinishedCallback
                0x08005c92       0x14 ./Drivers/STM32F4xx_HAL_Driver/Src/stm32f4xx_hal_tim.o
                0x08005c92                HAL_TIM_PWM_PulseFinishedCallback
 .text.HAL_TIM_TriggerCallback
                0x08005ca6       0x14 ./Drivers/STM32F4xx_HAL_Driver/Src/stm32f4xx_hal_tim.o
                0x08005ca6                HAL_TIM_TriggerCallback
 *fill*         0x08005cba        0x2 
 .text.TIM_Base_SetConfig
                0x08005cbc      0x118 ./Drivers/STM32F4xx_HAL_Driver/Src/stm32f4xx_hal_tim.o
                0x08005cbc                TIM_Base_SetConfig
 .text.TIM_TI1_ConfigInputStage
                0x08005dd4       0x5e ./Drivers/STM32F4xx_HAL_Driver/Src/stm32f4xx_hal_tim.o
 .text.TIM_TI2_ConfigInputStage
                0x08005e32       0x60 ./Drivers/STM32F4xx_HAL_Driver/Src/stm32f4xx_hal_tim.o
 .text.TIM_ITRx_SetConfig
                0x08005e92       0x36 ./Drivers/STM32F4xx_HAL_Driver/Src/stm32f4xx_hal_tim.o
 .text.TIM_ETR_SetConfig
                0x08005ec8       0x40 ./Drivers/STM32F4xx_HAL_Driver/Src/stm32f4xx_hal_tim.o
                0x08005ec8                TIM_ETR_SetConfig
 .text.HAL_TIMEx_MasterConfigSynchronization
                0x08005f08       0xdc ./Drivers/STM32F4xx_HAL_Driver/Src/stm32f4xx_hal_tim_ex.o
                0x08005f08                HAL_TIMEx_MasterConfigSynchronization
 .text.HAL_TIMEx_CommutCallback
                0x08005fe4       0x14 ./Drivers/STM32F4xx_HAL_Driver/Src/stm32f4xx_hal_tim_ex.o
                0x08005fe4                HAL_TIMEx_CommutCallback
 .text.HAL_TIMEx_BreakCallback
                0x08005ff8       0x14 ./Drivers/STM32F4xx_HAL_Driver/Src/stm32f4xx_hal_tim_ex.o
                0x08005ff8                HAL_TIMEx_BreakCallback
 .text.memset   0x0800600c       0x10 /Applications/STM32CubeIDE.app/Contents/Eclipse/plugins/com.st.stm32cube.ide.mcu.externaltools.gnu-tools-for-stm32.12.3.rel1.macos64_1.1.0.202410301201/tools/bin/../lib/gcc/arm-none-eabi/12.3.1/../../../../arm-none-eabi/lib/thumb/v7e-m+fp/hard/libc_nano.a(libc_a-memset.o)
                0x0800600c                memset
 .text.__libc_init_array
                0x0800601c       0x48 /Applications/STM32CubeIDE.app/Contents/Eclipse/plugins/com.st.stm32cube.ide.mcu.externaltools.gnu-tools-for-stm32.12.3.rel1.macos64_1.1.0.202410301201/tools/bin/../lib/gcc/arm-none-eabi/12.3.1/../../../../arm-none-eabi/lib/thumb/v7e-m+fp/hard/libc_nano.a(libc_a-init.o)
                0x0800601c                __libc_init_array
 *(.glue_7)
 .glue_7        0x08006064        0x0 linker stubs
 *(.glue_7t)
 .glue_7t       0x08006064        0x0 linker stubs
 *(.eh_frame)
 .eh_frame      0x08006064        0x0 /Applications/STM32CubeIDE.app/Contents/Eclipse/plugins/com.st.stm32cube.ide.mcu.externaltools.gnu-tools-for-stm32.12.3.rel1.macos64_1.1.0.202410301201/tools/bin/../lib/gcc/arm-none-eabi/12.3.1/thumb/v7e-m+fp/hard/crtbegin.o
 *(.init)
 .init          0x08006064        0x4 /Applications/STM32CubeIDE.app/Contents/Eclipse/plugins/com.st.stm32cube.ide.mcu.externaltools.gnu-tools-for-stm32.12.3.rel1.macos64_1.1.0.202410301201/tools/bin/../lib/gcc/arm-none-eabi/12.3.1/thumb/v7e-m+fp/hard/crti.o
                0x08006064                _init
 .init          0x08006068        0x8 /Applications/STM32CubeIDE.app/Contents/Eclipse/plugins/com.st.stm32cube.ide.mcu.externaltools.gnu-tools-for-stm32.12.3.rel1.macos64_1.1.0.202410301201/tools/bin/../lib/gcc/arm-none-eabi/12.3.1/thumb/v7e-m+fp/hard/crtn.o
 *(.fini)
 .fini          0x08006070        0x4 /Applications/STM32CubeIDE.app/Contents/Eclipse/plugins/com.st.stm32cube.ide.mcu.externaltools.gnu-tools-for-stm32.12.3.rel1.macos64_1.1.0.202410301201/tools/bin/../lib/gcc/arm-none-eabi/12.3.1/thumb/v7e-m+fp/hard/crti.o
                0x08006070                _fini
 .fini          0x08006074        0x8 /Applications/STM32CubeIDE.app/Contents/Eclipse/plugins/com.st.stm32cube.ide.mcu.externaltools.gnu-tools-for-stm32.12.3.rel1.macos64_1.1.0.202410301201/tools/bin/../lib/gcc/arm-none-eabi/12.3.1/thumb/v7e-m+fp/hard/crtn.o
                0x0800607c                        . = ALIGN (0x4)
                0x0800607c                        _etext = .

.vfp11_veneer   0x0800607c        0x0
 .vfp11_veneer  0x0800607c        0x0 linker stubs

.v4_bx          0x0800607c        0x0
 .v4_bx         0x0800607c        0x0 linker stubs

.iplt           0x0800607c        0x0
 .iplt          0x0800607c        0x0 /Applications/STM32CubeIDE.app/Contents/Eclipse/plugins/com.st.stm32cube.ide.mcu.externaltools.gnu-tools-for-stm32.12.3.rel1.macos64_1.1.0.202410301201/tools/bin/../lib/gcc/arm-none-eabi/12.3.1/thumb/v7e-m+fp/hard/crtbegin.o

.rodata         0x0800607c    0x50280
                0x0800607c                        . = ALIGN (0x4)
 *(.rodata)
 *(.rodata*)
 .rodata.startup_sound
                0x0800607c    0x500d8 ./Core/Src/main.o
                0x0800607c                startup_sound
 .rodata.TORQUE_ARRAY
                0x08056154      0x190 ./Core/Src/main.o
                0x08056154                TORQUE_ARRAY
 .rodata.AHBPrescTable
                0x080562e4       0x10 ./Core/Src/system_stm32f4xx.o
                0x080562e4                AHBPrescTable
 .rodata.flagBitshiftOffset.0
                0x080562f4        0x8 ./Drivers/STM32F4xx_HAL_Driver/Src/stm32f4xx_hal_dma.o
                0x080562fc                        . = ALIGN (0x4)

.ARM.extab      0x080562fc        0x0
                0x080562fc                        . = ALIGN (0x4)
 *(.ARM.extab* .gnu.linkonce.armextab.*)
                0x080562fc                        . = ALIGN (0x4)

.ARM            0x080562fc        0x8
                0x080562fc                        . = ALIGN (0x4)
                0x080562fc                        __exidx_start = .
 *(.ARM.exidx*)
 .ARM.exidx     0x080562fc        0x8 /Applications/STM32CubeIDE.app/Contents/Eclipse/plugins/com.st.stm32cube.ide.mcu.externaltools.gnu-tools-for-stm32.12.3.rel1.macos64_1.1.0.202410301201/tools/bin/../lib/gcc/arm-none-eabi/12.3.1/thumb/v7e-m+fp/hard/libgcc.a(_udivmoddi4.o)
                0x08056304                        __exidx_end = .
                0x08056304                        . = ALIGN (0x4)

.preinit_array  0x08056304        0x0
                0x08056304                        . = ALIGN (0x4)
                0x08056304                        PROVIDE (__preinit_array_start = .)
 *(.preinit_array*)
                0x08056304                        PROVIDE (__preinit_array_end = .)
                0x08056304                        . = ALIGN (0x4)

.init_array     0x08056304        0x4
                0x08056304                        . = ALIGN (0x4)
                0x08056304                        PROVIDE (__init_array_start = .)
 *(SORT_BY_NAME(.init_array.*))
 *(.init_array*)
 .init_array    0x08056304        0x4 /Applications/STM32CubeIDE.app/Contents/Eclipse/plugins/com.st.stm32cube.ide.mcu.externaltools.gnu-tools-for-stm32.12.3.rel1.macos64_1.1.0.202410301201/tools/bin/../lib/gcc/arm-none-eabi/12.3.1/thumb/v7e-m+fp/hard/crtbegin.o
                0x08056308                        PROVIDE (__init_array_end = .)
                0x08056308                        . = ALIGN (0x4)

.fini_array     0x08056308        0x4
                0x08056308                        . = ALIGN (0x4)
                [!provide]                        PROVIDE (__fini_array_start = .)
 *(SORT_BY_NAME(.fini_array.*))
 *(.fini_array*)
 .fini_array    0x08056308        0x4 /Applications/STM32CubeIDE.app/Contents/Eclipse/plugins/com.st.stm32cube.ide.mcu.externaltools.gnu-tools-for-stm32.12.3.rel1.macos64_1.1.0.202410301201/tools/bin/../lib/gcc/arm-none-eabi/12.3.1/thumb/v7e-m+fp/hard/crtbegin.o
                [!provide]                        PROVIDE (__fini_array_end = .)
                0x0805630c                        . = ALIGN (0x4)
                0x0805630c                        _sidata = LOADADDR (.data)

.rel.dyn        0x0805630c        0x0
 .rel.iplt      0x0805630c        0x0 /Applications/STM32CubeIDE.app/Contents/Eclipse/plugins/com.st.stm32cube.ide.mcu.externaltools.gnu-tools-for-stm32.12.3.rel1.macos64_1.1.0.202410301201/tools/bin/../lib/gcc/arm-none-eabi/12.3.1/thumb/v7e-m+fp/hard/crtbegin.o

.data           0x20000000       0x14 load address 0x0805630c
                0x20000000                        . = ALIGN (0x4)
                0x20000000                        _sdata = .
 *(.data)
 *(.data*)
 .data.cross_check_plausible
                0x20000000        0x2 ./Core/Src/main.o
                0x20000000                cross_check_plausible
 .data.dma_read_complete
                0x20000002        0x1 ./Core/Src/main.o
                0x20000002                dma_read_complete
 *fill*         0x20000003        0x1 
 .data.apps_plausible
                0x20000004        0x2 ./Core/Src/main.o
                0x20000004                apps_plausible
 *fill*         0x20000006        0x2 
 .data.SystemCoreClock
                0x20000008        0x4 ./Core/Src/system_stm32f4xx.o
                0x20000008                SystemCoreClock
 .data.uwTickPrio
                0x2000000c        0x4 ./Drivers/STM32F4xx_HAL_Driver/Src/stm32f4xx_hal.o
                0x2000000c                uwTickPrio
 .data.uwTickFreq
                0x20000010        0x1 ./Drivers/STM32F4xx_HAL_Driver/Src/stm32f4xx_hal.o
                0x20000010                uwTickFreq
 *(.RamFunc)
 *(.RamFunc*)
                0x20000014                        . = ALIGN (0x4)
 *fill*         0x20000011        0x3 
                0x20000014                        _edata = .

.igot.plt       0x20000014        0x0 load address 0x08056320
 .igot.plt      0x20000014        0x0 /Applications/STM32CubeIDE.app/Contents/Eclipse/plugins/com.st.stm32cube.ide.mcu.externaltools.gnu-tools-for-stm32.12.3.rel1.macos64_1.1.0.202410301201/tools/bin/../lib/gcc/arm-none-eabi/12.3.1/thumb/v7e-m+fp/hard/crtbegin.o
                0x20000014                        . = ALIGN (0x4)

.bss            0x20000014      0x2ac load address 0x08056320
                0x20000014                        _sbss = .
                0x20000014                        __bss_start__ = _sbss
 *(.bss)
 .bss           0x20000014       0x1c /Applications/STM32CubeIDE.app/Contents/Eclipse/plugins/com.st.stm32cube.ide.mcu.externaltools.gnu-tools-for-stm32.12.3.rel1.macos64_1.1.0.202410301201/tools/bin/../lib/gcc/arm-none-eabi/12.3.1/thumb/v7e-m+fp/hard/crtbegin.o
 *(.bss*)
 .bss.ctrlStatus
                0x20000030        0x4 ./Core/Src/CANSPI.o
                0x20000030                ctrlStatus
 .bss.idReg     0x20000034        0x4 ./Core/Src/CANSPI.o
                0x20000034                idReg
 .bss.waveFinished
                0x20000038        0x1 ./Core/Src/main.o
 *fill*         0x20000039        0x3 
 .bss.halfwordCount
                0x2000003c        0x4 ./Core/Src/main.o
 .bss.wavePCM   0x20000040        0x4 ./Core/Src/main.o
 .bss.wavPos    0x20000044        0x4 ./Core/Src/main.o
 .bss.inverter_diagnostics
                0x20000048        0x4 ./Core/Src/main.o
                0x20000048                inverter_diagnostics
 .bss.bms_diagnostics
                0x2000004c        0xc ./Core/Src/main.o
                0x2000004c                bms_diagnostics
 .bss.millis_precharge
                0x20000058        0x4 ./Core/Src/main.o
                0x20000058                millis_precharge
 .bss.prechargeState
                0x2000005c        0x1 ./Core/Src/main.o
                0x2000005c                prechargeState
 *fill*         0x2000005d        0x3 
 .bss.millis_RTD
                0x20000060        0x4 ./Core/Src/main.o
                0x20000060                millis_RTD
 .bss.rtdState  0x20000064        0x1 ./Core/Src/main.o
                0x20000064                rtdState
 .bss.readyToDrive
                0x20000065        0x1 ./Core/Src/main.o
                0x20000065                readyToDrive
 *fill*         0x20000066        0x2 
 .bss.bse_as_percent
                0x20000068        0x4 ./Core/Src/main.o
                0x20000068                bse_as_percent
 .bss.apps2_as_percent
                0x2000006c        0x4 ./Core/Src/main.o
                0x2000006c                apps2_as_percent
 .bss.apps1_as_percent
                0x20000070        0x4 ./Core/Src/main.o
                0x20000070                apps1_as_percent
 .bss.ADC_Reads
                0x20000074        0xc ./Core/Src/main.o
                0x20000074                ADC_Reads
 .bss.millis_since_dma_read
                0x20000080        0x4 ./Core/Src/main.o
                0x20000080                millis_since_dma_read
 .bss.millis_since_apps_implausible
                0x20000084        0x4 ./Core/Src/main.o
                0x20000084                millis_since_apps_implausible
 .bss.beginTorqueRequests
                0x20000088        0x1 ./Core/Src/main.o
                0x20000088                beginTorqueRequests
 *fill*         0x20000089        0x3 
 .bss.finalTorqueRequest
                0x2000008c        0x4 ./Core/Src/main.o
                0x2000008c                finalTorqueRequest
 .bss.lastRequestedTorque
                0x20000090        0x4 ./Core/Src/main.o
                0x20000090                lastRequestedTorque
 .bss.requestedTorque
                0x20000094        0x4 ./Core/Src/main.o
                0x20000094                requestedTorque
 .bss.bseValue  0x20000098        0x4 ./Core/Src/main.o
                0x20000098                bseValue
 .bss.apps2Value
                0x2000009c        0x4 ./Core/Src/main.o
                0x2000009c                apps2Value
 .bss.apps1Value
                0x200000a0        0x4 ./Core/Src/main.o
                0x200000a0                apps1Value
 .bss.rxMessage
                0x200000a4       0x14 ./Core/Src/main.o
                0x200000a4                rxMessage
 .bss.txMessage
                0x200000b8       0x14 ./Core/Src/main.o
                0x200000b8                txMessage
 .bss.htim3     0x200000cc       0x48 ./Core/Src/main.o
                0x200000cc                htim3
 .bss.hspi3     0x20000114       0x58 ./Core/Src/main.o
                0x20000114                hspi3
 .bss.hdma_spi2_tx
                0x2000016c       0x60 ./Core/Src/main.o
                0x2000016c                hdma_spi2_tx
 .bss.hi2s2     0x200001cc       0x48 ./Core/Src/main.o
                0x200001cc                hi2s2
 .bss.hdma_adc1
                0x20000214       0x60 ./Core/Src/main.o
                0x20000214                hdma_adc1
 .bss.hadc1     0x20000274       0x48 ./Core/Src/main.o
                0x20000274                hadc1
 .bss.uwTick    0x200002bc        0x4 ./Drivers/STM32F4xx_HAL_Driver/Src/stm32f4xx_hal.o
                0x200002bc                uwTick
 *(COMMON)
                0x200002c0                        . = ALIGN (0x4)
                0x200002c0                        _ebss = .
                0x200002c0                        __bss_end__ = _ebss

._user_heap_stack
                0x200002c0      0x600 load address 0x08056320
                0x200002c0                        . = ALIGN (0x8)
                [!provide]                        PROVIDE (end = .)
                0x200002c0                        PROVIDE (_end = .)
                0x200004c0                        . = (. + _Min_Heap_Size)
 *fill*         0x200002c0      0x200 
                0x200008c0                        . = (. + _Min_Stack_Size)
 *fill*         0x200004c0      0x400 
                0x200008c0                        . = ALIGN (0x8)

/DISCARD/
 libc.a(*)
 libm.a(*)
 libgcc.a(*)

.ARM.attributes
                0x00000000       0x30
 *(.ARM.attributes)
 .ARM.attributes
                0x00000000       0x22 /Applications/STM32CubeIDE.app/Contents/Eclipse/plugins/com.st.stm32cube.ide.mcu.externaltools.gnu-tools-for-stm32.12.3.rel1.macos64_1.1.0.202410301201/tools/bin/../lib/gcc/arm-none-eabi/12.3.1/thumb/v7e-m+fp/hard/crti.o
 .ARM.attributes
                0x00000022       0x34 /Applications/STM32CubeIDE.app/Contents/Eclipse/plugins/com.st.stm32cube.ide.mcu.externaltools.gnu-tools-for-stm32.12.3.rel1.macos64_1.1.0.202410301201/tools/bin/../lib/gcc/arm-none-eabi/12.3.1/thumb/v7e-m+fp/hard/crtbegin.o
 .ARM.attributes
                0x00000056       0x34 ./Core/Src/CANSPI.o
 .ARM.attributes
                0x0000008a       0x34 ./Core/Src/main.o
 .ARM.attributes
                0x000000be       0x34 ./Core/Src/mcp2515.o
 .ARM.attributes
                0x000000f2       0x34 ./Core/Src/stm32f4xx_hal_msp.o
 .ARM.attributes
                0x00000126       0x34 ./Core/Src/stm32f4xx_it.o
 .ARM.attributes
                0x0000015a       0x34 ./Core/Src/system_stm32f4xx.o
 .ARM.attributes
                0x0000018e       0x21 ./Core/Startup/startup_stm32f401retx.o
 .ARM.attributes
                0x000001af       0x34 ./Drivers/STM32F4xx_HAL_Driver/Src/stm32f4xx_hal.o
 .ARM.attributes
                0x000001e3       0x34 ./Drivers/STM32F4xx_HAL_Driver/Src/stm32f4xx_hal_adc.o
 .ARM.attributes
                0x00000217       0x34 ./Drivers/STM32F4xx_HAL_Driver/Src/stm32f4xx_hal_adc_ex.o
 .ARM.attributes
                0x0000024b       0x34 ./Drivers/STM32F4xx_HAL_Driver/Src/stm32f4xx_hal_cortex.o
 .ARM.attributes
                0x0000027f       0x34 ./Drivers/STM32F4xx_HAL_Driver/Src/stm32f4xx_hal_dma.o
 .ARM.attributes
                0x000002b3       0x34 ./Drivers/STM32F4xx_HAL_Driver/Src/stm32f4xx_hal_gpio.o
 .ARM.attributes
                0x000002e7       0x34 ./Drivers/STM32F4xx_HAL_Driver/Src/stm32f4xx_hal_i2s.o
 .ARM.attributes
                0x0000031b       0x34 ./Drivers/STM32F4xx_HAL_Driver/Src/stm32f4xx_hal_i2s_ex.o
 .ARM.attributes
                0x0000034f       0x34 ./Drivers/STM32F4xx_HAL_Driver/Src/stm32f4xx_hal_rcc.o
 .ARM.attributes
                0x00000383       0x34 ./Drivers/STM32F4xx_HAL_Driver/Src/stm32f4xx_hal_rcc_ex.o
 .ARM.attributes
                0x000003b7       0x34 ./Drivers/STM32F4xx_HAL_Driver/Src/stm32f4xx_hal_spi.o
 .ARM.attributes
                0x000003eb       0x34 ./Drivers/STM32F4xx_HAL_Driver/Src/stm32f4xx_hal_tim.o
 .ARM.attributes
                0x0000041f       0x34 ./Drivers/STM32F4xx_HAL_Driver/Src/stm32f4xx_hal_tim_ex.o
 .ARM.attributes
                0x00000453       0x34 /Applications/STM32CubeIDE.app/Contents/Eclipse/plugins/com.st.stm32cube.ide.mcu.externaltools.gnu-tools-for-stm32.12.3.rel1.macos64_1.1.0.202410301201/tools/bin/../lib/gcc/arm-none-eabi/12.3.1/../../../../arm-none-eabi/lib/thumb/v7e-m+fp/hard/libc_nano.a(libc_a-memset.o)
 .ARM.attributes
                0x00000487       0x34 /Applications/STM32CubeIDE.app/Contents/Eclipse/plugins/com.st.stm32cube.ide.mcu.externaltools.gnu-tools-for-stm32.12.3.rel1.macos64_1.1.0.202410301201/tools/bin/../lib/gcc/arm-none-eabi/12.3.1/../../../../arm-none-eabi/lib/thumb/v7e-m+fp/hard/libc_nano.a(libc_a-init.o)
 .ARM.attributes
                0x000004bb       0x22 /Applications/STM32CubeIDE.app/Contents/Eclipse/plugins/com.st.stm32cube.ide.mcu.externaltools.gnu-tools-for-stm32.12.3.rel1.macos64_1.1.0.202410301201/tools/bin/../lib/gcc/arm-none-eabi/12.3.1/thumb/v7e-m+fp/hard/libgcc.a(_aeabi_uldivmod.o)
 .ARM.attributes
                0x000004dd       0x34 /Applications/STM32CubeIDE.app/Contents/Eclipse/plugins/com.st.stm32cube.ide.mcu.externaltools.gnu-tools-for-stm32.12.3.rel1.macos64_1.1.0.202410301201/tools/bin/../lib/gcc/arm-none-eabi/12.3.1/thumb/v7e-m+fp/hard/libgcc.a(_udivmoddi4.o)
 .ARM.attributes
                0x00000511       0x22 /Applications/STM32CubeIDE.app/Contents/Eclipse/plugins/com.st.stm32cube.ide.mcu.externaltools.gnu-tools-for-stm32.12.3.rel1.macos64_1.1.0.202410301201/tools/bin/../lib/gcc/arm-none-eabi/12.3.1/thumb/v7e-m+fp/hard/libgcc.a(_dvmd_tls.o)
 .ARM.attributes
                0x00000533       0x22 /Applications/STM32CubeIDE.app/Contents/Eclipse/plugins/com.st.stm32cube.ide.mcu.externaltools.gnu-tools-for-stm32.12.3.rel1.macos64_1.1.0.202410301201/tools/bin/../lib/gcc/arm-none-eabi/12.3.1/thumb/v7e-m+fp/hard/crtn.o
OUTPUT(VCU.elf elf32-littlearm)
LOAD linker stubs
LOAD /Applications/STM32CubeIDE.app/Contents/Eclipse/plugins/com.st.stm32cube.ide.mcu.externaltools.gnu-tools-for-stm32.12.3.rel1.macos64_1.1.0.202410301201/tools/bin/../lib/gcc/arm-none-eabi/12.3.1/../../../../arm-none-eabi/lib/thumb/v7e-m+fp/hard/libc.a
LOAD /Applications/STM32CubeIDE.app/Contents/Eclipse/plugins/com.st.stm32cube.ide.mcu.externaltools.gnu-tools-for-stm32.12.3.rel1.macos64_1.1.0.202410301201/tools/bin/../lib/gcc/arm-none-eabi/12.3.1/../../../../arm-none-eabi/lib/thumb/v7e-m+fp/hard/libm.a
LOAD /Applications/STM32CubeIDE.app/Contents/Eclipse/plugins/com.st.stm32cube.ide.mcu.externaltools.gnu-tools-for-stm32.12.3.rel1.macos64_1.1.0.202410301201/tools/bin/../lib/gcc/arm-none-eabi/12.3.1/thumb/v7e-m+fp/hard/libgcc.a

.debug_info     0x00000000    0x11cbc
 .debug_info    0x00000000      0xb98 ./Core/Src/CANSPI.o
 .debug_info    0x00000b98     0x28fd ./Core/Src/main.o
 .debug_info    0x00003495      0xb3a ./Core/Src/mcp2515.o
 .debug_info    0x00003fcf     0x1586 ./Core/Src/stm32f4xx_hal_msp.o
 .debug_info    0x00005555      0x9a6 ./Core/Src/stm32f4xx_it.o
 .debug_info    0x00005efb      0x53e ./Core/Src/system_stm32f4xx.o
 .debug_info    0x00006439       0x30 ./Core/Startup/startup_stm32f401retx.o
 .debug_info    0x00006469      0x8bb ./Drivers/STM32F4xx_HAL_Driver/Src/stm32f4xx_hal.o
 .debug_info    0x00006d24      0xcd1 ./Drivers/STM32F4xx_HAL_Driver/Src/stm32f4xx_hal_adc.o
 .debug_info    0x000079f5      0xb56 ./Drivers/STM32F4xx_HAL_Driver/Src/stm32f4xx_hal_adc_ex.o
 .debug_info    0x0000854b      0xcf6 ./Drivers/STM32F4xx_HAL_Driver/Src/stm32f4xx_hal_cortex.o
 .debug_info    0x00009241      0x8e6 ./Drivers/STM32F4xx_HAL_Driver/Src/stm32f4xx_hal_dma.o
 .debug_info    0x00009b27      0x6f9 ./Drivers/STM32F4xx_HAL_Driver/Src/stm32f4xx_hal_gpio.o
 .debug_info    0x0000a220      0xdfd ./Drivers/STM32F4xx_HAL_Driver/Src/stm32f4xx_hal_i2s.o
 .debug_info    0x0000b01d      0xaa4 ./Drivers/STM32F4xx_HAL_Driver/Src/stm32f4xx_hal_i2s_ex.o
 .debug_info    0x0000bac1      0x8f1 ./Drivers/STM32F4xx_HAL_Driver/Src/stm32f4xx_hal_rcc.o
 .debug_info    0x0000c3b2      0x570 ./Drivers/STM32F4xx_HAL_Driver/Src/stm32f4xx_hal_rcc_ex.o
 .debug_info    0x0000c922     0x1530 ./Drivers/STM32F4xx_HAL_Driver/Src/stm32f4xx_hal_spi.o
 .debug_info    0x0000de52     0x2996 ./Drivers/STM32F4xx_HAL_Driver/Src/stm32f4xx_hal_tim.o
 .debug_info    0x000107e8     0x14d4 ./Drivers/STM32F4xx_HAL_Driver/Src/stm32f4xx_hal_tim_ex.o

.debug_abbrev   0x00000000     0x2c93
 .debug_abbrev  0x00000000      0x257 ./Core/Src/CANSPI.o
 .debug_abbrev  0x00000257      0x3d1 ./Core/Src/main.o
 .debug_abbrev  0x00000628      0x2aa ./Core/Src/mcp2515.o
 .debug_abbrev  0x000008d2      0x25f ./Core/Src/stm32f4xx_hal_msp.o
 .debug_abbrev  0x00000b31      0x1a7 ./Core/Src/stm32f4xx_it.o
 .debug_abbrev  0x00000cd8      0x11a ./Core/Src/system_stm32f4xx.o
 .debug_abbrev  0x00000df2       0x24 ./Core/Startup/startup_stm32f401retx.o
 .debug_abbrev  0x00000e16      0x24b ./Drivers/STM32F4xx_HAL_Driver/Src/stm32f4xx_hal.o
 .debug_abbrev  0x00001061      0x20e ./Drivers/STM32F4xx_HAL_Driver/Src/stm32f4xx_hal_adc.o
 .debug_abbrev  0x0000126f      0x22c ./Drivers/STM32F4xx_HAL_Driver/Src/stm32f4xx_hal_adc_ex.o
 .debug_abbrev  0x0000149b      0x31d ./Drivers/STM32F4xx_HAL_Driver/Src/stm32f4xx_hal_cortex.o
 .debug_abbrev  0x000017b8      0x221 ./Drivers/STM32F4xx_HAL_Driver/Src/stm32f4xx_hal_dma.o
 .debug_abbrev  0x000019d9      0x1d3 ./Drivers/STM32F4xx_HAL_Driver/Src/stm32f4xx_hal_gpio.o
 .debug_abbrev  0x00001bac      0x265 ./Drivers/STM32F4xx_HAL_Driver/Src/stm32f4xx_hal_i2s.o
 .debug_abbrev  0x00001e11      0x285 ./Drivers/STM32F4xx_HAL_Driver/Src/stm32f4xx_hal_i2s_ex.o
 .debug_abbrev  0x00002096      0x2b6 ./Drivers/STM32F4xx_HAL_Driver/Src/stm32f4xx_hal_rcc.o
 .debug_abbrev  0x0000234c      0x1b0 ./Drivers/STM32F4xx_HAL_Driver/Src/stm32f4xx_hal_rcc_ex.o
 .debug_abbrev  0x000024fc      0x276 ./Drivers/STM32F4xx_HAL_Driver/Src/stm32f4xx_hal_spi.o
 .debug_abbrev  0x00002772      0x28b ./Drivers/STM32F4xx_HAL_Driver/Src/stm32f4xx_hal_tim.o
 .debug_abbrev  0x000029fd      0x296 ./Drivers/STM32F4xx_HAL_Driver/Src/stm32f4xx_hal_tim_ex.o

.debug_aranges  0x00000000     0x1128
 .debug_aranges
                0x00000000       0x80 ./Core/Src/CANSPI.o
 .debug_aranges
                0x00000080       0xd0 ./Core/Src/main.o
 .debug_aranges
                0x00000150       0xc0 ./Core/Src/mcp2515.o
 .debug_aranges
                0x00000210       0x60 ./Core/Src/stm32f4xx_hal_msp.o
 .debug_aranges
                0x00000270       0x80 ./Core/Src/stm32f4xx_it.o
 .debug_aranges
                0x000002f0       0x28 ./Core/Src/system_stm32f4xx.o
 .debug_aranges
                0x00000318       0x28 ./Core/Startup/startup_stm32f401retx.o
 .debug_aranges
                0x00000340       0xf0 ./Drivers/STM32F4xx_HAL_Driver/Src/stm32f4xx_hal.o
 .debug_aranges
                0x00000430       0xe8 ./Drivers/STM32F4xx_HAL_Driver/Src/stm32f4xx_hal_adc.o
 .debug_aranges
                0x00000518       0x90 ./Drivers/STM32F4xx_HAL_Driver/Src/stm32f4xx_hal_adc_ex.o
 .debug_aranges
                0x000005a8      0x130 ./Drivers/STM32F4xx_HAL_Driver/Src/stm32f4xx_hal_cortex.o
 .debug_aranges
                0x000006d8       0x90 ./Drivers/STM32F4xx_HAL_Driver/Src/stm32f4xx_hal_dma.o
 .debug_aranges
                0x00000768       0x58 ./Drivers/STM32F4xx_HAL_Driver/Src/stm32f4xx_hal_gpio.o
 .debug_aranges
                0x000007c0      0x108 ./Drivers/STM32F4xx_HAL_Driver/Src/stm32f4xx_hal_i2s.o
 .debug_aranges
                0x000008c8       0x88 ./Drivers/STM32F4xx_HAL_Driver/Src/stm32f4xx_hal_i2s_ex.o
 .debug_aranges
                0x00000950       0x88 ./Drivers/STM32F4xx_HAL_Driver/Src/stm32f4xx_hal_rcc.o
 .debug_aranges
                0x000009d8       0x48 ./Drivers/STM32F4xx_HAL_Driver/Src/stm32f4xx_hal_rcc_ex.o
 .debug_aranges
                0x00000a20      0x1d0 ./Drivers/STM32F4xx_HAL_Driver/Src/stm32f4xx_hal_spi.o
 .debug_aranges
                0x00000bf0      0x3d0 ./Drivers/STM32F4xx_HAL_Driver/Src/stm32f4xx_hal_tim.o
 .debug_aranges
                0x00000fc0      0x168 ./Drivers/STM32F4xx_HAL_Driver/Src/stm32f4xx_hal_tim_ex.o

.debug_rnglists
                0x00000000      0xd58
 .debug_rnglists
                0x00000000       0x5f ./Core/Src/CANSPI.o
 .debug_rnglists
                0x0000005f       0xb7 ./Core/Src/main.o
 .debug_rnglists
                0x00000116       0x8b ./Core/Src/mcp2515.o
 .debug_rnglists
                0x000001a1       0x46 ./Core/Src/stm32f4xx_hal_msp.o
 .debug_rnglists
                0x000001e7       0x5b ./Core/Src/stm32f4xx_it.o
 .debug_rnglists
                0x00000242       0x1a ./Core/Src/system_stm32f4xx.o
 .debug_rnglists
                0x0000025c       0x19 ./Core/Startup/startup_stm32f401retx.o
 .debug_rnglists
                0x00000275       0xaf ./Drivers/STM32F4xx_HAL_Driver/Src/stm32f4xx_hal.o
 .debug_rnglists
                0x00000324       0xb5 ./Drivers/STM32F4xx_HAL_Driver/Src/stm32f4xx_hal_adc.o
 .debug_rnglists
                0x000003d9       0x71 ./Drivers/STM32F4xx_HAL_Driver/Src/stm32f4xx_hal_adc_ex.o
 .debug_rnglists
                0x0000044a       0xe0 ./Drivers/STM32F4xx_HAL_Driver/Src/stm32f4xx_hal_cortex.o
 .debug_rnglists
                0x0000052a       0x70 ./Drivers/STM32F4xx_HAL_Driver/Src/stm32f4xx_hal_dma.o
 .debug_rnglists
                0x0000059a       0x3f ./Drivers/STM32F4xx_HAL_Driver/Src/stm32f4xx_hal_gpio.o
 .debug_rnglists
                0x000005d9       0xcc ./Drivers/STM32F4xx_HAL_Driver/Src/stm32f4xx_hal_i2s.o
 .debug_rnglists
                0x000006a5       0x6a ./Drivers/STM32F4xx_HAL_Driver/Src/stm32f4xx_hal_i2s_ex.o
 .debug_rnglists
                0x0000070f       0x66 ./Drivers/STM32F4xx_HAL_Driver/Src/stm32f4xx_hal_rcc.o
 .debug_rnglists
                0x00000775       0x35 ./Drivers/STM32F4xx_HAL_Driver/Src/stm32f4xx_hal_rcc_ex.o
 .debug_rnglists
                0x000007aa      0x16f ./Drivers/STM32F4xx_HAL_Driver/Src/stm32f4xx_hal_spi.o
 .debug_rnglists
                0x00000919      0x31a ./Drivers/STM32F4xx_HAL_Driver/Src/stm32f4xx_hal_tim.o
 .debug_rnglists
                0x00000c33      0x125 ./Drivers/STM32F4xx_HAL_Driver/Src/stm32f4xx_hal_tim_ex.o

.debug_macro    0x00000000    0x19768
 .debug_macro   0x00000000      0x23f ./Core/Src/CANSPI.o
 .debug_macro   0x0000023f      0xab4 ./Core/Src/CANSPI.o
 .debug_macro   0x00000cf3       0x22 ./Core/Src/CANSPI.o
 .debug_macro   0x00000d15      0x2a7 ./Core/Src/CANSPI.o
 .debug_macro   0x00000fbc       0x2e ./Core/Src/CANSPI.o
 .debug_macro   0x00000fea       0x28 ./Core/Src/CANSPI.o
 .debug_macro   0x00001012       0x22 ./Core/Src/CANSPI.o
 .debug_macro   0x00001034       0x8e ./Core/Src/CANSPI.o
 .debug_macro   0x000010c2       0x51 ./Core/Src/CANSPI.o
 .debug_macro   0x00001113      0x103 ./Core/Src/CANSPI.o
 .debug_macro   0x00001216       0x6a ./Core/Src/CANSPI.o
 .debug_macro   0x00001280      0x1df ./Core/Src/CANSPI.o
 .debug_macro   0x0000145f       0x1c ./Core/Src/CANSPI.o
 .debug_macro   0x0000147b       0x22 ./Core/Src/CANSPI.o
 .debug_macro   0x0000149d       0xfb ./Core/Src/CANSPI.o
 .debug_macro   0x00001598     0x1011 ./Core/Src/CANSPI.o
 .debug_macro   0x000025a9      0x11f ./Core/Src/CANSPI.o
 .debug_macro   0x000026c8     0xb86c ./Core/Src/CANSPI.o
 .debug_macro   0x0000df34       0x6d ./Core/Src/CANSPI.o
 .debug_macro   0x0000dfa1     0x369a ./Core/Src/CANSPI.o
 .debug_macro   0x0001163b      0x189 ./Core/Src/CANSPI.o
 .debug_macro   0x000117c4       0x5c ./Core/Src/CANSPI.o
 .debug_macro   0x00011820      0x416 ./Core/Src/CANSPI.o
 .debug_macro   0x00011c36      0x9e9 ./Core/Src/CANSPI.o
 .debug_macro   0x0001261f      0x115 ./Core/Src/CANSPI.o
 .debug_macro   0x00012734       0xf8 ./Core/Src/CANSPI.o
 .debug_macro   0x0001282c       0xa5 ./Core/Src/CANSPI.o
 .debug_macro   0x000128d1      0x15f ./Core/Src/CANSPI.o
 .debug_macro   0x00012a30      0x287 ./Core/Src/CANSPI.o
 .debug_macro   0x00012cb7       0x5f ./Core/Src/CANSPI.o
 .debug_macro   0x00012d16      0x236 ./Core/Src/CANSPI.o
 .debug_macro   0x00012f4c      0x9e1 ./Core/Src/CANSPI.o
 .debug_macro   0x0001392d      0x38b ./Core/Src/CANSPI.o
 .debug_macro   0x00013cb8      0x176 ./Core/Src/CANSPI.o
 .debug_macro   0x00013e2e       0xf9 ./Core/Src/CANSPI.o
 .debug_macro   0x00013f27      0x132 ./Core/Src/CANSPI.o
 .debug_macro   0x00014059      0x264 ./Core/Src/CANSPI.o
 .debug_macro   0x000142bd       0x2e ./Core/Src/CANSPI.o
 .debug_macro   0x000142eb      0x1a7 ./Core/Src/CANSPI.o
 .debug_macro   0x00014492       0x46 ./Core/Src/CANSPI.o
 .debug_macro   0x000144d8       0x4a ./Core/Src/CANSPI.o
 .debug_macro   0x00014522      0x127 ./Core/Src/CANSPI.o
 .debug_macro   0x00014649       0x85 ./Core/Src/CANSPI.o
 .debug_macro   0x000146ce       0x89 ./Core/Src/CANSPI.o
 .debug_macro   0x00014757      0x225 ./Core/Src/CANSPI.o
 .debug_macro   0x0001497c      0x8ed ./Core/Src/CANSPI.o
 .debug_macro   0x00015269       0x47 ./Core/Src/CANSPI.o
 .debug_macro   0x000152b0      0x126 ./Core/Src/CANSPI.o
 .debug_macro   0x000153d6       0xa0 ./Core/Src/CANSPI.o
 .debug_macro   0x00015476       0x10 ./Core/Src/CANSPI.o
 .debug_macro   0x00015486      0x1ba ./Core/Src/CANSPI.o
 .debug_macro   0x00015640      0x393 ./Core/Src/main.o
 .debug_macro   0x000159d3      0xab4 ./Core/Src/main.o
 .debug_macro   0x00016487       0x2a ./Core/Src/main.o
 .debug_macro   0x000164b1       0x61 ./Core/Src/main.o
 .debug_macro   0x00016512       0x43 ./Core/Src/main.o
 .debug_macro   0x00016555       0x34 ./Core/Src/main.o
 .debug_macro   0x00016589       0x16 ./Core/Src/main.o
 .debug_macro   0x0001659f       0x35 ./Core/Src/main.o
 .debug_macro   0x000165d4       0x16 ./Core/Src/main.o
 .debug_macro   0x000165ea       0x43 ./Core/Src/main.o
 .debug_macro   0x0001662d       0x34 ./Core/Src/main.o
 .debug_macro   0x00016661       0x10 ./Core/Src/main.o
 .debug_macro   0x00016671       0x58 ./Core/Src/main.o
 .debug_macro   0x000166c9       0x8e ./Core/Src/main.o
 .debug_macro   0x00016757       0x1c ./Core/Src/main.o
 .debug_macro   0x00016773      0x177 ./Core/Src/main.o
 .debug_macro   0x000168ea      0x369 ./Core/Src/main.o
 .debug_macro   0x00016c53       0x16 ./Core/Src/main.o
 .debug_macro   0x00016c69       0x29 ./Core/Src/main.o
 .debug_macro   0x00016c92      0x19b ./Core/Src/main.o
 .debug_macro   0x00016e2d       0x10 ./Core/Src/main.o
 .debug_macro   0x00016e3d      0x1ba ./Core/Src/main.o
 .debug_macro   0x00016ff7       0x1c ./Core/Src/main.o
 .debug_macro   0x00017013       0x10 ./Core/Src/main.o
 .debug_macro   0x00017023       0x1c ./Core/Src/main.o
 .debug_macro   0x0001703f       0x16 ./Core/Src/main.o
 .debug_macro   0x00017055      0x146 ./Core/Src/main.o
 .debug_macro   0x0001719b      0x258 ./Core/Src/mcp2515.o
 .debug_macro   0x000173f3      0x1b4 ./Core/Src/mcp2515.o
 .debug_macro   0x000175a7      0x21e ./Core/Src/stm32f4xx_hal_msp.o
 .debug_macro   0x000177c5      0x228 ./Core/Src/stm32f4xx_it.o
 .debug_macro   0x000179ed      0x20f ./Core/Src/system_stm32f4xx.o
 .debug_macro   0x00017bfc      0x26f ./Drivers/STM32F4xx_HAL_Driver/Src/stm32f4xx_hal.o
 .debug_macro   0x00017e6b      0x210 ./Drivers/STM32F4xx_HAL_Driver/Src/stm32f4xx_hal_adc.o
 .debug_macro   0x0001807b      0x20f ./Drivers/STM32F4xx_HAL_Driver/Src/stm32f4xx_hal_adc_ex.o
 .debug_macro   0x0001828a      0x20f ./Drivers/STM32F4xx_HAL_Driver/Src/stm32f4xx_hal_cortex.o
 .debug_macro   0x00018499      0x215 ./Drivers/STM32F4xx_HAL_Driver/Src/stm32f4xx_hal_dma.o
 .debug_macro   0x000186ae      0x215 ./Drivers/STM32F4xx_HAL_Driver/Src/stm32f4xx_hal_gpio.o
 .debug_macro   0x000188c3      0x217 ./Drivers/STM32F4xx_HAL_Driver/Src/stm32f4xx_hal_i2s.o
 .debug_macro   0x00018ada      0x20f ./Drivers/STM32F4xx_HAL_Driver/Src/stm32f4xx_hal_i2s_ex.o
 .debug_macro   0x00018ce9      0x233 ./Drivers/STM32F4xx_HAL_Driver/Src/stm32f4xx_hal_rcc.o
 .debug_macro   0x00018f1c      0x20f ./Drivers/STM32F4xx_HAL_Driver/Src/stm32f4xx_hal_rcc_ex.o
 .debug_macro   0x0001912b      0x21e ./Drivers/STM32F4xx_HAL_Driver/Src/stm32f4xx_hal_spi.o
 .debug_macro   0x00019349      0x210 ./Drivers/STM32F4xx_HAL_Driver/Src/stm32f4xx_hal_tim.o
 .debug_macro   0x00019559      0x20f ./Drivers/STM32F4xx_HAL_Driver/Src/stm32f4xx_hal_tim_ex.o

.debug_line     0x00000000    0x1450b
 .debug_line    0x00000000      0xa83 ./Core/Src/CANSPI.o
 .debug_line    0x00000a83     0x1508 ./Core/Src/main.o
 .debug_line    0x00001f8b      0xa21 ./Core/Src/mcp2515.o
 .debug_line    0x000029ac      0x8ea ./Core/Src/stm32f4xx_hal_msp.o
 .debug_line    0x00003296      0x875 ./Core/Src/stm32f4xx_it.o
 .debug_line    0x00003b0b      0x7d7 ./Core/Src/system_stm32f4xx.o
 .debug_line    0x000042e2       0x7a ./Core/Startup/startup_stm32f401retx.o
 .debug_line    0x0000435c      0xa40 ./Drivers/STM32F4xx_HAL_Driver/Src/stm32f4xx_hal.o
 .debug_line    0x00004d9c     0x11fc ./Drivers/STM32F4xx_HAL_Driver/Src/stm32f4xx_hal_adc.o
 .debug_line    0x00005f98      0xf3e ./Drivers/STM32F4xx_HAL_Driver/Src/stm32f4xx_hal_adc_ex.o
 .debug_line    0x00006ed6      0xd32 ./Drivers/STM32F4xx_HAL_Driver/Src/stm32f4xx_hal_cortex.o
 .debug_line    0x00007c08      0xfb0 ./Drivers/STM32F4xx_HAL_Driver/Src/stm32f4xx_hal_dma.o
 .debug_line    0x00008bb8      0xb90 ./Drivers/STM32F4xx_HAL_Driver/Src/stm32f4xx_hal_gpio.o
 .debug_line    0x00009748     0x1434 ./Drivers/STM32F4xx_HAL_Driver/Src/stm32f4xx_hal_i2s.o
 .debug_line    0x0000ab7c     0x1469 ./Drivers/STM32F4xx_HAL_Driver/Src/stm32f4xx_hal_i2s_ex.o
 .debug_line    0x0000bfe5      0xdcb ./Drivers/STM32F4xx_HAL_Driver/Src/stm32f4xx_hal_rcc.o
 .debug_line    0x0000cdb0      0xa6e ./Drivers/STM32F4xx_HAL_Driver/Src/stm32f4xx_hal_rcc_ex.o
 .debug_line    0x0000d81e     0x1d5e ./Drivers/STM32F4xx_HAL_Driver/Src/stm32f4xx_hal_spi.o
 .debug_line    0x0000f57c     0x35be ./Drivers/STM32F4xx_HAL_Driver/Src/stm32f4xx_hal_tim.o
 .debug_line    0x00012b3a     0x19d1 ./Drivers/STM32F4xx_HAL_Driver/Src/stm32f4xx_hal_tim_ex.o

.debug_str      0x00000000    0x9c7f7
 .debug_str     0x00000000    0x936a4 ./Core/Src/CANSPI.o
                              0x93929 (size before relaxing)
 .debug_str     0x000936a4     0x5a20 ./Core/Src/main.o
                              0x98db9 (size before relaxing)
 .debug_str     0x000990c4      0x1be ./Core/Src/mcp2515.o
                              0x939e7 (size before relaxing)
 .debug_str     0x00099282      0x1d4 ./Core/Src/stm32f4xx_hal_msp.o
                              0x93cc4 (size before relaxing)
 .debug_str     0x00099456      0x142 ./Core/Src/stm32f4xx_it.o
                              0x93364 (size before relaxing)
 .debug_str     0x00099598       0xdb ./Core/Src/system_stm32f4xx.o
                              0x92af9 (size before relaxing)
 .debug_str     0x00099673       0x44 ./Core/Startup/startup_stm32f401retx.o
                                 0x7e (size before relaxing)
 .debug_str     0x000996b7      0x5da ./Drivers/STM32F4xx_HAL_Driver/Src/stm32f4xx_hal.o
                              0x9351b (size before relaxing)
 .debug_str     0x00099c91      0x28d ./Drivers/STM32F4xx_HAL_Driver/Src/stm32f4xx_hal_adc.o
                              0x930d4 (size before relaxing)
 .debug_str     0x00099f1e      0x2df ./Drivers/STM32F4xx_HAL_Driver/Src/stm32f4xx_hal_adc_ex.o
                              0x93128 (size before relaxing)
 .debug_str     0x0009a1fd      0x36b ./Drivers/STM32F4xx_HAL_Driver/Src/stm32f4xx_hal_cortex.o
                              0x93285 (size before relaxing)
 .debug_str     0x0009a568      0x2c7 ./Drivers/STM32F4xx_HAL_Driver/Src/stm32f4xx_hal_dma.o
                              0x92f01 (size before relaxing)
 .debug_str     0x0009a82f      0x110 ./Drivers/STM32F4xx_HAL_Driver/Src/stm32f4xx_hal_gpio.o
                              0x92c74 (size before relaxing)
 .debug_str     0x0009a93f      0x28e ./Drivers/STM32F4xx_HAL_Driver/Src/stm32f4xx_hal_i2s.o
                              0x930d8 (size before relaxing)
 .debug_str     0x0009abcd      0x1d1 ./Drivers/STM32F4xx_HAL_Driver/Src/stm32f4xx_hal_i2s_ex.o
                              0x92fd3 (size before relaxing)
 .debug_str     0x0009ad9e      0x228 ./Drivers/STM32F4xx_HAL_Driver/Src/stm32f4xx_hal_rcc.o
                              0x92f2d (size before relaxing)
 .debug_str     0x0009afc6       0xde ./Drivers/STM32F4xx_HAL_Driver/Src/stm32f4xx_hal_rcc_ex.o
                              0x92c5c (size before relaxing)
 .debug_str     0x0009b0a4      0x505 ./Drivers/STM32F4xx_HAL_Driver/Src/stm32f4xx_hal_spi.o
                              0x933a5 (size before relaxing)
 .debug_str     0x0009b5a9      0xdbb ./Drivers/STM32F4xx_HAL_Driver/Src/stm32f4xx_hal_tim.o
                              0x93e71 (size before relaxing)
 .debug_str     0x0009c364      0x493 ./Drivers/STM32F4xx_HAL_Driver/Src/stm32f4xx_hal_tim_ex.o
                              0x9367d (size before relaxing)

.comment        0x00000000       0x43
 .comment       0x00000000       0x43 ./Core/Src/CANSPI.o
                                 0x44 (size before relaxing)
 .comment       0x00000043       0x44 ./Core/Src/main.o
 .comment       0x00000043       0x44 ./Core/Src/mcp2515.o
 .comment       0x00000043       0x44 ./Core/Src/stm32f4xx_hal_msp.o
 .comment       0x00000043       0x44 ./Core/Src/stm32f4xx_it.o
 .comment       0x00000043       0x44 ./Core/Src/system_stm32f4xx.o
 .comment       0x00000043       0x44 ./Drivers/STM32F4xx_HAL_Driver/Src/stm32f4xx_hal.o
 .comment       0x00000043       0x44 ./Drivers/STM32F4xx_HAL_Driver/Src/stm32f4xx_hal_adc.o
 .comment       0x00000043       0x44 ./Drivers/STM32F4xx_HAL_Driver/Src/stm32f4xx_hal_adc_ex.o
 .comment       0x00000043       0x44 ./Drivers/STM32F4xx_HAL_Driver/Src/stm32f4xx_hal_cortex.o
 .comment       0x00000043       0x44 ./Drivers/STM32F4xx_HAL_Driver/Src/stm32f4xx_hal_dma.o
 .comment       0x00000043       0x44 ./Drivers/STM32F4xx_HAL_Driver/Src/stm32f4xx_hal_gpio.o
 .comment       0x00000043       0x44 ./Drivers/STM32F4xx_HAL_Driver/Src/stm32f4xx_hal_i2s.o
 .comment       0x00000043       0x44 ./Drivers/STM32F4xx_HAL_Driver/Src/stm32f4xx_hal_i2s_ex.o
 .comment       0x00000043       0x44 ./Drivers/STM32F4xx_HAL_Driver/Src/stm32f4xx_hal_rcc.o
 .comment       0x00000043       0x44 ./Drivers/STM32F4xx_HAL_Driver/Src/stm32f4xx_hal_rcc_ex.o
 .comment       0x00000043       0x44 ./Drivers/STM32F4xx_HAL_Driver/Src/stm32f4xx_hal_spi.o
 .comment       0x00000043       0x44 ./Drivers/STM32F4xx_HAL_Driver/Src/stm32f4xx_hal_tim.o
 .comment       0x00000043       0x44 ./Drivers/STM32F4xx_HAL_Driver/Src/stm32f4xx_hal_tim_ex.o

.debug_frame    0x00000000     0x46f0
 .debug_frame   0x00000000      0x1d8 ./Core/Src/CANSPI.o
 .debug_frame   0x000001d8      0x24c ./Core/Src/main.o
 .debug_frame   0x00000424      0x2fc ./Core/Src/mcp2515.o
 .debug_frame   0x00000720      0x154 ./Core/Src/stm32f4xx_hal_msp.o
 .debug_frame   0x00000874      0x174 ./Core/Src/stm32f4xx_it.o
 .debug_frame   0x000009e8       0x58 ./Core/Src/system_stm32f4xx.o
 .debug_frame   0x00000a40      0x374 ./Drivers/STM32F4xx_HAL_Driver/Src/stm32f4xx_hal.o
 .debug_frame   0x00000db4      0x3fc ./Drivers/STM32F4xx_HAL_Driver/Src/stm32f4xx_hal_adc.o
 .debug_frame   0x000011b0      0x250 ./Drivers/STM32F4xx_HAL_Driver/Src/stm32f4xx_hal_adc_ex.o
 .debug_frame   0x00001400      0x508 ./Drivers/STM32F4xx_HAL_Driver/Src/stm32f4xx_hal_cortex.o
 .debug_frame   0x00001908      0x250 ./Drivers/STM32F4xx_HAL_Driver/Src/stm32f4xx_hal_dma.o
 .debug_frame   0x00001b58      0x14c ./Drivers/STM32F4xx_HAL_Driver/Src/stm32f4xx_hal_gpio.o
 .debug_frame   0x00001ca4      0x484 ./Drivers/STM32F4xx_HAL_Driver/Src/stm32f4xx_hal_i2s.o
 .debug_frame   0x00002128      0x220 ./Drivers/STM32F4xx_HAL_Driver/Src/stm32f4xx_hal_i2s_ex.o
 .debug_frame   0x00002348      0x1f4 ./Drivers/STM32F4xx_HAL_Driver/Src/stm32f4xx_hal_rcc.o
 .debug_frame   0x0000253c       0xf0 ./Drivers/STM32F4xx_HAL_Driver/Src/stm32f4xx_hal_rcc_ex.o
 .debug_frame   0x0000262c      0x828 ./Drivers/STM32F4xx_HAL_Driver/Src/stm32f4xx_hal_spi.o
 .debug_frame   0x00002e54     0x11b8 ./Drivers/STM32F4xx_HAL_Driver/Src/stm32f4xx_hal_tim.o
 .debug_frame   0x0000400c      0x638 ./Drivers/STM32F4xx_HAL_Driver/Src/stm32f4xx_hal_tim_ex.o
 .debug_frame   0x00004644       0x20 /Applications/STM32CubeIDE.app/Contents/Eclipse/plugins/com.st.stm32cube.ide.mcu.externaltools.gnu-tools-for-stm32.12.3.rel1.macos64_1.1.0.202410301201/tools/bin/../lib/gcc/arm-none-eabi/12.3.1/../../../../arm-none-eabi/lib/thumb/v7e-m+fp/hard/libc_nano.a(libc_a-memset.o)
 .debug_frame   0x00004664       0x2c /Applications/STM32CubeIDE.app/Contents/Eclipse/plugins/com.st.stm32cube.ide.mcu.externaltools.gnu-tools-for-stm32.12.3.rel1.macos64_1.1.0.202410301201/tools/bin/../lib/gcc/arm-none-eabi/12.3.1/../../../../arm-none-eabi/lib/thumb/v7e-m+fp/hard/libc_nano.a(libc_a-init.o)
 .debug_frame   0x00004690       0x2c /Applications/STM32CubeIDE.app/Contents/Eclipse/plugins/com.st.stm32cube.ide.mcu.externaltools.gnu-tools-for-stm32.12.3.rel1.macos64_1.1.0.202410301201/tools/bin/../lib/gcc/arm-none-eabi/12.3.1/thumb/v7e-m+fp/hard/libgcc.a(_aeabi_uldivmod.o)
 .debug_frame   0x000046bc       0x34 /Applications/STM32CubeIDE.app/Contents/Eclipse/plugins/com.st.stm32cube.ide.mcu.externaltools.gnu-tools-for-stm32.12.3.rel1.macos64_1.1.0.202410301201/tools/bin/../lib/gcc/arm-none-eabi/12.3.1/thumb/v7e-m+fp/hard/libgcc.a(_udivmoddi4.o)

.debug_loclists
                0x00000000      0x391
 .debug_loclists
                0x00000000      0x391 ./Core/Src/main.o

.debug_line_str
                0x00000000       0x62
 .debug_line_str
                0x00000000       0x62 ./Core/Startup/startup_stm32f401retx.o
