Archive member included to satisfy reference by file (symbol)

C:/ST/STM32CubeIDE_1.17.0/STM32CubeIDE/plugins/com.st.stm32cube.ide.mcu.externaltools.gnu-tools-for-stm32.13.3.rel1.win32_1.0.0.202411081344/tools/bin/../lib/gcc/arm-none-eabi/13.3.1/../../../../arm-none-eabi/lib/thumb/v7e-m+fp/hard\libc_nano.a(libc_a-exit.o)
                              C:/ST/STM32CubeIDE_1.17.0/STM32CubeIDE/plugins/com.st.stm32cube.ide.mcu.externaltools.gnu-tools-for-stm32.13.3.rel1.win32_1.0.0.202411081344/tools/bin/../lib/gcc/arm-none-eabi/13.3.1/../../../../arm-none-eabi/lib/thumb/v7e-m+fp/hard/crt0.o (exit)
C:/ST/STM32CubeIDE_1.17.0/STM32CubeIDE/plugins/com.st.stm32cube.ide.mcu.externaltools.gnu-tools-for-stm32.13.3.rel1.win32_1.0.0.202411081344/tools/bin/../lib/gcc/arm-none-eabi/13.3.1/../../../../arm-none-eabi/lib/thumb/v7e-m+fp/hard\libc_nano.a(libc_a-findfp.o)
                              C:/ST/STM32CubeIDE_1.17.0/STM32CubeIDE/plugins/com.st.stm32cube.ide.mcu.externaltools.gnu-tools-for-stm32.13.3.rel1.win32_1.0.0.202411081344/tools/bin/../lib/gcc/arm-none-eabi/13.3.1/../../../../arm-none-eabi/lib/thumb/v7e-m+fp/hard\libc_nano.a(libc_a-exit.o) (__stdio_exit_handler)
C:/ST/STM32CubeIDE_1.17.0/STM32CubeIDE/plugins/com.st.stm32cube.ide.mcu.externaltools.gnu-tools-for-stm32.13.3.rel1.win32_1.0.0.202411081344/tools/bin/../lib/gcc/arm-none-eabi/13.3.1/../../../../arm-none-eabi/lib/thumb/v7e-m+fp/hard\libc_nano.a(libc_a-fwalk.o)
                              C:/ST/STM32CubeIDE_1.17.0/STM32CubeIDE/plugins/com.st.stm32cube.ide.mcu.externaltools.gnu-tools-for-stm32.13.3.rel1.win32_1.0.0.202411081344/tools/bin/../lib/gcc/arm-none-eabi/13.3.1/../../../../arm-none-eabi/lib/thumb/v7e-m+fp/hard\libc_nano.a(libc_a-findfp.o) (_fwalk_sglue)
C:/ST/STM32CubeIDE_1.17.0/STM32CubeIDE/plugins/com.st.stm32cube.ide.mcu.externaltools.gnu-tools-for-stm32.13.3.rel1.win32_1.0.0.202411081344/tools/bin/../lib/gcc/arm-none-eabi/13.3.1/../../../../arm-none-eabi/lib/thumb/v7e-m+fp/hard\libc_nano.a(libc_a-stdio.o)
                              C:/ST/STM32CubeIDE_1.17.0/STM32CubeIDE/plugins/com.st.stm32cube.ide.mcu.externaltools.gnu-tools-for-stm32.13.3.rel1.win32_1.0.0.202411081344/tools/bin/../lib/gcc/arm-none-eabi/13.3.1/../../../../arm-none-eabi/lib/thumb/v7e-m+fp/hard\libc_nano.a(libc_a-findfp.o) (__sread)
C:/ST/STM32CubeIDE_1.17.0/STM32CubeIDE/plugins/com.st.stm32cube.ide.mcu.externaltools.gnu-tools-for-stm32.13.3.rel1.win32_1.0.0.202411081344/tools/bin/../lib/gcc/arm-none-eabi/13.3.1/../../../../arm-none-eabi/lib/thumb/v7e-m+fp/hard\libc_nano.a(libc_a-memset.o)
                              C:/ST/STM32CubeIDE_1.17.0/STM32CubeIDE/plugins/com.st.stm32cube.ide.mcu.externaltools.gnu-tools-for-stm32.13.3.rel1.win32_1.0.0.202411081344/tools/bin/../lib/gcc/arm-none-eabi/13.3.1/../../../../arm-none-eabi/lib/thumb/v7e-m+fp/hard/crt0.o (memset)
C:/ST/STM32CubeIDE_1.17.0/STM32CubeIDE/plugins/com.st.stm32cube.ide.mcu.externaltools.gnu-tools-for-stm32.13.3.rel1.win32_1.0.0.202411081344/tools/bin/../lib/gcc/arm-none-eabi/13.3.1/../../../../arm-none-eabi/lib/thumb/v7e-m+fp/hard\libc_nano.a(libc_a-closer.o)
                              C:/ST/STM32CubeIDE_1.17.0/STM32CubeIDE/plugins/com.st.stm32cube.ide.mcu.externaltools.gnu-tools-for-stm32.13.3.rel1.win32_1.0.0.202411081344/tools/bin/../lib/gcc/arm-none-eabi/13.3.1/../../../../arm-none-eabi/lib/thumb/v7e-m+fp/hard\libc_nano.a(libc_a-stdio.o) (_close_r)
C:/ST/STM32CubeIDE_1.17.0/STM32CubeIDE/plugins/com.st.stm32cube.ide.mcu.externaltools.gnu-tools-for-stm32.13.3.rel1.win32_1.0.0.202411081344/tools/bin/../lib/gcc/arm-none-eabi/13.3.1/../../../../arm-none-eabi/lib/thumb/v7e-m+fp/hard\libc_nano.a(libc_a-reent.o)
                              C:/ST/STM32CubeIDE_1.17.0/STM32CubeIDE/plugins/com.st.stm32cube.ide.mcu.externaltools.gnu-tools-for-stm32.13.3.rel1.win32_1.0.0.202411081344/tools/bin/../lib/gcc/arm-none-eabi/13.3.1/../../../../arm-none-eabi/lib/thumb/v7e-m+fp/hard\libc_nano.a(libc_a-closer.o) (errno)
C:/ST/STM32CubeIDE_1.17.0/STM32CubeIDE/plugins/com.st.stm32cube.ide.mcu.externaltools.gnu-tools-for-stm32.13.3.rel1.win32_1.0.0.202411081344/tools/bin/../lib/gcc/arm-none-eabi/13.3.1/../../../../arm-none-eabi/lib/thumb/v7e-m+fp/hard\libc_nano.a(libc_a-impure.o)
                              C:/ST/STM32CubeIDE_1.17.0/STM32CubeIDE/plugins/com.st.stm32cube.ide.mcu.externaltools.gnu-tools-for-stm32.13.3.rel1.win32_1.0.0.202411081344/tools/bin/../lib/gcc/arm-none-eabi/13.3.1/../../../../arm-none-eabi/lib/thumb/v7e-m+fp/hard\libc_nano.a(libc_a-reent.o) (_impure_ptr)
C:/ST/STM32CubeIDE_1.17.0/STM32CubeIDE/plugins/com.st.stm32cube.ide.mcu.externaltools.gnu-tools-for-stm32.13.3.rel1.win32_1.0.0.202411081344/tools/bin/../lib/gcc/arm-none-eabi/13.3.1/../../../../arm-none-eabi/lib/thumb/v7e-m+fp/hard\libc_nano.a(libc_a-lseekr.o)
[...]
Memory Configuration

Name             Origin             Length             Attributes
RAM              0x20000000         0x00018000         xrw
FLASH            0x08000000         0x00080000         xr
*default*        0x00000000         0xffffffff

Linker script and memory map

LOAD C:/ST/STM32CubeIDE_1.17.0/STM32CubeIDE/plugins/com.st.stm32cube.ide.mcu.externaltools.gnu-tools-for-stm32.13.3.rel1.win32_1.0.0.202411081344/tools/bin/../lib/gcc/arm-none-eabi/13.3.1/thumb/v7e-m+fp/hard/crti.o
LOAD C:/ST/STM32CubeIDE_1.17.0/STM32CubeIDE/plugins/com.st.stm32cube.ide.mcu.externaltools.gnu-tools-for-stm32.13.3.rel1.win32_1.0.0.202411081344/tools/bin/../lib/gcc/arm-none-eabi/13.3.1/thumb/v7e-m+fp/hard/crtbegin.o
LOAD C:/ST/STM32CubeIDE_1.17.0/STM32CubeIDE/plugins/com.st.stm32cube.ide.mcu.externaltools.gnu-tools-for-stm32.13.3.rel1.win32_1.0.0.202411081344/tools/bin/../lib/gcc/arm-none-eabi/13.3.1/../../../../arm-none-eabi/lib/thumb/v7e-m+fp/hard/crt0.o
LOAD ./Core/Src/CANSPI.o
LOAD ./Core/Src/gpio.o
LOAD ./Core/Src/main.o
LOAD ./Core/Src/mcp2515.o
LOAD ./Core/Src/stm32f4xx_hal_msp.o
LOAD ./Core/Src/stm32f4xx_it.o
LOAD ./Core/Src/syscalls.o
LOAD ./Core/Src/sysmem.o
LOAD ./Core/Src/system_stm32f4xx.o
LOAD ./Core/Startup/startup_stm32f401retx.o
LOAD ./Drivers/STM32F4xx_HAL_Driver/Src/stm32f4xx_hal.o
LOAD ./Drivers/STM32F4xx_HAL_Driver/Src/stm32f4xx_hal_adc.o
LOAD ./Drivers/STM32F4xx_HAL_Driver/Src/stm32f4xx_hal_adc_ex.o
LOAD ./Drivers/STM32F4xx_HAL_Driver/Src/stm32f4xx_hal_cortex.o
LOAD ./Drivers/STM32F4xx_HAL_Driver/Src/stm32f4xx_hal_dma.o
LOAD ./Drivers/STM32F4xx_HAL_Driver/Src/stm32f4xx_hal_dma_ex.o
LOAD ./Drivers/STM32F4xx_HAL_Driver/Src/stm32f4xx_hal_exti.o
LOAD ./Drivers/STM32F4xx_HAL_Driver/Src/stm32f4xx_hal_flash.o
LOAD ./Drivers/STM32F4xx_HAL_Driver/Src/stm32f4xx_hal_flash_ex.o
LOAD ./Drivers/STM32F4xx_HAL_Driver/Src/stm32f4xx_hal_flash_ramfunc.o
LOAD ./Drivers/STM32F4xx_HAL_Driver/Src/stm32f4xx_hal_gpio.o
LOAD ./Drivers/STM32F4xx_HAL_Driver/Src/stm32f4xx_hal_i2s.o
LOAD ./Drivers/STM32F4xx_HAL_Driver/Src/stm32f4xx_hal_i2s_ex.o
LOAD ./Drivers/STM32F4xx_HAL_Driver/Src/stm32f4xx_hal_pwr.o
LOAD ./Drivers/STM32F4xx_HAL_Driver/Src/stm32f4xx_hal_pwr_ex.o
LOAD ./Drivers/STM32F4xx_HAL_Driver/Src/stm32f4xx_hal_rcc.o
LOAD ./Drivers/STM32F4xx_HAL_Driver/Src/stm32f4xx_hal_rcc_ex.o
LOAD ./Drivers/STM32F4xx_HAL_Driver/Src/stm32f4xx_hal_spi.o
LOAD ./Drivers/STM32F4xx_HAL_Driver/Src/stm32f4xx_hal_tim.o
LOAD ./Drivers/STM32F4xx_HAL_Driver/Src/stm32f4xx_hal_tim_ex.o
LOAD ./Drivers/STM32F4xx_HAL_Driver/Src/stm32f4xx_hal_uart.o
LOAD ./Drivers/STM32F4xx_HAL_Driver/Src/stm32f4xx_ll_adc.o
START GROUP
LOAD C:/ST/STM32CubeIDE_1.17.0/STM32CubeIDE/plugins/com.st.stm32cube.ide.mcu.externaltools.gnu-tools-for-stm32.13.3.rel1.win32_1.0.0.202411081344/tools/bin/../lib/gcc/arm-none-eabi/13.3.1/../../../../arm-none-eabi/lib/thumb/v7e-m+fp/hard\libc_nano.a
LOAD C:/ST/STM32CubeIDE_1.17.0/STM32CubeIDE/plugins/com.st.stm32cube.ide.mcu.externaltools.gnu-tools-for-stm32.13.3.rel1.win32_1.0.0.202411081344/tools/bin/../lib/gcc/arm-none-eabi/13.3.1/../../../../arm-none-eabi/lib/thumb/v7e-m+fp/hard\libm.a
END GROUP
START GROUP
LOAD C:/ST/STM32CubeIDE_1.17.0/STM32CubeIDE/plugins/com.st.stm32cube.ide.mcu.externaltools.gnu-tools-for-stm32.13.3.rel1.win32_1.0.0.202411081344/tools/bin/../lib/gcc/arm-none-eabi/13.3.1/thumb/v7e-m+fp/hard\libgcc.a
LOAD C:/ST/STM32CubeIDE_1.17.0/STM32CubeIDE/plugins/com.st.stm32cube.ide.mcu.externaltools.gnu-tools-for-stm32.13.3.rel1.win32_1.0.0.202411081344/tools/bin/../lib/gcc/arm-none-eabi/13.3.1/../../../../arm-none-eabi/lib/thumb/v7e-m+fp/hard\libc_nano.a
END GROUP
START GROUP
LOAD C:/ST/STM32CubeIDE_1.17.0/STM32CubeIDE/plugins/com.st.stm32cube.ide.mcu.externaltools.gnu-tools-for-stm32.13.3.rel1.win32_1.0.0.202411081344/tools/bin/../lib/gcc/arm-none-eabi/13.3.1/thumb/v7e-m+fp/hard\libgcc.a
LOAD C:/ST/STM32CubeIDE_1.17.0/STM32CubeIDE/plugins/com.st.stm32cube.ide.mcu.externaltools.gnu-tools-for-stm32.13.3.rel1.win32_1.0.0.202411081344/tools/bin/../lib/gcc/arm-none-eabi/13.3.1/../../../../arm-none-eabi/lib/thumb/v7e-m+fp/hard\libc_nano.a
LOAD C:/ST/STM32CubeIDE_1.17.0/STM32CubeIDE/plugins/com.st.stm32cube.ide.mcu.externaltools.gnu-tools-for-stm32.13.3.rel1.win32_1.0.0.202411081344/tools/bin/../lib/gcc/arm-none-eabi/13.3.1/../../../../arm-none-eabi/lib/thumb/v7e-m+fp/hard\libnosys.a
END GROUP
START GROUP
LOAD C:/ST/STM32CubeIDE_1.17.0/STM32CubeIDE/plugins/com.st.stm32cube.ide.mcu.externaltools.gnu-tools-for-stm32.13.3.rel1.win32_1.0.0.202411081344/tools/bin/../lib/gcc/arm-none-eabi/13.3.1/thumb/v7e-m+fp/hard\libgcc.a
LOAD C:/ST/STM32CubeIDE_1.17.0/STM32CubeIDE/plugins/com.st.stm32cube.ide.mcu.externaltools.gnu-tools-for-stm32.13.3.rel1.win32_1.0.0.202411081344/tools/bin/../lib/gcc/arm-none-eabi/13.3.1/../../../../arm-none-eabi/lib/thumb/v7e-m+fp/hard\libc_nano.a
LOAD C:/ST/STM32CubeIDE_1.17.0/STM32CubeIDE/plugins/com.st.stm32cube.ide.mcu.externaltools.gnu-tools-for-stm32.13.3.rel1.win32_1.0.0.202411081344/tools/bin/../lib/gcc/arm-none-eabi/13.3.1/../../../../arm-none-eabi/lib/thumb/v7e-m+fp/hard\libnosys.a
END GROUP
LOAD C:/ST/STM32CubeIDE_1.17.0/STM32CubeIDE/plugins/com.st.stm32cube.ide.mcu.externaltools.gnu-tools-for-stm32.13.3.rel1.win32_1.0.0.202411081344/tools/bin/../lib/gcc/arm-none-eabi/13.3.1/thumb/v7e-m+fp/hard/crtend.o
LOAD C:/ST/STM32CubeIDE_1.17.0/STM32CubeIDE/plugins/com.st.stm32cube.ide.mcu.externaltools.gnu-tools-for-stm32.13.3.rel1.win32_1.0.0.202411081344/tools/bin/../lib/gcc/arm-none-eabi/13.3.1/thumb/v7e-m+fp/hard/crtn.o
                0x20018000                        _estack = (ORIGIN (RAM) + LENGTH (RAM))
                0x00000200                        _Min_Heap_Size = 0x200
                0x00000400                        _Min_Stack_Size = 0x400

.isr_vector     0x08000000      0x194
                0x08000000                        . = ALIGN (0x4)
 *(.isr_vector)
 .isr_vector    0x08000000      0x194 ./Core/Startup/startup_stm32f401retx.o
                0x08000000                g_pfnVectors
                0x08000194                        . = ALIGN (0x4)

.text           0x08000194     0x63c8
                0x08000194                        . = ALIGN (0x4)
 *(.text)
 .text          0x08000194       0x40 C:/ST/STM32CubeIDE_1.17.0/STM32CubeIDE/plugins/com.st.stm32cube.ide.mcu.externaltools.gnu-tools-for-stm32.13.3.rel1.win32_1.0.0.202411081344/tools/bin/../lib/gcc/arm-none-eabi/13.3.1/thumb/v7e-m+fp/hard/crtbegin.o
 .text          0x080001d4       0x30 C:/ST/STM32CubeIDE_1.17.0/STM32CubeIDE/plugins/com.st.stm32cube.ide.mcu.externaltools.gnu-tools-for-stm32.13.3.rel1.win32_1.0.0.202411081344/tools/bin/../lib/gcc/arm-none-eabi/13.3.1/thumb/v7e-m+fp/hard\libgcc.a(_aeabi_uldivmod.o)
                0x080001d4                __aeabi_uldivmod
 .text          0x08000204      0x2f8 C:/ST/STM32CubeIDE_1.17.0/STM32CubeIDE/plugins/com.st.stm32cube.ide.mcu.externaltools.gnu-tools-for-stm32.13.3.rel1.win32_1.0.0.202411081344/tools/bin/../lib/gcc/arm-none-eabi/13.3.1/thumb/v7e-m+fp/hard\libgcc.a(_udivmoddi4.o)
                0x08000204                __udivmoddi4
 .text          0x080004fc        0x4 C:/ST/STM32CubeIDE_1.17.0/STM32CubeIDE/plugins/com.st.stm32cube.ide.mcu.externaltools.gnu-tools-for-stm32.13.3.rel1.win32_1.0.0.202411081344/tools/bin/../lib/gcc/arm-none-eabi/13.3.1/thumb/v7e-m+fp/hard\libgcc.a(_dvmd_tls.o)
                0x080004fc                __aeabi_idiv0
                0x080004fc                __aeabi_ldiv0
 *(.text*)
 .text.CANSPI_Initialize
                0x08000500      0x16a ./Core/Src/CANSPI.o
                0x08000500                CANSPI_Initialize
 *fill*         0x0800066a        0x2 
 .text.CANSPI_Transmit
                0x0800066c      0x128 ./Core/Src/CANSPI.o
                0x0800066c                CANSPI_Transmit
 .text.CANSPI_Receive
                0x08000794       0xf8 ./Core/Src/CANSPI.o
                0x08000794                CANSPI_Receive
 .text.convertReg2ExtendedCANid
                0x0800088c       0x7c ./Core/Src/CANSPI.o
 .text.convertReg2StandardCANid
                0x08000908       0x3a ./Core/Src/CANSPI.o
 .text.convertCANid2Reg
                0x08000942       0xaa ./Core/Src/CANSPI.o
 .text.updateRpm
                0x080009ec       0x38 ./Core/Src/main.o
                0x080009ec                updateRpm
 .text.readFromCAN
                0x08000a24       0x1c ./Core/Src/main.o
                0x08000a24                readFromCAN
 .text.updateBMSDiagnostics
                0x08000a40        0xe ./Core/Src/main.o
                0x08000a40                updateBMSDiagnostics
 *fill*         0x08000a4e        0x2 
 .text.readAPPSandBSE
                0x08000a50       0x80 ./Core/Src/main.o
                0x08000a50                readAPPSandBSE
 .text.calculateTorqueRequest
                0x08000ad0      0x2c4 ./Core/Src/main.o
                0x08000ad0                calculateTorqueRequest
 .text.checkAPPSPlausibility
                0x08000d94      0x110 ./Core/Src/main.o
                0x08000d94                checkAPPSPlausibility
 .text.checkCrossCheck
                0x08000ea4      0x160 ./Core/Src/main.o
                0x08000ea4                checkCrossCheck
 .text.sendTorqueCommand
                0x08001004       0x80 ./Core/Src/main.o
                0x08001004                sendTorqueCommand
 .text.checkReadyToDrive
                0x08001084       0x3c ./Core/Src/main.o
                0x08001084                checkReadyToDrive
 .text.HAL_I2S_TxCpltCallback
                0x080010c0       0x4c ./Core/Src/main.o
                0x080010c0                HAL_I2S_TxCpltCallback
 .text.StartNextChunk
                0x0800110c       0x68 ./Core/Src/main.o
 .text.PlayStartupSoundOnce
                0x08001174       0x40 ./Core/Src/main.o
                0x08001174                PlayStartupSoundOnce
 .text.main     0x080011b4       0xb8 ./Core/Src/main.o
                0x080011b4                main
 .text.SystemClock_Config
                0x0800126c       0xd4 ./Core/Src/main.o
                0x0800126c                SystemClock_Config
 .text.MX_ADC1_Init
                0x08001340       0xe0 ./Core/Src/main.o
 .text.MX_I2S2_Init
                0x08001420       0x5c ./Core/Src/main.o
 .text.MX_SPI3_Init
                0x0800147c       0x6c ./Core/Src/main.o
 .text.MX_TIM3_Init
                0x080014e8       0x9c ./Core/Src/main.o
 .text.MX_USART2_UART_Init
                0x08001584       0x54 ./Core/Src/main.o
 .text.MX_DMA_Init
                0x080015d8       0x6c ./Core/Src/main.o
 .text.MX_GPIO_Init
                0x08001644      0x1b0 ./Core/Src/main.o
 .text.Error_Handler
                0x080017f4        0xc ./Core/Src/main.o
                0x080017f4                Error_Handler
 .text.MCP2515_Initialize
                0x08001800       0x44 ./Core/Src/mcp2515.o
                0x08001800                MCP2515_Initialize
 .text.MCP2515_SetConfigMode
                0x08001844       0x5c ./Core/Src/mcp2515.o
                0x08001844                MCP2515_SetConfigMode
 .text.MCP2515_SetNormalMode
                0x080018a0       0x44 ./Core/Src/mcp2515.o
                0x080018a0                MCP2515_SetNormalMode
 .text.MCP2515_Reset
                0x080018e4       0x30 ./Core/Src/mcp2515.o
                0x080018e4                MCP2515_Reset
 .text.MCP2515_ReadByte
                0x08001914       0x4c ./Core/Src/mcp2515.o
                0x08001914                MCP2515_ReadByte
 .text.MCP2515_ReadRxSequence
                0x08001960       0x4c ./Core/Src/mcp2515.o
                0x08001960                MCP2515_ReadRxSequence
 .text.MCP2515_WriteByte
                0x080019ac       0x50 ./Core/Src/mcp2515.o
                0x080019ac                MCP2515_WriteByte
 .text.MCP2515_WriteByteSequence
                0x080019fc       0x5c ./Core/Src/mcp2515.o
                0x080019fc                MCP2515_WriteByteSequence
 .text.MCP2515_LoadTxSequence
                0x08001a58       0x60 ./Core/Src/mcp2515.o
                0x08001a58                MCP2515_LoadTxSequence
 .text.MCP2515_RequestToSend
                0x08001ab8       0x3c ./Core/Src/mcp2515.o
                0x08001ab8                MCP2515_RequestToSend
 .text.MCP2515_ReadStatus
                0x08001af4       0x44 ./Core/Src/mcp2515.o
                0x08001af4                MCP2515_ReadStatus
 .text.MCP2515_GetRxStatus
                0x08001b38       0x40 ./Core/Src/mcp2515.o
                0x08001b38                MCP2515_GetRxStatus
 .text.SPI_Tx   0x08001b78       0x24 ./Core/Src/mcp2515.o
 .text.SPI_TxBuffer
                0x08001b9c       0x28 ./Core/Src/mcp2515.o
 .text.SPI_Rx   0x08001bc4       0x20 ./Core/Src/mcp2515.o
 .text.SPI_RxBuffer
                0x08001be4       0x28 ./Core/Src/mcp2515.o
 .text.HAL_MspInit
                0x08001c0c       0x50 ./Core/Src/stm32f4xx_hal_msp.o
                0x08001c0c                HAL_MspInit
 .text.HAL_ADC_MspInit
                0x08001c5c      0x124 ./Core/Src/stm32f4xx_hal_msp.o
                0x08001c5c                HAL_ADC_MspInit
 .text.HAL_I2S_MspInit
                0x08001d80      0x138 ./Core/Src/stm32f4xx_hal_msp.o
                0x08001d80                HAL_I2S_MspInit
 .text.HAL_SPI_MspInit
                0x08001eb8       0x90 ./Core/Src/stm32f4xx_hal_msp.o
                0x08001eb8                HAL_SPI_MspInit
 .text.HAL_TIM_Base_MspInit
                0x08001f48       0x44 ./Core/Src/stm32f4xx_hal_msp.o
                0x08001f48                HAL_TIM_Base_MspInit
 .text.HAL_UART_MspInit
                0x08001f8c       0x90 ./Core/Src/stm32f4xx_hal_msp.o
                0x08001f8c                HAL_UART_MspInit
 .text.NMI_Handler
                0x0800201c        0x8 ./Core/Src/stm32f4xx_it.o
                0x0800201c                NMI_Handler
 .text.HardFault_Handler
                0x08002024        0x8 ./Core/Src/stm32f4xx_it.o
                0x08002024                HardFault_Handler
 .text.MemManage_Handler
                0x0800202c        0x8 ./Core/Src/stm32f4xx_it.o
                0x0800202c                MemManage_Handler
 .text.BusFault_Handler
                0x08002034        0x8 ./Core/Src/stm32f4xx_it.o
                0x08002034                BusFault_Handler
 .text.UsageFault_Handler
                0x0800203c        0x8 ./Core/Src/stm32f4xx_it.o
                0x0800203c                UsageFault_Handler
 .text.SVC_Handler
                0x08002044        0xe ./Core/Src/stm32f4xx_it.o
                0x08002044                SVC_Handler
 .text.DebugMon_Handler
                0x08002052        0xe ./Core/Src/stm32f4xx_it.o
                0x08002052                DebugMon_Handler
 .text.PendSV_Handler
                0x08002060        0xe ./Core/Src/stm32f4xx_it.o
                0x08002060                PendSV_Handler
 .text.SysTick_Handler
                0x0800206e        0xc ./Core/Src/stm32f4xx_it.o
                0x0800206e                SysTick_Handler
 *fill*         0x0800207a        0x2 
 .text.DMA1_Stream4_IRQHandler
                0x0800207c       0x14 ./Core/Src/stm32f4xx_it.o
                0x0800207c                DMA1_Stream4_IRQHandler
 .text.DMA2_Stream0_IRQHandler
                0x08002090       0x14 ./Core/Src/stm32f4xx_it.o
                0x08002090                DMA2_Stream0_IRQHandler
 .text.SystemInit
                0x080020a4       0x24 ./Core/Src/system_stm32f4xx.o
                0x080020a4                SystemInit
 .text.Reset_Handler
                0x080020c8       0x50 ./Core/Startup/startup_stm32f401retx.o
                0x080020c8                Reset_Handler
 .text.Default_Handler
                0x08002118        0x2 ./Core/Startup/startup_stm32f401retx.o
                0x08002118                RTC_Alarm_IRQHandler
                0x08002118                EXTI2_IRQHandler
                0x08002118                SPI4_IRQHandler
                0x08002118                TIM1_CC_IRQHandler
                0x08002118                DMA2_Stream5_IRQHandler
                0x08002118                DMA1_Stream5_IRQHandler
                0x08002118                PVD_IRQHandler
                0x08002118                SDIO_IRQHandler
                0x08002118                TAMP_STAMP_IRQHandler
                0x08002118                EXTI3_IRQHandler
                0x08002118                TIM1_UP_TIM10_IRQHandler
                0x08002118                I2C3_ER_IRQHandler
                0x08002118                EXTI0_IRQHandler
                0x08002118                I2C2_EV_IRQHandler
                0x08002118                DMA1_Stream2_IRQHandler
                0x08002118                FPU_IRQHandler
                0x08002118                DMA2_Stream2_IRQHandler
                0x08002118                SPI1_IRQHandler
                0x08002118                TIM1_BRK_TIM9_IRQHandler
                0x08002118                DMA2_Stream3_IRQHandler
                0x08002118                USART6_IRQHandler
                0x08002118                TIM4_IRQHandler
                0x08002118                I2C1_EV_IRQHandler
                0x08002118                DMA1_Stream6_IRQHandler
                0x08002118                DMA1_Stream1_IRQHandler
                0x08002118                TIM3_IRQHandler
                0x08002118                RCC_IRQHandler
                0x08002118                Default_Handler
                0x08002118                EXTI15_10_IRQHandler
                0x08002118                ADC_IRQHandler
                0x08002118                DMA1_Stream7_IRQHandler
                0x08002118                TIM5_IRQHandler
                0x08002118                DMA2_Stream7_IRQHandler
                0x08002118                I2C3_EV_IRQHandler
                0x08002118                EXTI9_5_IRQHandler
                0x08002118                RTC_WKUP_IRQHandler
                0x08002118                SPI2_IRQHandler
                0x08002118                DMA1_Stream0_IRQHandler
                0x08002118                EXTI4_IRQHandler
                0x08002118                WWDG_IRQHandler
                0x08002118                TIM2_IRQHandler
                0x08002118                OTG_FS_WKUP_IRQHandler
                0x08002118                TIM1_TRG_COM_TIM11_IRQHandler
                0x08002118                EXTI1_IRQHandler
                0x08002118                USART2_IRQHandler
                0x08002118                I2C2_ER_IRQHandler
                0x08002118                DMA2_Stream1_IRQHandler
                0x08002118                FLASH_IRQHandler
                0x08002118                DMA2_Stream4_IRQHandler
                0x08002118                USART1_IRQHandler
                0x08002118                OTG_FS_IRQHandler
                0x08002118                SPI3_IRQHandler
                0x08002118                I2C1_ER_IRQHandler
                0x08002118                DMA2_Stream6_IRQHandler
                0x08002118                DMA1_Stream3_IRQHandler
 *fill*         0x0800211a        0x2 
 .text.HAL_Init
                0x0800211c       0x44 ./Drivers/STM32F4xx_HAL_Driver/Src/stm32f4xx_hal.o
                0x0800211c                HAL_Init
 .text.HAL_InitTick
                0x08002160       0x60 ./Drivers/STM32F4xx_HAL_Driver/Src/stm32f4xx_hal.o
                0x08002160                HAL_InitTick
 .text.HAL_IncTick
                0x080021c0       0x28 ./Drivers/STM32F4xx_HAL_Driver/Src/stm32f4xx_hal.o
                0x080021c0                HAL_IncTick
 .text.HAL_GetTick
                0x080021e8       0x18 ./Drivers/STM32F4xx_HAL_Driver/Src/stm32f4xx_hal.o
                0x080021e8                HAL_GetTick
 .text.HAL_Delay
                0x08002200       0x48 ./Drivers/STM32F4xx_HAL_Driver/Src/stm32f4xx_hal.o
                0x08002200                HAL_Delay
 .text.HAL_ADC_Init
                0x08002248       0x86 ./Drivers/STM32F4xx_HAL_Driver/Src/stm32f4xx_hal_adc.o
                0x08002248                HAL_ADC_Init
 *fill*         0x080022ce        0x2 
 .text.HAL_ADC_Start_DMA
                0x080022d0      0x1e0 ./Drivers/STM32F4xx_HAL_Driver/Src/stm32f4xx_hal_adc.o
                0x080022d0                HAL_ADC_Start_DMA
 .text.HAL_ADC_ConvCpltCallback
                0x080024b0       0x14 ./Drivers/STM32F4xx_HAL_Driver/Src/stm32f4xx_hal_adc.o
                0x080024b0                HAL_ADC_ConvCpltCallback
 .text.HAL_ADC_ConvHalfCpltCallback
                0x080024c4       0x14 ./Drivers/STM32F4xx_HAL_Driver/Src/stm32f4xx_hal_adc.o
                0x080024c4                HAL_ADC_ConvHalfCpltCallback
 .text.HAL_ADC_ErrorCallback
                0x080024d8       0x14 ./Drivers/STM32F4xx_HAL_Driver/Src/stm32f4xx_hal_adc.o
                0x080024d8                HAL_ADC_ErrorCallback
 .text.HAL_ADC_ConfigChannel
                0x080024ec      0x244 ./Drivers/STM32F4xx_HAL_Driver/Src/stm32f4xx_hal_adc.o
                0x080024ec                HAL_ADC_ConfigChannel
 .text.ADC_Init
                0x08002730      0x1f8 ./Drivers/STM32F4xx_HAL_Driver/Src/stm32f4xx_hal_adc.o
 .text.ADC_DMAConvCplt
                0x08002928       0xba ./Drivers/STM32F4xx_HAL_Driver/Src/stm32f4xx_hal_adc.o
 .text.ADC_DMAHalfConvCplt
                0x080029e2       0x1c ./Drivers/STM32F4xx_HAL_Driver/Src/stm32f4xx_hal_adc.o
 .text.ADC_DMAError
                0x080029fe       0x2e ./Drivers/STM32F4xx_HAL_Driver/Src/stm32f4xx_hal_adc.o
 .text.__NVIC_SetPriorityGrouping
                0x08002a2c       0x48 ./Drivers/STM32F4xx_HAL_Driver/Src/stm32f4xx_hal_cortex.o
 .text.__NVIC_GetPriorityGrouping
                0x08002a74       0x1c ./Drivers/STM32F4xx_HAL_Driver/Src/stm32f4xx_hal_cortex.o
 .text.__NVIC_EnableIRQ
                0x08002a90       0x3c ./Drivers/STM32F4xx_HAL_Driver/Src/stm32f4xx_hal_cortex.o
 .text.__NVIC_SetPriority
                0x08002acc       0x54 ./Drivers/STM32F4xx_HAL_Driver/Src/stm32f4xx_hal_cortex.o
 .text.NVIC_EncodePriority
                0x08002b20       0x66 ./Drivers/STM32F4xx_HAL_Driver/Src/stm32f4xx_hal_cortex.o
 *fill*         0x08002b86        0x2 
 .text.SysTick_Config
                0x08002b88       0x44 ./Drivers/STM32F4xx_HAL_Driver/Src/stm32f4xx_hal_cortex.o
 .text.HAL_NVIC_SetPriorityGrouping
                0x08002bcc       0x16 ./Drivers/STM32F4xx_HAL_Driver/Src/stm32f4xx_hal_cortex.o
                0x08002bcc                HAL_NVIC_SetPriorityGrouping
 .text.HAL_NVIC_SetPriority
                0x08002be2       0x38 ./Drivers/STM32F4xx_HAL_Driver/Src/stm32f4xx_hal_cortex.o
                0x08002be2                HAL_NVIC_SetPriority
 .text.HAL_NVIC_EnableIRQ
                0x08002c1a       0x1c ./Drivers/STM32F4xx_HAL_Driver/Src/stm32f4xx_hal_cortex.o
                0x08002c1a                HAL_NVIC_EnableIRQ
 .text.HAL_SYSTICK_Config
                0x08002c36       0x18 ./Drivers/STM32F4xx_HAL_Driver/Src/stm32f4xx_hal_cortex.o
                0x08002c36                HAL_SYSTICK_Config
 *fill*         0x08002c4e        0x2 
 .text.HAL_DMA_Init
                0x08002c50      0x15c ./Drivers/STM32F4xx_HAL_Driver/Src/stm32f4xx_hal_dma.o
                0x08002c50                HAL_DMA_Init
 .text.HAL_DMA_Start_IT
                0x08002dac       0xb0 ./Drivers/STM32F4xx_HAL_Driver/Src/stm32f4xx_hal_dma.o
                0x08002dac                HAL_DMA_Start_IT
 .text.HAL_DMA_IRQHandler
                0x08002e5c      0x314 ./Drivers/STM32F4xx_HAL_Driver/Src/stm32f4xx_hal_dma.o
                0x08002e5c                HAL_DMA_IRQHandler
 .text.DMA_SetConfig
                0x08003170       0x5c ./Drivers/STM32F4xx_HAL_Driver/Src/stm32f4xx_hal_dma.o
 .text.DMA_CalcBaseAndBitshift
                0x080031cc       0x6c ./Drivers/STM32F4xx_HAL_Driver/Src/stm32f4xx_hal_dma.o
 .text.DMA_CheckFifoParam
                0x08003238       0xf8 ./Drivers/STM32F4xx_HAL_Driver/Src/stm32f4xx_hal_dma.o
 .text.HAL_GPIO_Init
                0x08003330      0x308 ./Drivers/STM32F4xx_HAL_Driver/Src/stm32f4xx_hal_gpio.o
                0x08003330                HAL_GPIO_Init
 .text.HAL_GPIO_ReadPin
                0x08003638       0x30 ./Drivers/STM32F4xx_HAL_Driver/Src/stm32f4xx_hal_gpio.o
                0x08003638                HAL_GPIO_ReadPin
 .text.HAL_GPIO_WritePin
                0x08003668       0x32 ./Drivers/STM32F4xx_HAL_Driver/Src/stm32f4xx_hal_gpio.o
                0x08003668                HAL_GPIO_WritePin
 *fill*         0x0800369a        0x2 
 .text.HAL_I2S_Init
                0x0800369c      0x280 ./Drivers/STM32F4xx_HAL_Driver/Src/stm32f4xx_hal_i2s.o
                0x0800369c                HAL_I2S_Init
 .text.HAL_I2S_Transmit_DMA
                0x0800391c      0x148 ./Drivers/STM32F4xx_HAL_Driver/Src/stm32f4xx_hal_i2s.o
                0x0800391c                HAL_I2S_Transmit_DMA
 .text.HAL_I2S_TxHalfCpltCallback
                0x08003a64       0x14 ./Drivers/STM32F4xx_HAL_Driver/Src/stm32f4xx_hal_i2s.o
                0x08003a64                HAL_I2S_TxHalfCpltCallback
 .text.HAL_I2S_RxCpltCallback
                0x08003a78       0x14 ./Drivers/STM32F4xx_HAL_Driver/Src/stm32f4xx_hal_i2s.o
                0x08003a78                HAL_I2S_RxCpltCallback
 .text.HAL_I2S_ErrorCallback
                0x08003a8c       0x14 ./Drivers/STM32F4xx_HAL_Driver/Src/stm32f4xx_hal_i2s.o
                0x08003a8c                HAL_I2S_ErrorCallback
 .text.I2S_DMATxCplt
                0x08003aa0       0x42 ./Drivers/STM32F4xx_HAL_Driver/Src/stm32f4xx_hal_i2s.o
 .text.I2S_DMATxHalfCplt
                0x08003ae2       0x1c ./Drivers/STM32F4xx_HAL_Driver/Src/stm32f4xx_hal_i2s.o
 .text.I2S_DMAError
                0x08003afe       0x4c ./Drivers/STM32F4xx_HAL_Driver/Src/stm32f4xx_hal_i2s.o
 .text.I2S_Transmit_IT
                0x08003b4a       0x5c ./Drivers/STM32F4xx_HAL_Driver/Src/stm32f4xx_hal_i2s.o
 .text.I2S_Receive_IT
                0x08003ba6       0x5e ./Drivers/STM32F4xx_HAL_Driver/Src/stm32f4xx_hal_i2s.o
 .text.I2S_IRQHandler
                0x08003c04      0x114 ./Drivers/STM32F4xx_HAL_Driver/Src/stm32f4xx_hal_i2s.o
 .text.HAL_I2SEx_FullDuplex_IRQHandler
                0x08003d18      0x2a8 ./Drivers/STM32F4xx_HAL_Driver/Src/stm32f4xx_hal_i2s_ex.o
                0x08003d18                HAL_I2SEx_FullDuplex_IRQHandler
 .text.HAL_I2SEx_TxRxCpltCallback
                0x08003fc0       0x14 ./Drivers/STM32F4xx_HAL_Driver/Src/stm32f4xx_hal_i2s_ex.o
                0x08003fc0                HAL_I2SEx_TxRxCpltCallback
 .text.I2SEx_TxISR_I2S
                0x08003fd4       0x62 ./Drivers/STM32F4xx_HAL_Driver/Src/stm32f4xx_hal_i2s_ex.o
 *fill*         0x08004036        0x2 
 .text.I2SEx_TxISR_I2SExt
                0x08004038       0x98 ./Drivers/STM32F4xx_HAL_Driver/Src/stm32f4xx_hal_i2s_ex.o
 .text.I2SEx_RxISR_I2S
                0x080040d0       0x64 ./Drivers/STM32F4xx_HAL_Driver/Src/stm32f4xx_hal_i2s_ex.o
 .text.I2SEx_RxISR_I2SExt
                0x08004134       0x98 ./Drivers/STM32F4xx_HAL_Driver/Src/stm32f4xx_hal_i2s_ex.o
 .text.HAL_RCC_OscConfig
                0x080041cc      0x4f0 ./Drivers/STM32F4xx_HAL_Driver/Src/stm32f4xx_hal_rcc.o
                0x080041cc                HAL_RCC_OscConfig
 .text.HAL_RCC_ClockConfig
                0x080046bc      0x1cc ./Drivers/STM32F4xx_HAL_Driver/Src/stm32f4xx_hal_rcc.o
                0x080046bc                HAL_RCC_ClockConfig
 .text.HAL_RCC_GetSysClockFreq
                0x08004888      0x20c ./Drivers/STM32F4xx_HAL_Driver/Src/stm32f4xx_hal_rcc.o
                0x08004888                HAL_RCC_GetSysClockFreq
 .text.HAL_RCC_GetHCLKFreq
                0x08004a94       0x18 ./Drivers/STM32F4xx_HAL_Driver/Src/stm32f4xx_hal_rcc.o
                0x08004a94                HAL_RCC_GetHCLKFreq
 .text.HAL_RCC_GetPCLK1Freq
                0x08004aac       0x28 ./Drivers/STM32F4xx_HAL_Driver/Src/stm32f4xx_hal_rcc.o
                0x08004aac                HAL_RCC_GetPCLK1Freq
 .text.HAL_RCC_GetPCLK2Freq
                0x08004ad4       0x28 ./Drivers/STM32F4xx_HAL_Driver/Src/stm32f4xx_hal_rcc.o
                0x08004ad4                HAL_RCC_GetPCLK2Freq
 .text.HAL_RCCEx_PeriphCLKConfig
                0x08004afc      0x1dc ./Drivers/STM32F4xx_HAL_Driver/Src/stm32f4xx_hal_rcc_ex.o
                0x08004afc                HAL_RCCEx_PeriphCLKConfig
 .text.HAL_RCCEx_GetPeriphCLKFreq
                0x08004cd8       0xc0 ./Drivers/STM32F4xx_HAL_Driver/Src/stm32f4xx_hal_rcc_ex.o
                0x08004cd8                HAL_RCCEx_GetPeriphCLKFreq
 .text.HAL_SPI_Init
                0x08004d98      0x112 ./Drivers/STM32F4xx_HAL_Driver/Src/stm32f4xx_hal_spi.o
                0x08004d98                HAL_SPI_Init
 .text.HAL_SPI_Transmit
                0x08004eaa      0x288 ./Drivers/STM32F4xx_HAL_Driver/Src/stm32f4xx_hal_spi.o
                0x08004eaa                HAL_SPI_Transmit
 .text.HAL_SPI_Receive
                0x08005132      0x232 ./Drivers/STM32F4xx_HAL_Driver/Src/stm32f4xx_hal_spi.o
                0x08005132                HAL_SPI_Receive
 .text.HAL_SPI_TransmitReceive
                0x08005364      0x352 ./Drivers/STM32F4xx_HAL_Driver/Src/stm32f4xx_hal_spi.o
                0x08005364                HAL_SPI_TransmitReceive
 .text.HAL_SPI_GetState
                0x080056b6       0x1c ./Drivers/STM32F4xx_HAL_Driver/Src/stm32f4xx_hal_spi.o
                0x080056b6                HAL_SPI_GetState
 *fill*         0x080056d2        0x2 
 .text.SPI_WaitFlagStateUntilTimeout
                0x080056d4      0x110 ./Drivers/STM32F4xx_HAL_Driver/Src/stm32f4xx_hal_spi.o
 .text.SPI_EndRxTransaction
                0x080057e4       0xca ./Drivers/STM32F4xx_HAL_Driver/Src/stm32f4xx_hal_spi.o
 *fill*         0x080058ae        0x2 
 .text.SPI_EndRxTxTransaction
                0x080058b0       0xa8 ./Drivers/STM32F4xx_HAL_Driver/Src/stm32f4xx_hal_spi.o
 .text.HAL_TIM_Base_Init
                0x08005958       0x9e ./Drivers/STM32F4xx_HAL_Driver/Src/stm32f4xx_hal_tim.o
                0x08005958                HAL_TIM_Base_Init
 *fill*         0x080059f6        0x2 
 .text.HAL_TIM_Base_Start
                0x080059f8       0xb4 ./Drivers/STM32F4xx_HAL_Driver/Src/stm32f4xx_hal_tim.o
                0x080059f8                HAL_TIM_Base_Start
 .text.HAL_TIM_ConfigClockSource
                0x08005aac      0x18e ./Drivers/STM32F4xx_HAL_Driver/Src/stm32f4xx_hal_tim.o
                0x08005aac                HAL_TIM_ConfigClockSource
 *fill*         0x08005c3a        0x2 
 .text.TIM_Base_SetConfig
                0x08005c3c      0x118 ./Drivers/STM32F4xx_HAL_Driver/Src/stm32f4xx_hal_tim.o
                0x08005c3c                TIM_Base_SetConfig
 .text.TIM_TI1_ConfigInputStage
                0x08005d54       0x5e ./Drivers/STM32F4xx_HAL_Driver/Src/stm32f4xx_hal_tim.o
 .text.TIM_TI2_ConfigInputStage
                0x08005db2       0x60 ./Drivers/STM32F4xx_HAL_Driver/Src/stm32f4xx_hal_tim.o
 .text.TIM_ITRx_SetConfig
                0x08005e12       0x36 ./Drivers/STM32F4xx_HAL_Driver/Src/stm32f4xx_hal_tim.o
 .text.TIM_ETR_SetConfig
                0x08005e48       0x40 ./Drivers/STM32F4xx_HAL_Driver/Src/stm32f4xx_hal_tim.o
                0x08005e48                TIM_ETR_SetConfig
 .text.HAL_TIMEx_MasterConfigSynchronization
                0x08005e88       0xdc ./Drivers/STM32F4xx_HAL_Driver/Src/stm32f4xx_hal_tim_ex.o
                0x08005e88                HAL_TIMEx_MasterConfigSynchronization
 .text.HAL_UART_Init
                0x08005f64       0xa0 ./Drivers/STM32F4xx_HAL_Driver/Src/stm32f4xx_hal_uart.o
                0x08005f64                HAL_UART_Init
 .text.UART_SetConfig
                0x08006004      0x4e8 ./Drivers/STM32F4xx_HAL_Driver/Src/stm32f4xx_hal_uart.o
 .text.memset   0x080064ec       0x10 C:/ST/STM32CubeIDE_1.17.0/STM32CubeIDE/plugins/com.st.stm32cube.ide.mcu.externaltools.gnu-tools-for-stm32.13.3.rel1.win32_1.0.0.202411081344/tools/bin/../lib/gcc/arm-none-eabi/13.3.1/../../../../arm-none-eabi/lib/thumb/v7e-m+fp/hard\libc_nano.a(libc_a-memset.o)
                0x080064ec                memset
 .text.__libc_init_array
                0x080064fc       0x48 C:/ST/STM32CubeIDE_1.17.0/STM32CubeIDE/plugins/com.st.stm32cube.ide.mcu.externaltools.gnu-tools-for-stm32.13.3.rel1.win32_1.0.0.202411081344/tools/bin/../lib/gcc/arm-none-eabi/13.3.1/../../../../arm-none-eabi/lib/thumb/v7e-m+fp/hard\libc_nano.a(libc_a-init.o)
                0x080064fc                __libc_init_array
 *(.glue_7)
 .glue_7        0x08006544        0x0 linker stubs
 *(.glue_7t)
 .glue_7t       0x08006544        0x0 linker stubs
 *(.eh_frame)
 .eh_frame      0x08006544        0x0 C:/ST/STM32CubeIDE_1.17.0/STM32CubeIDE/plugins/com.st.stm32cube.ide.mcu.externaltools.gnu-tools-for-stm32.13.3.rel1.win32_1.0.0.202411081344/tools/bin/../lib/gcc/arm-none-eabi/13.3.1/thumb/v7e-m+fp/hard/crtbegin.o
 *(.init)
 .init          0x08006544        0x4 C:/ST/STM32CubeIDE_1.17.0/STM32CubeIDE/plugins/com.st.stm32cube.ide.mcu.externaltools.gnu-tools-for-stm32.13.3.rel1.win32_1.0.0.202411081344/tools/bin/../lib/gcc/arm-none-eabi/13.3.1/thumb/v7e-m+fp/hard/crti.o
                0x08006544                _init
 .init          0x08006548        0x8 C:/ST/STM32CubeIDE_1.17.0/STM32CubeIDE/plugins/com.st.stm32cube.ide.mcu.externaltools.gnu-tools-for-stm32.13.3.rel1.win32_1.0.0.202411081344/tools/bin/../lib/gcc/arm-none-eabi/13.3.1/thumb/v7e-m+fp/hard/crtn.o
 *(.fini)
 .fini          0x08006550        0x4 C:/ST/STM32CubeIDE_1.17.0/STM32CubeIDE/plugins/com.st.stm32cube.ide.mcu.externaltools.gnu-tools-for-stm32.13.3.rel1.win32_1.0.0.202411081344/tools/bin/../lib/gcc/arm-none-eabi/13.3.1/thumb/v7e-m+fp/hard/crti.o
                0x08006550                _fini
 .fini          0x08006554        0x8 C:/ST/STM32CubeIDE_1.17.0/STM32CubeIDE/plugins/com.st.stm32cube.ide.mcu.externaltools.gnu-tools-for-stm32.13.3.rel1.win32_1.0.0.202411081344/tools/bin/../lib/gcc/arm-none-eabi/13.3.1/thumb/v7e-m+fp/hard/crtn.o
                0x0800655c                        . = ALIGN (0x4)
                0x0800655c                        _etext = .

.vfp11_veneer   0x0800655c        0x0
 .vfp11_veneer  0x0800655c        0x0 linker stubs

.v4_bx          0x0800655c        0x0
 .v4_bx         0x0800655c        0x0 linker stubs

.iplt           0x0800655c        0x0
 .iplt          0x0800655c        0x0 C:/ST/STM32CubeIDE_1.17.0/STM32CubeIDE/plugins/com.st.stm32cube.ide.mcu.externaltools.gnu-tools-for-stm32.13.3.rel1.win32_1.0.0.202411081344/tools/bin/../lib/gcc/arm-none-eabi/13.3.1/thumb/v7e-m+fp/hard/crtbegin.o

.rodata         0x0800655c    0x50288
                0x0800655c                        . = ALIGN (0x4)
 *(.rodata)
 *(.rodata*)
 .rodata.TORQUE_ARRAY
                0x0800655c      0x190 ./Core/Src/main.o
                0x0800655c                TORQUE_ARRAY
 .rodata.startup_sound
                0x080066ec    0x500d8 ./Core/Src/main.o
                0x080066ec                startup_sound
 .rodata.AHBPrescTable
                0x080567c4       0x10 ./Core/Src/system_stm32f4xx.o
                0x080567c4                AHBPrescTable
 .rodata.APBPrescTable
                0x080567d4        0x8 ./Core/Src/system_stm32f4xx.o
                0x080567d4                APBPrescTable
 .rodata.flagBitshiftOffset.0
                0x080567dc        0x8 ./Drivers/STM32F4xx_HAL_Driver/Src/stm32f4xx_hal_dma.o
                0x080567e4                        . = ALIGN (0x4)

.ARM.extab      0x080567e4        0x0
                0x080567e4                        . = ALIGN (0x4)
 *(.ARM.extab* .gnu.linkonce.armextab.*)
                0x080567e4                        . = ALIGN (0x4)

.ARM            0x080567e4        0x8
                0x080567e4                        . = ALIGN (0x4)
                0x080567e4                        __exidx_start = .
 *(.ARM.exidx*)
 .ARM.exidx     0x080567e4        0x8 C:/ST/STM32CubeIDE_1.17.0/STM32CubeIDE/plugins/com.st.stm32cube.ide.mcu.externaltools.gnu-tools-for-stm32.13.3.rel1.win32_1.0.0.202411081344/tools/bin/../lib/gcc/arm-none-eabi/13.3.1/thumb/v7e-m+fp/hard\libgcc.a(_udivmoddi4.o)
                0x080567ec                        __exidx_end = .
                0x080567ec                        . = ALIGN (0x4)

.preinit_array  0x080567ec        0x0
                0x080567ec                        . = ALIGN (0x4)
                0x080567ec                        PROVIDE (__preinit_array_start = .)
 *(.preinit_array*)
                0x080567ec                        PROVIDE (__preinit_array_end = .)
                0x080567ec                        . = ALIGN (0x4)

.init_array     0x080567ec        0x4
                0x080567ec                        . = ALIGN (0x4)
                0x080567ec                        PROVIDE (__init_array_start = .)
 *(SORT_BY_NAME(.init_array.*))
 *(.init_array*)
 .init_array    0x080567ec        0x4 C:/ST/STM32CubeIDE_1.17.0/STM32CubeIDE/plugins/com.st.stm32cube.ide.mcu.externaltools.gnu-tools-for-stm32.13.3.rel1.win32_1.0.0.202411081344/tools/bin/../lib/gcc/arm-none-eabi/13.3.1/thumb/v7e-m+fp/hard/crtbegin.o
                0x080567f0                        PROVIDE (__init_array_end = .)
                0x080567f0                        . = ALIGN (0x4)

.fini_array     0x080567f0        0x4
                0x080567f0                        . = ALIGN (0x4)
                [!provide]                        PROVIDE (__fini_array_start = .)
 *(SORT_BY_NAME(.fini_array.*))
 *(.fini_array*)
 .fini_array    0x080567f0        0x4 C:/ST/STM32CubeIDE_1.17.0/STM32CubeIDE/plugins/com.st.stm32cube.ide.mcu.externaltools.gnu-tools-for-stm32.13.3.rel1.win32_1.0.0.202411081344/tools/bin/../lib/gcc/arm-none-eabi/13.3.1/thumb/v7e-m+fp/hard/crtbegin.o
                [!provide]                        PROVIDE (__fini_array_end = .)
                0x080567f4                        . = ALIGN (0x4)
                0x080567f4                        _sidata = LOADADDR (.data)

.rel.dyn        0x080567f4        0x0
 .rel.iplt      0x080567f4        0x0 C:/ST/STM32CubeIDE_1.17.0/STM32CubeIDE/plugins/com.st.stm32cube.ide.mcu.externaltools.gnu-tools-for-stm32.13.3.rel1.win32_1.0.0.202411081344/tools/bin/../lib/gcc/arm-none-eabi/13.3.1/thumb/v7e-m+fp/hard/crtbegin.o

.data           0x20000000       0x14 load address 0x080567f4
                0x20000000                        . = ALIGN (0x4)
                0x20000000                        _sdata = .
 *(.data)
 *(.data*)
 .data.apps_plausible
                0x20000000        0x2 ./Core/Src/main.o
                0x20000000                apps_plausible
 .data.cross_check_plausible
                0x20000002        0x2 ./Core/Src/main.o
                0x20000002                cross_check_plausible
 .data.ADC_BUFFER
                0x20000004        0x4 ./Core/Src/main.o
                0x20000004                ADC_BUFFER
 .data.SystemCoreClock
                0x20000008        0x4 ./Core/Src/system_stm32f4xx.o
                0x20000008                SystemCoreClock
 .data.uwTickPrio
                0x2000000c        0x4 ./Drivers/STM32F4xx_HAL_Driver/Src/stm32f4xx_hal.o
                0x2000000c                uwTickPrio
 .data.uwTickFreq
                0x20000010        0x1 ./Drivers/STM32F4xx_HAL_Driver/Src/stm32f4xx_hal.o
                0x20000010                uwTickFreq
 *(.RamFunc)
 *(.RamFunc*)
                0x20000014                        . = ALIGN (0x4)
 *fill*         0x20000011        0x3 
                0x20000014                        _edata = .

.igot.plt       0x20000014        0x0 load address 0x08056808
 .igot.plt      0x20000014        0x0 C:/ST/STM32CubeIDE_1.17.0/STM32CubeIDE/plugins/com.st.stm32cube.ide.mcu.externaltools.gnu-tools-for-stm32.13.3.rel1.win32_1.0.0.202411081344/tools/bin/../lib/gcc/arm-none-eabi/13.3.1/thumb/v7e-m+fp/hard/crtbegin.o
                0x20000014                        . = ALIGN (0x4)

.bss            0x20000014      0x2e8 load address 0x08056808
                0x20000014                        _sbss = .
                0x20000014                        __bss_start__ = _sbss
 *(.bss)
 .bss           0x20000014       0x1c C:/ST/STM32CubeIDE_1.17.0/STM32CubeIDE/plugins/com.st.stm32cube.ide.mcu.externaltools.gnu-tools-for-stm32.13.3.rel1.win32_1.0.0.202411081344/tools/bin/../lib/gcc/arm-none-eabi/13.3.1/thumb/v7e-m+fp/hard/crtbegin.o
 *(.bss*)
 .bss.ctrlStatus
                0x20000030        0x4 ./Core/Src/CANSPI.o
                0x20000030                ctrlStatus
 .bss.idReg     0x20000034        0x4 ./Core/Src/CANSPI.o
                0x20000034                idReg
 .bss.hadc1     0x20000038       0x48 ./Core/Src/main.o
                0x20000038                hadc1
 .bss.hdma_adc1
                0x20000080       0x60 ./Core/Src/main.o
                0x20000080                hdma_adc1
 .bss.hi2s2     0x200000e0       0x48 ./Core/Src/main.o
                0x200000e0                hi2s2
 .bss.hdma_spi2_tx
                0x20000128       0x60 ./Core/Src/main.o
                0x20000128                hdma_spi2_tx
 .bss.hspi3     0x20000188       0x58 ./Core/Src/main.o
                0x20000188                hspi3
 .bss.htim3     0x200001e0       0x48 ./Core/Src/main.o
                0x200001e0                htim3
 .bss.huart2    0x20000228       0x48 ./Core/Src/main.o
                0x20000228                huart2
 .bss.txMessage
                0x20000270       0x14 ./Core/Src/main.o
                0x20000270                txMessage
 .bss.rxMessage
                0x20000284       0x14 ./Core/Src/main.o
                0x20000284                rxMessage
 .bss.apps1Value
                0x20000298        0x2 ./Core/Src/main.o
                0x20000298                apps1Value
 .bss.apps2Value
                0x2000029a        0x2 ./Core/Src/main.o
                0x2000029a                apps2Value
 .bss.bseValue  0x2000029c        0x2 ./Core/Src/main.o
                0x2000029c                bseValue
 *fill*         0x2000029e        0x2 
 .bss.requestedTorque
                0x200002a0        0x4 ./Core/Src/main.o
                0x200002a0                requestedTorque
 .bss.lastRequestedTorque
                0x200002a4        0x4 ./Core/Src/main.o
                0x200002a4                lastRequestedTorque
 .bss.finalTorqueRequest
                0x200002a8        0x4 ./Core/Src/main.o
                0x200002a8                finalTorqueRequest
 .bss.millis_since_apps_implausible
                0x200002ac        0x4 ./Core/Src/main.o
                0x200002ac                millis_since_apps_implausible
 .bss.millis_since_dma_read
                0x200002b0        0x4 ./Core/Src/main.o
                0x200002b0                millis_since_dma_read
 .bss.ADC_Reads
                0x200002b4        0xc ./Core/Src/main.o
                0x200002b4                ADC_Reads
 .bss.apps1_as_percent
                0x200002c0        0x4 ./Core/Src/main.o
                0x200002c0                apps1_as_percent
 .bss.apps2_as_percent
                0x200002c4        0x4 ./Core/Src/main.o
                0x200002c4                apps2_as_percent
 .bss.bse_as_percent
                0x200002c8        0x4 ./Core/Src/main.o
                0x200002c8                bse_as_percent
 .bss.readyToDrive
                0x200002cc        0x1 ./Core/Src/main.o
                0x200002cc                readyToDrive
 *fill*         0x200002cd        0x3 
 .bss.bms_diagnostics
                0x200002d0       0x14 ./Core/Src/main.o
                0x200002d0                bms_diagnostics
 .bss.inverter_diagnostics
                0x200002e4        0x4 ./Core/Src/main.o
                0x200002e4                inverter_diagnostics
 .bss.wavPos    0x200002e8        0x4 ./Core/Src/main.o
 .bss.wavePCM   0x200002ec        0x4 ./Core/Src/main.o
 .bss.halfwordCount
                0x200002f0        0x4 ./Core/Src/main.o
 .bss.waveFinished
                0x200002f4        0x1 ./Core/Src/main.o
 *fill*         0x200002f5        0x3 
 .bss.uwTick    0x200002f8        0x4 ./Drivers/STM32F4xx_HAL_Driver/Src/stm32f4xx_hal.o
                0x200002f8                uwTick
 *(COMMON)
                0x200002fc                        . = ALIGN (0x4)
                0x200002fc                        _ebss = .
                0x200002fc                        __bss_end__ = _ebss

._user_heap_stack
                0x200002fc      0x604 load address 0x08056808
                0x20000300                        . = ALIGN (0x8)
 *fill*         0x200002fc        0x4 
                [!provide]                        PROVIDE (end = .)
                0x20000300                        PROVIDE (_end = .)
                0x20000500                        . = (. + _Min_Heap_Size)
 *fill*         0x20000300      0x200 
                0x20000900                        . = (. + _Min_Stack_Size)
 *fill*         0x20000500      0x400 
                0x20000900                        . = ALIGN (0x8)

/DISCARD/
 libc.a(*)
 libm.a(*)
 libgcc.a(*)

.ARM.attributes
                0x00000000       0x30
 *(.ARM.attributes)
 .ARM.attributes
                0x00000000       0x22 C:/ST/STM32CubeIDE_1.17.0/STM32CubeIDE/plugins/com.st.stm32cube.ide.mcu.externaltools.gnu-tools-for-stm32.13.3.rel1.win32_1.0.0.202411081344/tools/bin/../lib/gcc/arm-none-eabi/13.3.1/thumb/v7e-m+fp/hard/crti.o
 .ARM.attributes
                0x00000022       0x34 C:/ST/STM32CubeIDE_1.17.0/STM32CubeIDE/plugins/com.st.stm32cube.ide.mcu.externaltools.gnu-tools-for-stm32.13.3.rel1.win32_1.0.0.202411081344/tools/bin/../lib/gcc/arm-none-eabi/13.3.1/thumb/v7e-m+fp/hard/crtbegin.o
 .ARM.attributes
                0x00000056       0x34 ./Core/Src/CANSPI.o
 .ARM.attributes
                0x0000008a       0x34 ./Core/Src/main.o
 .ARM.attributes
                0x000000be       0x34 ./Core/Src/mcp2515.o
 .ARM.attributes
                0x000000f2       0x34 ./Core/Src/stm32f4xx_hal_msp.o
 .ARM.attributes
                0x00000126       0x34 ./Core/Src/stm32f4xx_it.o
 .ARM.attributes
                0x0000015a       0x34 ./Core/Src/system_stm32f4xx.o
 .ARM.attributes
                0x0000018e       0x21 ./Core/Startup/startup_stm32f401retx.o
 .ARM.attributes
                0x000001af       0x34 ./Drivers/STM32F4xx_HAL_Driver/Src/stm32f4xx_hal.o
 .ARM.attributes
                0x000001e3       0x34 ./Drivers/STM32F4xx_HAL_Driver/Src/stm32f4xx_hal_adc.o
 .ARM.attributes
                0x00000217       0x34 ./Drivers/STM32F4xx_HAL_Driver/Src/stm32f4xx_hal_cortex.o
 .ARM.attributes
                0x0000024b       0x34 ./Drivers/STM32F4xx_HAL_Driver/Src/stm32f4xx_hal_dma.o
 .ARM.attributes
                0x0000027f       0x34 ./Drivers/STM32F4xx_HAL_Driver/Src/stm32f4xx_hal_gpio.o
 .ARM.attributes
                0x000002b3       0x34 ./Drivers/STM32F4xx_HAL_Driver/Src/stm32f4xx_hal_i2s.o
 .ARM.attributes
                0x000002e7       0x34 ./Drivers/STM32F4xx_HAL_Driver/Src/stm32f4xx_hal_i2s_ex.o
 .ARM.attributes
                0x0000031b       0x34 ./Drivers/STM32F4xx_HAL_Driver/Src/stm32f4xx_hal_rcc.o
 .ARM.attributes
                0x0000034f       0x34 ./Drivers/STM32F4xx_HAL_Driver/Src/stm32f4xx_hal_rcc_ex.o
 .ARM.attributes
                0x00000383       0x34 ./Drivers/STM32F4xx_HAL_Driver/Src/stm32f4xx_hal_spi.o
 .ARM.attributes
                0x000003b7       0x34 ./Drivers/STM32F4xx_HAL_Driver/Src/stm32f4xx_hal_tim.o
 .ARM.attributes
                0x000003eb       0x34 ./Drivers/STM32F4xx_HAL_Driver/Src/stm32f4xx_hal_tim_ex.o
 .ARM.attributes
                0x0000041f       0x34 ./Drivers/STM32F4xx_HAL_Driver/Src/stm32f4xx_hal_uart.o
 .ARM.attributes
                0x00000453       0x34 C:/ST/STM32CubeIDE_1.17.0/STM32CubeIDE/plugins/com.st.stm32cube.ide.mcu.externaltools.gnu-tools-for-stm32.13.3.rel1.win32_1.0.0.202411081344/tools/bin/../lib/gcc/arm-none-eabi/13.3.1/../../../../arm-none-eabi/lib/thumb/v7e-m+fp/hard\libc_nano.a(libc_a-memset.o)
 .ARM.attributes
                0x00000487       0x34 C:/ST/STM32CubeIDE_1.17.0/STM32CubeIDE/plugins/com.st.stm32cube.ide.mcu.externaltools.gnu-tools-for-stm32.13.3.rel1.win32_1.0.0.202411081344/tools/bin/../lib/gcc/arm-none-eabi/13.3.1/../../../../arm-none-eabi/lib/thumb/v7e-m+fp/hard\libc_nano.a(libc_a-init.o)
 .ARM.attributes
                0x000004bb       0x22 C:/ST/STM32CubeIDE_1.17.0/STM32CubeIDE/plugins/com.st.stm32cube.ide.mcu.externaltools.gnu-tools-for-stm32.13.3.rel1.win32_1.0.0.202411081344/tools/bin/../lib/gcc/arm-none-eabi/13.3.1/thumb/v7e-m+fp/hard\libgcc.a(_aeabi_uldivmod.o)
 .ARM.attributes
                0x000004dd       0x34 C:/ST/STM32CubeIDE_1.17.0/STM32CubeIDE/plugins/com.st.stm32cube.ide.mcu.externaltools.gnu-tools-for-stm32.13.3.rel1.win32_1.0.0.202411081344/tools/bin/../lib/gcc/arm-none-eabi/13.3.1/thumb/v7e-m+fp/hard\libgcc.a(_udivmoddi4.o)
 .ARM.attributes
                0x00000511       0x22 C:/ST/STM32CubeIDE_1.17.0/STM32CubeIDE/plugins/com.st.stm32cube.ide.mcu.externaltools.gnu-tools-for-stm32.13.3.rel1.win32_1.0.0.202411081344/tools/bin/../lib/gcc/arm-none-eabi/13.3.1/thumb/v7e-m+fp/hard\libgcc.a(_dvmd_tls.o)
 .ARM.attributes
                0x00000533       0x22 C:/ST/STM32CubeIDE_1.17.0/STM32CubeIDE/plugins/com.st.stm32cube.ide.mcu.externaltools.gnu-tools-for-stm32.13.3.rel1.win32_1.0.0.202411081344/tools/bin/../lib/gcc/arm-none-eabi/13.3.1/thumb/v7e-m+fp/hard/crtn.o
OUTPUT(VCU.elf elf32-littlearm)
LOAD linker stubs
LOAD C:/ST/STM32CubeIDE_1.17.0/STM32CubeIDE/plugins/com.st.stm32cube.ide.mcu.externaltools.gnu-tools-for-stm32.13.3.rel1.win32_1.0.0.202411081344/tools/bin/../lib/gcc/arm-none-eabi/13.3.1/../../../../arm-none-eabi/lib/thumb/v7e-m+fp/hard\libc.a
LOAD C:/ST/STM32CubeIDE_1.17.0/STM32CubeIDE/plugins/com.st.stm32cube.ide.mcu.externaltools.gnu-tools-for-stm32.13.3.rel1.win32_1.0.0.202411081344/tools/bin/../lib/gcc/arm-none-eabi/13.3.1/../../../../arm-none-eabi/lib/thumb/v7e-m+fp/hard\libm.a
LOAD C:/ST/STM32CubeIDE_1.17.0/STM32CubeIDE/plugins/com.st.stm32cube.ide.mcu.externaltools.gnu-tools-for-stm32.13.3.rel1.win32_1.0.0.202411081344/tools/bin/../lib/gcc/arm-none-eabi/13.3.1/thumb/v7e-m+fp/hard\libgcc.a

.debug_info     0x00000000    0x13590
 .debug_info    0x00000000      0xb29 ./Core/Src/CANSPI.o
 .debug_info    0x00000b29     0x2364 ./Core/Src/main.o
 .debug_info    0x00002e8d      0xaf4 ./Core/Src/mcp2515.o
 .debug_info    0x00003981     0x1677 ./Core/Src/stm32f4xx_hal_msp.o
 .debug_info    0x00004ff8      0x3d7 ./Core/Src/stm32f4xx_it.o
 .debug_info    0x000053cf      0x53e ./Core/Src/system_stm32f4xx.o
 .debug_info    0x0000590d       0x30 ./Core/Startup/startup_stm32f401retx.o
 .debug_info    0x0000593d      0x8bb ./Drivers/STM32F4xx_HAL_Driver/Src/stm32f4xx_hal.o
 .debug_info    0x000061f8      0xcd1 ./Drivers/STM32F4xx_HAL_Driver/Src/stm32f4xx_hal_adc.o
 .debug_info    0x00006ec9      0xcf6 ./Drivers/STM32F4xx_HAL_Driver/Src/stm32f4xx_hal_cortex.o
 .debug_info    0x00007bbf      0x8e6 ./Drivers/STM32F4xx_HAL_Driver/Src/stm32f4xx_hal_dma.o
 .debug_info    0x000084a5      0x6f9 ./Drivers/STM32F4xx_HAL_Driver/Src/stm32f4xx_hal_gpio.o
 .debug_info    0x00008b9e      0xdfd ./Drivers/STM32F4xx_HAL_Driver/Src/stm32f4xx_hal_i2s.o
 .debug_info    0x0000999b      0xaa4 ./Drivers/STM32F4xx_HAL_Driver/Src/stm32f4xx_hal_i2s_ex.o
 .debug_info    0x0000a43f      0x8f1 ./Drivers/STM32F4xx_HAL_Driver/Src/stm32f4xx_hal_rcc.o
 .debug_info    0x0000ad30      0x570 ./Drivers/STM32F4xx_HAL_Driver/Src/stm32f4xx_hal_rcc_ex.o
 .debug_info    0x0000b2a0     0x1530 ./Drivers/STM32F4xx_HAL_Driver/Src/stm32f4xx_hal_spi.o
 .debug_info    0x0000c7d0     0x2996 ./Drivers/STM32F4xx_HAL_Driver/Src/stm32f4xx_hal_tim.o
 .debug_info    0x0000f166     0x14d4 ./Drivers/STM32F4xx_HAL_Driver/Src/stm32f4xx_hal_tim_ex.o
 .debug_info    0x0001063a     0x2f56 ./Drivers/STM32F4xx_HAL_Driver/Src/stm32f4xx_hal_uart.o

.debug_abbrev   0x00000000     0x2c7d
 .debug_abbrev  0x00000000      0x21a ./Core/Src/CANSPI.o
 .debug_abbrev  0x0000021a      0x39f ./Core/Src/main.o
 .debug_abbrev  0x000005b9      0x26e ./Core/Src/mcp2515.o
 .debug_abbrev  0x00000827      0x272 ./Core/Src/stm32f4xx_hal_msp.o
 .debug_abbrev  0x00000a99      0x13a ./Core/Src/stm32f4xx_it.o
 .debug_abbrev  0x00000bd3      0x11a ./Core/Src/system_stm32f4xx.o
 .debug_abbrev  0x00000ced       0x24 ./Core/Startup/startup_stm32f401retx.o
 .debug_abbrev  0x00000d11      0x24b ./Drivers/STM32F4xx_HAL_Driver/Src/stm32f4xx_hal.o
 .debug_abbrev  0x00000f5c      0x20e ./Drivers/STM32F4xx_HAL_Driver/Src/stm32f4xx_hal_adc.o
 .debug_abbrev  0x0000116a      0x31d ./Drivers/STM32F4xx_HAL_Driver/Src/stm32f4xx_hal_cortex.o
 .debug_abbrev  0x00001487      0x221 ./Drivers/STM32F4xx_HAL_Driver/Src/stm32f4xx_hal_dma.o
 .debug_abbrev  0x000016a8      0x1d3 ./Drivers/STM32F4xx_HAL_Driver/Src/stm32f4xx_hal_gpio.o
 .debug_abbrev  0x0000187b      0x265 ./Drivers/STM32F4xx_HAL_Driver/Src/stm32f4xx_hal_i2s.o
 .debug_abbrev  0x00001ae0      0x285 ./Drivers/STM32F4xx_HAL_Driver/Src/stm32f4xx_hal_i2s_ex.o
 .debug_abbrev  0x00001d65      0x2b6 ./Drivers/STM32F4xx_HAL_Driver/Src/stm32f4xx_hal_rcc.o
 .debug_abbrev  0x0000201b      0x1b0 ./Drivers/STM32F4xx_HAL_Driver/Src/stm32f4xx_hal_rcc_ex.o
 .debug_abbrev  0x000021cb      0x276 ./Drivers/STM32F4xx_HAL_Driver/Src/stm32f4xx_hal_spi.o
 .debug_abbrev  0x00002441      0x28b ./Drivers/STM32F4xx_HAL_Driver/Src/stm32f4xx_hal_tim.o
 .debug_abbrev  0x000026cc      0x296 ./Drivers/STM32F4xx_HAL_Driver/Src/stm32f4xx_hal_tim_ex.o
 .debug_abbrev  0x00002962      0x31b ./Drivers/STM32F4xx_HAL_Driver/Src/stm32f4xx_hal_uart.o

.debug_aranges  0x00000000     0x1280
 .debug_aranges
                0x00000000       0x70 ./Core/Src/CANSPI.o
 .debug_aranges
                0x00000070       0xd0 ./Core/Src/main.o
 .debug_aranges
                0x00000140       0xb0 ./Core/Src/mcp2515.o
 .debug_aranges
                0x000001f0       0x70 ./Core/Src/stm32f4xx_hal_msp.o
 .debug_aranges
                0x00000260       0x70 ./Core/Src/stm32f4xx_it.o
 .debug_aranges
                0x000002d0       0x28 ./Core/Src/system_stm32f4xx.o
 .debug_aranges
                0x000002f8       0x28 ./Core/Startup/startup_stm32f401retx.o
 .debug_aranges
                0x00000320       0xf0 ./Drivers/STM32F4xx_HAL_Driver/Src/stm32f4xx_hal.o
 .debug_aranges
                0x00000410       0xe8 ./Drivers/STM32F4xx_HAL_Driver/Src/stm32f4xx_hal_adc.o
 .debug_aranges
                0x000004f8      0x130 ./Drivers/STM32F4xx_HAL_Driver/Src/stm32f4xx_hal_cortex.o
 .debug_aranges
                0x00000628       0x90 ./Drivers/STM32F4xx_HAL_Driver/Src/stm32f4xx_hal_dma.o
 .debug_aranges
                0x000006b8       0x58 ./Drivers/STM32F4xx_HAL_Driver/Src/stm32f4xx_hal_gpio.o
 .debug_aranges
                0x00000710      0x108 ./Drivers/STM32F4xx_HAL_Driver/Src/stm32f4xx_hal_i2s.o
 .debug_aranges
                0x00000818       0x88 ./Drivers/STM32F4xx_HAL_Driver/Src/stm32f4xx_hal_i2s_ex.o
 .debug_aranges
                0x000008a0       0x88 ./Drivers/STM32F4xx_HAL_Driver/Src/stm32f4xx_hal_rcc.o
 .debug_aranges
                0x00000928       0x48 ./Drivers/STM32F4xx_HAL_Driver/Src/stm32f4xx_hal_rcc_ex.o
 .debug_aranges
                0x00000970      0x1d0 ./Drivers/STM32F4xx_HAL_Driver/Src/stm32f4xx_hal_spi.o
 .debug_aranges
                0x00000b40      0x3d0 ./Drivers/STM32F4xx_HAL_Driver/Src/stm32f4xx_hal_tim.o
 .debug_aranges
                0x00000f10      0x168 ./Drivers/STM32F4xx_HAL_Driver/Src/stm32f4xx_hal_tim_ex.o
 .debug_aranges
                0x00001078      0x208 ./Drivers/STM32F4xx_HAL_Driver/Src/stm32f4xx_hal_uart.o

.debug_rnglists
                0x00000000      0xe76
 .debug_rnglists
                0x00000000       0x53 ./Core/Src/CANSPI.o
 .debug_rnglists
                0x00000053       0xa1 ./Core/Src/main.o
 .debug_rnglists
                0x000000f4       0x7f ./Core/Src/mcp2515.o
 .debug_rnglists
                0x00000173       0x53 ./Core/Src/stm32f4xx_hal_msp.o
 .debug_rnglists
                0x000001c6       0x4f ./Core/Src/stm32f4xx_it.o
 .debug_rnglists
                0x00000215       0x1a ./Core/Src/system_stm32f4xx.o
 .debug_rnglists
                0x0000022f       0x19 ./Core/Startup/startup_stm32f401retx.o
 .debug_rnglists
                0x00000248       0xaf ./Drivers/STM32F4xx_HAL_Driver/Src/stm32f4xx_hal.o
 .debug_rnglists
                0x000002f7       0xb5 ./Drivers/STM32F4xx_HAL_Driver/Src/stm32f4xx_hal_adc.o
 .debug_rnglists
                0x000003ac       0xe0 ./Drivers/STM32F4xx_HAL_Driver/Src/stm32f4xx_hal_cortex.o
 .debug_rnglists
                0x0000048c       0x70 ./Drivers/STM32F4xx_HAL_Driver/Src/stm32f4xx_hal_dma.o
 .debug_rnglists
                0x000004fc       0x3f ./Drivers/STM32F4xx_HAL_Driver/Src/stm32f4xx_hal_gpio.o
 .debug_rnglists
                0x0000053b       0xcc ./Drivers/STM32F4xx_HAL_Driver/Src/stm32f4xx_hal_i2s.o
 .debug_rnglists
                0x00000607       0x6a ./Drivers/STM32F4xx_HAL_Driver/Src/stm32f4xx_hal_i2s_ex.o
 .debug_rnglists
                0x00000671       0x66 ./Drivers/STM32F4xx_HAL_Driver/Src/stm32f4xx_hal_rcc.o
 .debug_rnglists
                0x000006d7       0x35 ./Drivers/STM32F4xx_HAL_Driver/Src/stm32f4xx_hal_rcc_ex.o
 .debug_rnglists
                0x0000070c      0x16f ./Drivers/STM32F4xx_HAL_Driver/Src/stm32f4xx_hal_spi.o
 .debug_rnglists
                0x0000087b      0x31a ./Drivers/STM32F4xx_HAL_Driver/Src/stm32f4xx_hal_tim.o
 .debug_rnglists
                0x00000b95      0x125 ./Drivers/STM32F4xx_HAL_Driver/Src/stm32f4xx_hal_tim_ex.o
 .debug_rnglists
                0x00000cba      0x1bc ./Drivers/STM32F4xx_HAL_Driver/Src/stm32f4xx_hal_uart.o

.debug_macro    0x00000000    0x1904a
 .debug_macro   0x00000000      0x249 ./Core/Src/CANSPI.o
 .debug_macro   0x00000249      0xad8 ./Core/Src/CANSPI.o
 .debug_macro   0x00000d21       0x22 ./Core/Src/CANSPI.o
 .debug_macro   0x00000d43      0x2ad ./Core/Src/CANSPI.o
 .debug_macro   0x00000ff0       0x2e ./Core/Src/CANSPI.o
 .debug_macro   0x0000101e       0x28 ./Core/Src/CANSPI.o
 .debug_macro   0x00001046       0x22 ./Core/Src/CANSPI.o
 .debug_macro   0x00001068       0x8e ./Core/Src/CANSPI.o
 .debug_macro   0x000010f6       0x51 ./Core/Src/CANSPI.o
 .debug_macro   0x00001147      0x103 ./Core/Src/CANSPI.o
 .debug_macro   0x0000124a       0x6a ./Core/Src/CANSPI.o
 .debug_macro   0x000012b4      0x1df ./Core/Src/CANSPI.o
 .debug_macro   0x00001493       0x1c ./Core/Src/CANSPI.o
 .debug_macro   0x000014af       0x22 ./Core/Src/CANSPI.o
 .debug_macro   0x000014d1       0xfb ./Core/Src/CANSPI.o
 .debug_macro   0x000015cc     0x1011 ./Core/Src/CANSPI.o
 .debug_macro   0x000025dd      0x11f ./Core/Src/CANSPI.o
 .debug_macro   0x000026fc     0xb86c ./Core/Src/CANSPI.o
 .debug_macro   0x0000df68       0x6d ./Core/Src/CANSPI.o
 .debug_macro   0x0000dfd5     0x369a ./Core/Src/CANSPI.o
 .debug_macro   0x0001166f      0x190 ./Core/Src/CANSPI.o
 .debug_macro   0x000117ff       0x5c ./Core/Src/CANSPI.o
 .debug_macro   0x0001185b      0x416 ./Core/Src/CANSPI.o
 .debug_macro   0x00011c71      0x9e9 ./Core/Src/CANSPI.o
 .debug_macro   0x0001265a      0x115 ./Core/Src/CANSPI.o
 .debug_macro   0x0001276f       0xf8 ./Core/Src/CANSPI.o
 .debug_macro   0x00012867       0xa5 ./Core/Src/CANSPI.o
 .debug_macro   0x0001290c      0x15f ./Core/Src/CANSPI.o
 .debug_macro   0x00012a6b      0x287 ./Core/Src/CANSPI.o
 .debug_macro   0x00012cf2       0x5f ./Core/Src/CANSPI.o
 .debug_macro   0x00012d51      0x236 ./Core/Src/CANSPI.o
 .debug_macro   0x00012f87      0x9e1 ./Core/Src/CANSPI.o
 .debug_macro   0x00013968      0x38b ./Core/Src/CANSPI.o
 .debug_macro   0x00013cf3      0x176 ./Core/Src/CANSPI.o
 .debug_macro   0x00013e69       0xf9 ./Core/Src/CANSPI.o
 .debug_macro   0x00013f62      0x132 ./Core/Src/CANSPI.o
 .debug_macro   0x00014094      0x264 ./Core/Src/CANSPI.o
 .debug_macro   0x000142f8       0x2e ./Core/Src/CANSPI.o
 .debug_macro   0x00014326      0x1a7 ./Core/Src/CANSPI.o
 .debug_macro   0x000144cd       0x46 ./Core/Src/CANSPI.o
 .debug_macro   0x00014513       0x4a ./Core/Src/CANSPI.o
 .debug_macro   0x0001455d      0x127 ./Core/Src/CANSPI.o
 .debug_macro   0x00014684       0x85 ./Core/Src/CANSPI.o
 .debug_macro   0x00014709       0x89 ./Core/Src/CANSPI.o
 .debug_macro   0x00014792      0x225 ./Core/Src/CANSPI.o
 .debug_macro   0x000149b7      0x8ed ./Core/Src/CANSPI.o
 .debug_macro   0x000152a4       0x47 ./Core/Src/CANSPI.o
 .debug_macro   0x000152eb      0x2aa ./Core/Src/CANSPI.o
 .debug_macro   0x00015595      0x126 ./Core/Src/CANSPI.o
 .debug_macro   0x000156bb       0x88 ./Core/Src/CANSPI.o
 .debug_macro   0x00015743       0x10 ./Core/Src/CANSPI.o
 .debug_macro   0x00015753      0x1ba ./Core/Src/CANSPI.o
 .debug_macro   0x0001590d      0x39e ./Core/Src/main.o
 .debug_macro   0x00015cab       0x2a ./Core/Src/main.o
 .debug_macro   0x00015cd5       0x61 ./Core/Src/main.o
 .debug_macro   0x00015d36       0x43 ./Core/Src/main.o
 .debug_macro   0x00015d79       0x34 ./Core/Src/main.o
 .debug_macro   0x00015dad       0x16 ./Core/Src/main.o
 .debug_macro   0x00015dc3       0x3c ./Core/Src/main.o
 .debug_macro   0x00015dff      0x370 ./Core/Src/main.o
 .debug_macro   0x0001616f       0x16 ./Core/Src/main.o
 .debug_macro   0x00016185       0x4a ./Core/Src/main.o
 .debug_macro   0x000161cf       0x34 ./Core/Src/main.o
 .debug_macro   0x00016203       0x10 ./Core/Src/main.o
 .debug_macro   0x00016213       0x58 ./Core/Src/main.o
 .debug_macro   0x0001626b       0x8e ./Core/Src/main.o
 .debug_macro   0x000162f9       0x1c ./Core/Src/main.o
 .debug_macro   0x00016315      0x185 ./Core/Src/main.o
 .debug_macro   0x0001649a       0x16 ./Core/Src/main.o
 .debug_macro   0x000164b0       0x29 ./Core/Src/main.o
 .debug_macro   0x000164d9      0x19b ./Core/Src/main.o
 .debug_macro   0x00016674      0x1ba ./Core/Src/main.o
 .debug_macro   0x0001682e       0x1c ./Core/Src/main.o
 .debug_macro   0x0001684a       0x10 ./Core/Src/main.o
 .debug_macro   0x0001685a       0x1c ./Core/Src/main.o
 .debug_macro   0x00016876       0x16 ./Core/Src/main.o
 .debug_macro   0x0001688c      0x146 ./Core/Src/main.o
 .debug_macro   0x000169d2      0x262 ./Core/Src/mcp2515.o
 .debug_macro   0x00016c34      0x1b4 ./Core/Src/mcp2515.o
 .debug_macro   0x00016de8      0x228 ./Core/Src/stm32f4xx_hal_msp.o
 .debug_macro   0x00017010      0x232 ./Core/Src/stm32f4xx_it.o
 .debug_macro   0x00017242      0x219 ./Core/Src/system_stm32f4xx.o
 .debug_macro   0x0001745b      0x279 ./Drivers/STM32F4xx_HAL_Driver/Src/stm32f4xx_hal.o
 .debug_macro   0x000176d4      0x21a ./Drivers/STM32F4xx_HAL_Driver/Src/stm32f4xx_hal_adc.o
 .debug_macro   0x000178ee      0x219 ./Drivers/STM32F4xx_HAL_Driver/Src/stm32f4xx_hal_cortex.o
 .debug_macro   0x00017b07      0x21f ./Drivers/STM32F4xx_HAL_Driver/Src/stm32f4xx_hal_dma.o
 .debug_macro   0x00017d26      0x21f ./Drivers/STM32F4xx_HAL_Driver/Src/stm32f4xx_hal_gpio.o
 .debug_macro   0x00017f45      0x221 ./Drivers/STM32F4xx_HAL_Driver/Src/stm32f4xx_hal_i2s.o
 .debug_macro   0x00018166      0x219 ./Drivers/STM32F4xx_HAL_Driver/Src/stm32f4xx_hal_i2s_ex.o
 .debug_macro   0x0001837f      0x23d ./Drivers/STM32F4xx_HAL_Driver/Src/stm32f4xx_hal_rcc.o
 .debug_macro   0x000185bc      0x219 ./Drivers/STM32F4xx_HAL_Driver/Src/stm32f4xx_hal_rcc_ex.o
 .debug_macro   0x000187d5      0x228 ./Drivers/STM32F4xx_HAL_Driver/Src/stm32f4xx_hal_spi.o
 .debug_macro   0x000189fd      0x21a ./Drivers/STM32F4xx_HAL_Driver/Src/stm32f4xx_hal_tim.o
 .debug_macro   0x00018c17      0x219 ./Drivers/STM32F4xx_HAL_Driver/Src/stm32f4xx_hal_tim_ex.o
 .debug_macro   0x00018e30      0x21a ./Drivers/STM32F4xx_HAL_Driver/Src/stm32f4xx_hal_uart.o

.debug_line     0x00000000    0x15bef
 .debug_line    0x00000000      0xb02 ./Core/Src/CANSPI.o
 .debug_line    0x00000b02     0x1015 ./Core/Src/main.o
 .debug_line    0x00001b17      0xaae ./Core/Src/mcp2515.o
 .debug_line    0x000025c5      0x9c1 ./Core/Src/stm32f4xx_hal_msp.o
 .debug_line    0x00002f86      0x8b4 ./Core/Src/stm32f4xx_it.o
 .debug_line    0x0000383a      0x85a ./Core/Src/system_stm32f4xx.o
 .debug_line    0x00004094       0x7a ./Core/Startup/startup_stm32f401retx.o
 .debug_line    0x0000410e      0xac7 ./Drivers/STM32F4xx_HAL_Driver/Src/stm32f4xx_hal.o
 .debug_line    0x00004bd5     0x120f ./Drivers/STM32F4xx_HAL_Driver/Src/stm32f4xx_hal_adc.o
 .debug_line    0x00005de4      0xd97 ./Drivers/STM32F4xx_HAL_Driver/Src/stm32f4xx_hal_cortex.o
 .debug_line    0x00006b7b     0x1033 ./Drivers/STM32F4xx_HAL_Driver/Src/stm32f4xx_hal_dma.o
 .debug_line    0x00007bae      0xbe3 ./Drivers/STM32F4xx_HAL_Driver/Src/stm32f4xx_hal_gpio.o
 .debug_line    0x00008791     0x141f ./Drivers/STM32F4xx_HAL_Driver/Src/stm32f4xx_hal_i2s.o
 .debug_line    0x00009bb0     0x1317 ./Drivers/STM32F4xx_HAL_Driver/Src/stm32f4xx_hal_i2s_ex.o
 .debug_line    0x0000aec7      0xed6 ./Drivers/STM32F4xx_HAL_Driver/Src/stm32f4xx_hal_rcc.o
 .debug_line    0x0000bd9d      0xb50 ./Drivers/STM32F4xx_HAL_Driver/Src/stm32f4xx_hal_rcc_ex.o
 .debug_line    0x0000c8ed     0x1d5c ./Drivers/STM32F4xx_HAL_Driver/Src/stm32f4xx_hal_spi.o
 .debug_line    0x0000e649     0x360e ./Drivers/STM32F4xx_HAL_Driver/Src/stm32f4xx_hal_tim.o
 .debug_line    0x00011c57     0x19c2 ./Drivers/STM32F4xx_HAL_Driver/Src/stm32f4xx_hal_tim_ex.o
 .debug_line    0x00013619     0x25d6 ./Drivers/STM32F4xx_HAL_Driver/Src/stm32f4xx_hal_uart.o

.debug_str      0x00000000    0x9e967
 .debug_str     0x00000000    0x9e967 ./Core/Src/CANSPI.o
                              0x956db (size before relaxing)
 .debug_str     0x0009e967    0x9ad13 ./Core/Src/main.o
 .debug_str     0x0009e967    0x957e3 ./Core/Src/mcp2515.o
 .debug_str     0x0009e967    0x958ee ./Core/Src/stm32f4xx_hal_msp.o
 .debug_str     0x0009e967    0x94cdf ./Core/Src/stm32f4xx_it.o
 .debug_str     0x0009e967    0x94978 ./Core/Src/system_stm32f4xx.o
 .debug_str     0x0009e967       0x76 ./Core/Startup/startup_stm32f401retx.o
 .debug_str     0x0009e967    0x9539a ./Drivers/STM32F4xx_HAL_Driver/Src/stm32f4xx_hal.o
 .debug_str     0x0009e967    0x94f53 ./Drivers/STM32F4xx_HAL_Driver/Src/stm32f4xx_hal_adc.o
 .debug_str     0x0009e967    0x95104 ./Drivers/STM32F4xx_HAL_Driver/Src/stm32f4xx_hal_cortex.o
 .debug_str     0x0009e967    0x94d80 ./Drivers/STM32F4xx_HAL_Driver/Src/stm32f4xx_hal_dma.o
 .debug_str     0x0009e967    0x94af3 ./Drivers/STM32F4xx_HAL_Driver/Src/stm32f4xx_hal_gpio.o
 .debug_str     0x0009e967    0x94f57 ./Drivers/STM32F4xx_HAL_Driver/Src/stm32f4xx_hal_i2s.o
 .debug_str     0x0009e967    0x94e52 ./Drivers/STM32F4xx_HAL_Driver/Src/stm32f4xx_hal_i2s_ex.o
 .debug_str     0x0009e967    0x94dac ./Drivers/STM32F4xx_HAL_Driver/Src/stm32f4xx_hal_rcc.o
 .debug_str     0x0009e967    0x94adb ./Drivers/STM32F4xx_HAL_Driver/Src/stm32f4xx_hal_rcc_ex.o
 .debug_str     0x0009e967    0x95224 ./Drivers/STM32F4xx_HAL_Driver/Src/stm32f4xx_hal_spi.o
 .debug_str     0x0009e967    0x95cf0 ./Drivers/STM32F4xx_HAL_Driver/Src/stm32f4xx_hal_tim.o
 .debug_str     0x0009e967    0x954fc ./Drivers/STM32F4xx_HAL_Driver/Src/stm32f4xx_hal_tim_ex.o
 .debug_str     0x0009e967    0x9537b ./Drivers/STM32F4xx_HAL_Driver/Src/stm32f4xx_hal_uart.o

.comment        0x00000000       0x43
 .comment       0x00000000       0x43 ./Core/Src/CANSPI.o
                                 0x44 (size before relaxing)
 .comment       0x00000043       0x44 ./Core/Src/main.o
 .comment       0x00000043       0x44 ./Core/Src/mcp2515.o
 .comment       0x00000043       0x44 ./Core/Src/stm32f4xx_hal_msp.o
 .comment       0x00000043       0x44 ./Core/Src/stm32f4xx_it.o
 .comment       0x00000043       0x44 ./Core/Src/system_stm32f4xx.o
 .comment       0x00000043       0x44 ./Drivers/STM32F4xx_HAL_Driver/Src/stm32f4xx_hal.o
 .comment       0x00000043       0x44 ./Drivers/STM32F4xx_HAL_Driver/Src/stm32f4xx_hal_adc.o
 .comment       0x00000043       0x44 ./Drivers/STM32F4xx_HAL_Driver/Src/stm32f4xx_hal_cortex.o
 .comment       0x00000043       0x44 ./Drivers/STM32F4xx_HAL_Driver/Src/stm32f4xx_hal_dma.o
 .comment       0x00000043       0x44 ./Drivers/STM32F4xx_HAL_Driver/Src/stm32f4xx_hal_gpio.o
 .comment       0x00000043       0x44 ./Drivers/STM32F4xx_HAL_Driver/Src/stm32f4xx_hal_i2s.o
 .comment       0x00000043       0x44 ./Drivers/STM32F4xx_HAL_Driver/Src/stm32f4xx_hal_i2s_ex.o
 .comment       0x00000043       0x44 ./Drivers/STM32F4xx_HAL_Driver/Src/stm32f4xx_hal_rcc.o
 .comment       0x00000043       0x44 ./Drivers/STM32F4xx_HAL_Driver/Src/stm32f4xx_hal_rcc_ex.o
 .comment       0x00000043       0x44 ./Drivers/STM32F4xx_HAL_Driver/Src/stm32f4xx_hal_spi.o
 .comment       0x00000043       0x44 ./Drivers/STM32F4xx_HAL_Driver/Src/stm32f4xx_hal_tim.o
 .comment       0x00000043       0x44 ./Drivers/STM32F4xx_HAL_Driver/Src/stm32f4xx_hal_tim_ex.o
 .comment       0x00000043       0x44 ./Drivers/STM32F4xx_HAL_Driver/Src/stm32f4xx_hal_uart.o

.debug_frame    0x00000000     0x4e40
 .debug_frame   0x00000000      0x1a0 ./Core/Src/CANSPI.o
 .debug_frame   0x000001a0      0x300 ./Core/Src/main.o
 .debug_frame   0x000004a0      0x2b4 ./Core/Src/mcp2515.o
 .debug_frame   0x00000754      0x1a4 ./Core/Src/stm32f4xx_hal_msp.o
 .debug_frame   0x000008f8      0x13c ./Core/Src/stm32f4xx_it.o
 .debug_frame   0x00000a34       0x58 ./Core/Src/system_stm32f4xx.o
 .debug_frame   0x00000a8c      0x374 ./Drivers/STM32F4xx_HAL_Driver/Src/stm32f4xx_hal.o
 .debug_frame   0x00000e00      0x3fc ./Drivers/STM32F4xx_HAL_Driver/Src/stm32f4xx_hal_adc.o
 .debug_frame   0x000011fc      0x508 ./Drivers/STM32F4xx_HAL_Driver/Src/stm32f4xx_hal_cortex.o
 .debug_frame   0x00001704      0x250 ./Drivers/STM32F4xx_HAL_Driver/Src/stm32f4xx_hal_dma.o
 .debug_frame   0x00001954      0x14c ./Drivers/STM32F4xx_HAL_Driver/Src/stm32f4xx_hal_gpio.o
 .debug_frame   0x00001aa0      0x484 ./Drivers/STM32F4xx_HAL_Driver/Src/stm32f4xx_hal_i2s.o
 .debug_frame   0x00001f24      0x220 ./Drivers/STM32F4xx_HAL_Driver/Src/stm32f4xx_hal_i2s_ex.o
 .debug_frame   0x00002144      0x1f4 ./Drivers/STM32F4xx_HAL_Driver/Src/stm32f4xx_hal_rcc.o
 .debug_frame   0x00002338       0xf0 ./Drivers/STM32F4xx_HAL_Driver/Src/stm32f4xx_hal_rcc_ex.o
 .debug_frame   0x00002428      0x828 ./Drivers/STM32F4xx_HAL_Driver/Src/stm32f4xx_hal_spi.o
 .debug_frame   0x00002c50     0x11b8 ./Drivers/STM32F4xx_HAL_Driver/Src/stm32f4xx_hal_tim.o
 .debug_frame   0x00003e08      0x638 ./Drivers/STM32F4xx_HAL_Driver/Src/stm32f4xx_hal_tim_ex.o
 .debug_frame   0x00004440      0x954 ./Drivers/STM32F4xx_HAL_Driver/Src/stm32f4xx_hal_uart.o
 .debug_frame   0x00004d94       0x20 C:/ST/STM32CubeIDE_1.17.0/STM32CubeIDE/plugins/com.st.stm32cube.ide.mcu.externaltools.gnu-tools-for-stm32.13.3.rel1.win32_1.0.0.202411081344/tools/bin/../lib/gcc/arm-none-eabi/13.3.1/../../../../arm-none-eabi/lib/thumb/v7e-m+fp/hard\libc_nano.a(libc_a-memset.o)
 .debug_frame   0x00004db4       0x2c C:/ST/STM32CubeIDE_1.17.0/STM32CubeIDE/plugins/com.st.stm32cube.ide.mcu.externaltools.gnu-tools-for-stm32.13.3.rel1.win32_1.0.0.202411081344/tools/bin/../lib/gcc/arm-none-eabi/13.3.1/../../../../arm-none-eabi/lib/thumb/v7e-m+fp/hard\libc_nano.a(libc_a-init.o)
 .debug_frame   0x00004de0       0x2c C:/ST/STM32CubeIDE_1.17.0/STM32CubeIDE/plugins/com.st.stm32cube.ide.mcu.externaltools.gnu-tools-for-stm32.13.3.rel1.win32_1.0.0.202411081344/tools/bin/../lib/gcc/arm-none-eabi/13.3.1/thumb/v7e-m+fp/hard\libgcc.a(_aeabi_uldivmod.o)
 .debug_frame   0x00004e0c       0x34 C:/ST/STM32CubeIDE_1.17.0/STM32CubeIDE/plugins/com.st.stm32cube.ide.mcu.externaltools.gnu-tools-for-stm32.13.3.rel1.win32_1.0.0.202411081344/tools/bin/../lib/gcc/arm-none-eabi/13.3.1/thumb/v7e-m+fp/hard\libgcc.a(_udivmoddi4.o)

.debug_line_str
                0x00000000       0x5a
 .debug_line_str
                0x00000000       0x5a ./Core/Startup/startup_stm32f401retx.o
