../Core/Src/CANSPI.c:39:6:CANSPI_Sleep	8	static
../Core/Src/CANSPI.c:51:6:CANSPI_SetLoopbackMode	8	static
../Core/Src/CANSPI.c:63:6:CANSPI_SetListenOnlyMode	8	static
../Core/Src/CANSPI.c:75:6:CANSPI_Initialize	48	static
../Core/Src/CANSPI.c:185:9:CANSPI_Transmit	24	static
../Core/Src/CANSPI.c:243:9:CANSPI_Receive	40	static
../Core/Src/CANSPI.c:294:9:CANSPI_messagesInBuffer	16	static
../Core/Src/CANSPI.c:306:9:CANSPI_isBussOff	16	static
../Core/Src/CANSPI.c:319:9:CANSPI_isRxErrorPassive	16	static
../Core/Src/CANSPI.c:332:9:CANSPI_isTxErrorPassive	16	static
../Core/Src/CANSPI.c:345:17:convertReg2ExtendedCANid	32	static
../Core/Src/CANSPI.c:369:17:convertReg2StandardCANid	24	static
../Core/Src/CANSPI.c:382:13:convertCANid2Reg	32	static
