../Core/Src/main.c:141:6:updateBMSDiagnostics	4	static
../Core/Src/main.c:145:6:readAPPSandBSE	8	static
../Core/Src/main.c:163:6:calculateTorqueRequest	24	static
../Core/Src/main.c:177:6:checkAPPSPlausibility	8	static
../Core/Src/main.c:194:6:checkCrossCheck	24	static
../Core/Src/main.c:235:6:checkReadyToDrive	16	static
../Core/Src/main.c:248:5:main	8	static
../Core/Src/main.c:314:6:SystemClock_Config	88	static
../Core/Src/main.c:361:13:MX_ADC1_Init	24	static
../Core/Src/main.c:432:13:MX_SPI3_Init	8	static
../Core/Src/main.c:470:13:MX_TIM3_Init	32	static
../Core/Src/main.c:515:13:MX_USART2_UART_Init	8	static
../Core/Src/main.c:546:13:MX_DMA_Init	16	static
../Core/Src/main.c:564:13:MX_GPIO_Init	48	static
../Core/Src/main.c:630:6:Error_Handler	4	static,ignoring_inline_asm
