../Core/Src/main.c:155:6:readAPPSandBSE	8	static
../Core/Src/main.c:173:6:calculateTorqueRequest	16	static
../Core/Src/main.c:184:6:checkAPPSPlausibility	8	static
../Core/Src/main.c:204:6:checkCrossCheck	16	static
../Core/Src/main.c:223:6:sendTorqueCommand	104	static
../Core/Src/main.c:277:5:main	8	static
../Core/Src/main.c:342:6:SystemClock_Config	88	static
../Core/Src/main.c:389:13:MX_ADC1_Init	24	static
../Core/Src/main.c:459:13:MX_SPI3_Init	8	static
../Core/Src/main.c:497:13:MX_TIM3_Init	32	static
../Core/Src/main.c:542:13:MX_USART2_UART_Init	8	static
../Core/Src/main.c:573:13:MX_DMA_Init	16	static
../Core/Src/main.c:591:13:MX_GPIO_Init	48	static
../Core/Src/main.c:641:6:Error_Handler	4	static,ignoring_inline_asm
