../Core/Src/main.c:184:5:compare_uint32_t	0	static
../Core/Src/main.c:1281:13:MX_GPIO_Init	80	static
../Core/Src/main.c:1259:13:MX_DMA_Init	16	static
../Core/Src/main.c:188:10:median_uint32_t	32	static
../Core/Src/main.c:248:6:updateRpm	0	static
../Core/Src/main.c:273:6:updateBMSDiagnostics	0	static
../Core/Src/main.c:296:6:updateInverterVolts	0	static
../Core/Src/main.c:256:6:readFromCAN	8	static
../Core/Src/main.c:307:6:HAL_ADC_ConvCpltCallback	16	static
../Core/Src/main.c:377:6:calculateTorqueRequest	0	static
../Core/Src/main.c:402:6:checkAPPSPlausibility	8	static
../Core/Src/main.c:426:6:checkCrossCheck	0	static
../Core/Src/main.c:453:6:sendTorqueCommand	8	static
../Core/Src/main.c:489:6:sendDiagMsg	8	static
../Core/Src/main.c:198:6:checkShutdown	8	static
../Core/Src/main.c:526:6:sendFanCommand	8	static
../Core/Src/main.c:549:6:checkReadyToDrive	8	static
../Core/Src/main.c:609:9:prechargeSequence	16	static
../Core/Src/main.c:567:6:sendPrechargeRequest	8	static
../Core/Src/main.c:670:6:HAL_I2S_TxCpltCallback	8	static
../Core/Src/main.c:692:6:PlayStartupSoundOnce	8	static
../Core/Src/main.c:710:6:lookForRTD	16	static
../Core/Src/main.c:1391:6:Error_Handler	0	static,ignoring_inline_asm
../Core/Src/main.c:1025:13:MX_ADC1_Init	24	static
../Core/Src/main.c:1129:13:MX_SPI3_Init	8	static
../Core/Src/main.c:1095:13:MX_I2S2_Init	8	static
../Core/Src/main.c:1212:13:MX_TIM4_Init	48	static
../Core/Src/main.c:1167:13:MX_TIM3_Init	32	static
../Core/Src/main.c:978:6:SystemClock_Config	88	static
../Core/Src/main.c:789:5:main	8	static
