../Core/Src/main.c:264:5:compare_uint32_t	0	static
../Core/Src/main.c:1604:13:MX_GPIO_Init	80	static
../Core/Src/main.c:1582:13:MX_DMA_Init	16	static
../Core/Src/main.c:230:6:sendDiagMsg	8	static
../Core/Src/main.c:268:10:median_uint32_t	40	static
../Core/Src/main.c:325:6:updateRpm	0	static
../Core/Src/main.c:351:6:updateBMSDiagnostics	0	static
../Core/Src/main.c:375:6:updateInverterVolts	0	static
../Core/Src/main.c:333:6:readFromCAN	8	static
../Core/Src/main.c:490:6:calculateTorqueRequest	0	static
../Core/Src/main.c:518:6:checkAPPSPlausibility	8	static
../Core/Src/main.c:553:6:checkBSEPausibility	8	static
../Core/Src/main.c:576:6:checkCrossCheck	0	static
../Core/Src/main.c:387:6:HAL_ADC_ConvCpltCallback	16	static,ignoring_inline_asm
../Core/Src/main.c:613:6:sendTorqueCommand	8	static
../Core/Src/main.c:278:6:checkShutdown	8	static
../Core/Src/main.c:649:6:sendDebugTorqueCommand	8	static
../Core/Src/main.c:688:6:sendFanCommand	8	static
../Core/Src/main.c:705:6:checkReadyToDrive	8	static
../Core/Src/main.c:816:9:prechargeSequence	16	static
../Core/Src/main.c:743:6:sendPrechargeRequest	8	static,ignoring_inline_asm
../Core/Src/main.c:872:6:HAL_I2S_TxCpltCallback	8	static
../Core/Src/main.c:896:6:PlayStartupSoundOnce	8	static
../Core/Src/main.c:916:6:lookForRTD	16	static
../Core/Src/main.c:983:6:AIRUnweldHelper	8	static
../Core/Src/main.c:1007:6:calibratePedalsMain	8	static,ignoring_inline_asm
../Core/Src/main.c:1060:6:CANTestHelperMain	72	static
../Core/Src/main.c:1103:6:DebugMain	8	static
../Core/Src/main.c:1726:6:Error_Handler	0	static,ignoring_inline_asm
../Core/Src/main.c:1348:13:MX_ADC1_Init	24	static
../Core/Src/main.c:1452:13:MX_SPI3_Init	8	static
../Core/Src/main.c:1418:13:MX_I2S2_Init	8	static
../Core/Src/main.c:1535:13:MX_TIM4_Init	48	static
../Core/Src/main.c:1490:13:MX_TIM3_Init	32	static
../Core/Src/main.c:1301:6:SystemClock_Config	88	static
../Core/Src/main.c:1127:5:main	16	static
