../Core/Src/main.c:182:5:compare_uint32_t	0	static
../Core/Src/main.c:1231:13:MX_GPIO_Init	80	static
../Core/Src/main.c:1209:13:MX_DMA_Init	16	static
../Core/Src/main.c:186:10:median_uint32_t	32	static
../Core/Src/main.c:230:6:updateRpm	0	static
../Core/Src/main.c:255:6:updateBMSDiagnostics	0	static
../Core/Src/main.c:278:6:updateInverterVolts	0	static
../Core/Src/main.c:238:6:readFromCAN	8	static
../Core/Src/main.c:289:6:HAL_ADC_ConvCpltCallback	16	static
../Core/Src/main.c:359:6:calculateTorqueRequest	0	static
../Core/Src/main.c:384:6:checkAPPSPlausibility	8	static
../Core/Src/main.c:408:6:checkCrossCheck	0	static
../Core/Src/main.c:435:6:sendTorqueCommand	8	static
../Core/Src/main.c:471:6:sendDiagMsg	8	static
../Core/Src/main.c:511:6:checkReadyToDrive	8	static
../Core/Src/main.c:571:9:prechargeSequence	16	static
../Core/Src/main.c:529:6:sendPrechargeRequest	8	static
../Core/Src/main.c:627:6:HAL_I2S_TxCpltCallback	8	static
../Core/Src/main.c:649:6:PlayStartupSoundOnce	8	static
../Core/Src/main.c:667:6:lookForRTD	16	static
../Core/Src/main.c:196:6:checkShutdown	8	static
../Core/Src/main.c:1341:6:Error_Handler	0	static,ignoring_inline_asm
../Core/Src/main.c:975:13:MX_ADC1_Init	24	static
../Core/Src/main.c:1079:13:MX_SPI3_Init	8	static
../Core/Src/main.c:1045:13:MX_I2S2_Init	8	static
../Core/Src/main.c:1162:13:MX_TIM4_Init	48	static
../Core/Src/main.c:1117:13:MX_TIM3_Init	32	static
../Core/Src/main.c:928:6:SystemClock_Config	88	static
../Core/Src/main.c:745:5:main	8	static
