../Core/Src/main.c:235:5:compare_uint32_t	0	static
../Core/Src/main.c:1436:13:MX_GPIO_Init	80	static
../Core/Src/main.c:1414:13:MX_DMA_Init	16	static
../Core/Src/main.c:201:6:sendDiagMsg	8	static
../Core/Src/main.c:239:10:median_uint32_t	40	static
../Core/Src/main.c:299:6:updateRpm	0	static
../Core/Src/main.c:325:6:updateBMSDiagnostics	0	static
../Core/Src/main.c:349:6:updateInverterVolts	0	static
../Core/Src/main.c:307:6:readFromCAN	8	static
../Core/Src/main.c:361:6:HAL_ADC_ConvCpltCallback	16	static
../Core/Src/main.c:429:6:calculateTorqueRequest	0	static
../Core/Src/main.c:456:6:checkAPPSPlausibility	8	static
../Core/Src/main.c:483:6:checkCrossCheck	0	static
../Core/Src/main.c:520:6:sendTorqueCommand	8	static
../Core/Src/main.c:249:6:checkShutdown	8	static
../Core/Src/main.c:562:6:sendDebugTorqueCommand	8	static
../Core/Src/main.c:605:6:sendFanCommand	8	static
../Core/Src/main.c:622:6:checkReadyToDrive	16	static
../Core/Src/main.c:685:9:prechargeSequence	16	static
../Core/Src/main.c:642:6:sendPrechargeRequest	8	static
../Core/Src/main.c:741:6:HAL_I2S_TxCpltCallback	8	static
../Core/Src/main.c:765:6:PlayStartupSoundOnce	8	static
../Core/Src/main.c:785:6:lookForRTD	16	static
../Core/Src/main.c:856:6:AIRUnweldHelper	8	static
../Core/Src/main.c:882:6:calibratePedalsMain	8	static
../Core/Src/main.c:922:6:CANTestHelperMain	72	static
../Core/Src/main.c:965:6:DebugMain	8	static
../Core/Src/main.c:1562:6:Error_Handler	0	static,ignoring_inline_asm
../Core/Src/main.c:1180:13:MX_ADC1_Init	24	static
../Core/Src/main.c:1284:13:MX_SPI3_Init	8	static
../Core/Src/main.c:1250:13:MX_I2S2_Init	8	static
../Core/Src/main.c:1367:13:MX_TIM4_Init	48	static
../Core/Src/main.c:1322:13:MX_TIM3_Init	32	static
../Core/Src/main.c:1133:6:SystemClock_Config	88	static
../Core/Src/main.c:989:5:main	8	static
