../Core/Src/main.c:163:6:checkShutdown	16	static
../Core/Src/main.c:175:6:updateRpm	4	static
../Core/Src/main.c:183:6:readFromCAN	8	static
../Core/Src/main.c:195:6:updateBMSDiagnostics	32	static
../Core/Src/main.c:215:6:HAL_ADC_ConvCpltCallback	16	static
../Core/Src/main.c:228:6:calculateTorqueRequest	88	static
../Core/Src/main.c:280:6:checkAPPSPlausibility	8	static
../Core/Src/main.c:303:6:checkCrossCheck	24	static
../Core/Src/main.c:330:6:sendTorqueCommand	16	static
../Core/Src/main.c:356:6:checkReadyToDrive	16	static
../Core/Src/main.c:366:6:sendPrechargeRequest	16	static
../Core/Src/main.c:397:6:HAL_I2S_TxCpltCallback	32	static
../Core/Src/main.c:419:6:PlayStartupSoundOnce	24	static
../Core/Src/main.c:440:5:main	8	static
../Core/Src/main.c:534:6:SystemClock_Config	88	static
../Core/Src/main.c:581:13:MX_ADC1_Init	24	static
../Core/Src/main.c:651:13:MX_I2S2_Init	8	static
../Core/Src/main.c:685:13:MX_SPI3_Init	8	static
../Core/Src/main.c:723:13:MX_TIM3_Init	32	static
../Core/Src/main.c:766:13:MX_DMA_Init	16	static
../Core/Src/main.c:791:13:MX_GPIO_Init	48	static
../Core/Src/main.c:898:6:Error_Handler	4	static,ignoring_inline_asm
