../Core/Src/main.c:312:5:compare_uint32_t	0	static
../Core/Src/main.c:1696:13:MX_GPIO_Init	80	static
../Core/Src/main.c:1674:13:MX_DMA_Init	16	static
../Core/Src/main.c:278:6:sendDiagMsg	8	static
../Core/Src/main.c:319:10:median_uint32_t	40	static
../Core/Src/main.c:395:6:updateRpm	0	static
../Core/Src/main.c:424:6:updateBMSDiagnostics	0	static
../Core/Src/main.c:447:6:updateInverterVolts	0	static
../Core/Src/main.c:405:6:readFromCAN	8	static
../Core/Src/main.c:570:6:calculateTorqueRequest	0	static
../Core/Src/main.c:608:6:checkAPPSPlausibility	8	static
../Core/Src/main.c:641:6:checkBSEPlausibility	8	static
../Core/Src/main.c:662:6:checkCrossCheck	0	static
../Core/Src/main.c:460:6:HAL_ADC_ConvCpltCallback	16	static
../Core/Src/main.c:695:6:sendTorqueCommand	8	static
../Core/Src/main.c:329:9:checkShutdown	16	static
../Core/Src/main.c:780:6:sendFanCommand	8	static
../Core/Src/main.c:797:6:checkReadyToDrive	8	static
../Core/Src/main.c:943:9:prechargeSequence	16	static
../Core/Src/main.c:857:6:sendPrechargeRequest	8	static
../Core/Src/main.c:1013:6:HAL_I2S_TxCpltCallback	8	static
../Core/Src/main.c:1038:6:PlayStartupSoundOnce	8	static
../Core/Src/main.c:1056:6:lookForRTD	16	static
../Core/Src/main.c:1123:6:AIRUnweldHelper	8	static
../Core/Src/main.c:1206:6:CANTestHelperMain	72	static
../Core/Src/main.c:1245:6:DebugMain	8	static
../Core/Src/main.c:1818:6:Error_Handler	0	static,ignoring_inline_asm
../Core/Src/main.c:1489:13:MX_ADC1_Init	24	static
../Core/Src/main.c:1593:13:MX_SPI3_Init	8	static
../Core/Src/main.c:1559:13:MX_I2S2_Init	8	static
../Core/Src/main.c:1631:13:MX_TIM3_Init	32	static
../Core/Src/main.c:1442:6:SystemClock_Config	88	static
../Core/Src/main.c:1269:5:main	16	static
