../Core/Src/main.c:230:5:compare_uint32_t	0	static
../Core/Src/main.c:1408:13:MX_GPIO_Init	80	static
../Core/Src/main.c:1386:13:MX_DMA_Init	16	static
../Core/Src/main.c:196:6:sendDiagMsg	8	static
../Core/Src/main.c:234:10:median_uint32_t	40	static
../Core/Src/main.c:294:6:updateRpm	0	static
../Core/Src/main.c:320:6:updateBMSDiagnostics	0	static
../Core/Src/main.c:344:6:updateInverterVolts	0	static
../Core/Src/main.c:302:6:readFromCAN	8	static
../Core/Src/main.c:356:6:HAL_ADC_ConvCpltCallback	16	static
../Core/Src/main.c:424:6:calculateTorqueRequest	0	static
../Core/Src/main.c:451:6:checkAPPSPlausibility	8	static
../Core/Src/main.c:478:6:checkCrossCheck	0	static
../Core/Src/main.c:515:6:sendTorqueCommand	8	static
../Core/Src/main.c:244:6:checkShutdown	8	static
../Core/Src/main.c:557:6:sendDebugTorqueCommand	8	static
../Core/Src/main.c:600:6:sendFanCommand	8	static
../Core/Src/main.c:618:6:checkReadyToDrive	16	static
../Core/Src/main.c:681:9:prechargeSequence	16	static
../Core/Src/main.c:638:6:sendPrechargeRequest	8	static
../Core/Src/main.c:737:6:HAL_I2S_TxCpltCallback	8	static
../Core/Src/main.c:761:6:PlayStartupSoundOnce	8	static
../Core/Src/main.c:781:6:lookForRTD	16	static
../Core/Src/main.c:852:6:AIRUnweldHelper	8	static
../Core/Src/main.c:878:6:calibratePedalsMain	8	static
../Core/Src/main.c:918:6:CANTestHelperMain	72	static
../Core/Src/main.c:1534:6:Error_Handler	0	static,ignoring_inline_asm
../Core/Src/main.c:1152:13:MX_ADC1_Init	24	static
../Core/Src/main.c:1256:13:MX_SPI3_Init	8	static
../Core/Src/main.c:1222:13:MX_I2S2_Init	8	static
../Core/Src/main.c:1339:13:MX_TIM4_Init	48	static
../Core/Src/main.c:1294:13:MX_TIM3_Init	32	static
../Core/Src/main.c:1105:6:SystemClock_Config	88	static
../Core/Src/main.c:965:5:main	8	static
