../Core/Src/main.c:245:5:compare_uint32_t	0	static
../Core/Src/main.c:1472:13:MX_GPIO_Init	80	static
../Core/Src/main.c:1450:13:MX_DMA_Init	16	static
../Core/Src/main.c:211:6:sendDiagMsg	8	static
../Core/Src/main.c:249:10:median_uint32_t	40	static
../Core/Src/main.c:306:6:updateRpm	0	static
../Core/Src/main.c:332:6:updateBMSDiagnostics	0	static
../Core/Src/main.c:356:6:updateInverterVolts	0	static
../Core/Src/main.c:314:6:readFromCAN	8	static
../Core/Src/main.c:462:6:calculateTorqueRequest	0	static
../Core/Src/main.c:489:6:checkAPPSPlausibility	8	static
../Core/Src/main.c:516:6:checkBSEPausibility	8	static
../Core/Src/main.c:539:6:checkCrossCheck	0	static
../Core/Src/main.c:368:6:HAL_ADC_ConvCpltCallback	16	static,ignoring_inline_asm
../Core/Src/main.c:576:6:sendTorqueCommand	8	static
../Core/Src/main.c:259:6:checkShutdown	8	static
../Core/Src/main.c:611:6:sendDebugTorqueCommand	8	static
../Core/Src/main.c:650:6:sendFanCommand	8	static
../Core/Src/main.c:668:6:checkReadyToDrive	16	static
../Core/Src/main.c:731:9:prechargeSequence	16	static
../Core/Src/main.c:688:6:sendPrechargeRequest	8	static
../Core/Src/main.c:787:6:HAL_I2S_TxCpltCallback	8	static
../Core/Src/main.c:811:6:PlayStartupSoundOnce	8	static
../Core/Src/main.c:831:6:lookForRTD	16	static
../Core/Src/main.c:899:6:AIRUnweldHelper	8	static
../Core/Src/main.c:919:6:calibratePedalsMain	8	static,ignoring_inline_asm
../Core/Src/main.c:964:6:CANTestHelperMain	72	static
../Core/Src/main.c:1598:6:Error_Handler	0	static,ignoring_inline_asm
../Core/Src/main.c:1216:13:MX_ADC1_Init	24	static
../Core/Src/main.c:1320:13:MX_SPI3_Init	8	static
../Core/Src/main.c:1286:13:MX_I2S2_Init	8	static
../Core/Src/main.c:1403:13:MX_TIM4_Init	48	static
../Core/Src/main.c:1358:13:MX_TIM3_Init	32	static
../Core/Src/main.c:1169:6:SystemClock_Config	88	static
../Core/Src/main.c:1011:5:main	8	static
