../Core/Src/main.c:174:6:updateRpm	4	static
../Core/Src/main.c:179:6:readFromCAN	8	static
../Core/Src/main.c:185:6:updateBMSDiagnostics	4	static
../Core/Src/main.c:189:6:readAPPSandBSE	8	static
../Core/Src/main.c:200:6:calculateTorqueRequest	88	static
../Core/Src/main.c:248:6:checkAPPSPlausibility	8	static
../Core/Src/main.c:269:6:checkCrossCheck	24	static
../Core/Src/main.c:291:6:sendTorqueCommand	16	static
../Core/Src/main.c:313:6:checkReadyToDrive	16	static
../Core/Src/main.c:326:6:HAL_I2S_TxCpltCallback	16	static
../Core/Src/main.c:341:13:StartNextChunk	24	static
../Core/Src/main.c:359:6:PlayStartupSoundOnce	8	static
../Core/Src/main.c:375:5:main	8	static
../Core/Src/main.c:452:6:SystemClock_Config	88	static
../Core/Src/main.c:496:13:MX_ADC1_Init	24	static
../Core/Src/main.c:562:13:MX_I2S2_Init	8	static
../Core/Src/main.c:594:13:MX_SPI3_Init	8	static
../Core/Src/main.c:630:13:MX_TIM3_Init	32	static
../Core/Src/main.c:672:13:MX_USART2_UART_Init	8	static
../Core/Src/main.c:701:13:MX_DMA_Init	16	static
../Core/Src/main.c:722:13:MX_GPIO_Init	48	static
../Core/Src/main.c:808:1:__io_putchar	16	static
../Core/Src/main.c:821:6:Error_Handler	4	static,ignoring_inline_asm
