../Core/Src/main.c:932:13:MX_GPIO_Init	72	static
../Core/Src/main.c:910:13:MX_DMA_Init	16	static
../Core/Src/main.c:181:6:updateRpm	0	static
../Core/Src/main.c:206:6:updateBMSDiagnostics	0	static
../Core/Src/main.c:226:6:updateInverterVolts	0	static
../Core/Src/main.c:189:6:readFromCAN	8	static
../Core/Src/main.c:237:6:HAL_ADC_ConvCpltCallback	0	static
../Core/Src/main.c:250:6:calculateTorqueRequest	8	static
../Core/Src/main.c:302:6:checkAPPSPlausibility	8	static
../Core/Src/main.c:327:6:checkCrossCheck	0	static
../Core/Src/main.c:354:6:sendTorqueCommand	8	static
../Core/Src/main.c:169:6:checkShutdown	8	static
../Core/Src/main.c:386:6:checkReadyToDrive	8	static
../Core/Src/main.c:429:9:prechargeSequence	16	static
../Core/Src/main.c:403:6:sendPrechargeRequest	8	static
../Core/Src/main.c:464:6:HAL_I2S_TxCpltCallback	8	static
../Core/Src/main.c:486:6:PlayStartupSoundOnce	8	static
../Core/Src/main.c:503:6:lookForRTD	16	static
../Core/Src/main.c:1025:6:Error_Handler	0	static,ignoring_inline_asm
../Core/Src/main.c:725:13:MX_ADC1_Init	24	static
../Core/Src/main.c:867:13:MX_TIM3_Init	32	static
../Core/Src/main.c:829:13:MX_SPI3_Init	8	static
../Core/Src/main.c:795:13:MX_I2S2_Init	8	static
../Core/Src/main.c:678:6:SystemClock_Config	88	static
../Core/Src/main.c:545:5:main	8	static
