../Core/Src/main.c:142:6:updateRpm	16	static
../Core/Src/main.c:146:6:readAPPSandBSE	8	static
../Core/Src/main.c:164:6:calculateTorqueRequest	88	static
../Core/Src/main.c:205:6:checkAPPSPlausibility	8	static
../Core/Src/main.c:222:6:checkCrossCheck	24	static
../Core/Src/main.c:241:6:sendTorqueCommand	32	static
../Core/Src/main.c:263:6:checkReadyToDrive	16	static
../Core/Src/main.c:276:5:main	8	static
../Core/Src/main.c:351:6:SystemClock_Config	88	static
../Core/Src/main.c:398:13:MX_ADC1_Init	24	static
../Core/Src/main.c:469:13:MX_SPI3_Init	8	static
../Core/Src/main.c:507:13:MX_TIM3_Init	32	static
../Core/Src/main.c:552:13:MX_USART2_UART_Init	8	static
../Core/Src/main.c:583:13:MX_DMA_Init	16	static
../Core/Src/main.c:601:13:MX_GPIO_Init	48	static
../Core/Src/main.c:657:6:Error_Handler	4	static,ignoring_inline_asm
