../Core/Src/main.c:154:7:updateRpm	4	static
../Core/Src/main.c:158:7:readFromCAN	8	static
../Core/Src/main.c:164:6:updateBMSDiagnostics	4	static
../Core/Src/main.c:168:6:readAPPSandBSE	8	static
../Core/Src/main.c:186:6:calculateTorqueRequest	88	static
../Core/Src/main.c:227:6:checkAPPSPlausibility	8	static
../Core/Src/main.c:244:6:checkCrossCheck	24	static
../Core/Src/main.c:263:6:sendTorqueCommand	16	static
../Core/Src/main.c:286:6:checkReadyToDrive	16	static
../Core/Src/main.c:299:5:main	8	static
../Core/Src/main.c:382:6:SystemClock_Config	88	static
../Core/Src/main.c:429:13:MX_ADC1_Init	24	static
../Core/Src/main.c:500:13:MX_SPI3_Init	8	static
../Core/Src/main.c:538:13:MX_TIM3_Init	32	static
../Core/Src/main.c:583:13:MX_USART2_UART_Init	8	static
../Core/Src/main.c:614:13:MX_DMA_Init	16	static
../Core/Src/main.c:632:13:MX_GPIO_Init	48	static
../Core/Src/main.c:719:1:__io_putchar	16	static
../Core/Src/main.c:733:6:Error_Handler	4	static,ignoring_inline_asm
