../Core/Src/main.c:145:6:updateBMSDiagnostics	4	static
../Core/Src/main.c:149:6:readAPPSandBSE	8	static
../Core/Src/main.c:167:6:calculateTorqueRequest	24	static
../Core/Src/main.c:181:6:checkAPPSPlausibility	8	static
../Core/Src/main.c:198:6:checkCrossCheck	24	static
../Core/Src/main.c:239:6:checkReadyToDrive	16	static
../Core/Src/main.c:252:5:main	8	static
../Core/Src/main.c:342:6:SystemClock_Config	88	static
../Core/Src/main.c:389:13:MX_ADC1_Init	24	static
../Core/Src/main.c:460:13:MX_SPI3_Init	8	static
../Core/Src/main.c:498:13:MX_TIM3_Init	32	static
../Core/Src/main.c:543:13:MX_USART2_UART_Init	8	static
../Core/Src/main.c:574:13:MX_DMA_Init	16	static
../Core/Src/main.c:592:13:MX_GPIO_Init	48	static
../Core/Src/main.c:679:1:__io_putchar	16	static
../Core/Src/main.c:693:6:Error_Handler	4	static,ignoring_inline_asm
