../Core/Src/main.c:180:5:compare_uint32_t	0	static
../Core/Src/main.c:1157:13:MX_GPIO_Init	80	static
../Core/Src/main.c:1135:13:MX_DMA_Init	16	static
../Core/Src/main.c:184:10:median_uint32_t	32	static
../Core/Src/main.c:222:6:updateRpm	0	static
../Core/Src/main.c:247:6:updateBMSDiagnostics	0	static
../Core/Src/main.c:270:6:updateInverterVolts	0	static
../Core/Src/main.c:230:6:readFromCAN	8	static
../Core/Src/main.c:281:6:HAL_ADC_ConvCpltCallback	16	static
../Core/Src/main.c:351:6:calculateTorqueRequest	0	static
../Core/Src/main.c:376:6:checkAPPSPlausibility	8	static
../Core/Src/main.c:400:6:checkCrossCheck	0	static
../Core/Src/main.c:427:6:sendTorqueCommand	8	static
../Core/Src/main.c:466:6:checkReadyToDrive	8	static
../Core/Src/main.c:525:9:prechargeSequence	16	static
../Core/Src/main.c:484:6:sendPrechargeRequest	8	static
../Core/Src/main.c:574:6:HAL_I2S_TxCpltCallback	8	static
../Core/Src/main.c:596:6:PlayStartupSoundOnce	8	static
../Core/Src/main.c:614:6:lookForRTD	16	static
../Core/Src/main.c:194:6:checkShutdown	8	static
../Core/Src/main.c:1267:6:Error_Handler	0	static,ignoring_inline_asm
../Core/Src/main.c:901:13:MX_ADC1_Init	24	static
../Core/Src/main.c:1005:13:MX_SPI3_Init	8	static
../Core/Src/main.c:971:13:MX_I2S2_Init	8	static
../Core/Src/main.c:1088:13:MX_TIM4_Init	48	static
../Core/Src/main.c:1043:13:MX_TIM3_Init	32	static
../Core/Src/main.c:854:6:SystemClock_Config	88	static
../Core/Src/main.c:686:5:main	8	static
