../Core/Src/main.c:1019:13:MX_GPIO_Init	72	static
../Core/Src/main.c:997:13:MX_DMA_Init	16	static
../Core/Src/main.c:188:6:updateRpm	0	static
../Core/Src/main.c:213:6:updateBMSDiagnostics	0	static
../Core/Src/main.c:233:6:updateInverterVolts	0	static
../Core/Src/main.c:196:6:readFromCAN	8	static
../Core/Src/main.c:244:6:HAL_ADC_ConvCpltCallback	0	static
../Core/Src/main.c:306:6:calculateTorqueRequest	0	static
../Core/Src/main.c:323:6:checkAPPSPlausibility	8	static
../Core/Src/main.c:348:6:checkCrossCheck	0	static
../Core/Src/main.c:375:6:sendTorqueCommand	8	static
../Core/Src/main.c:407:6:checkReadyToDrive	8	static
../Core/Src/main.c:458:9:prechargeSequence	16	static
../Core/Src/main.c:425:6:sendPrechargeRequest	8	static
../Core/Src/main.c:506:6:HAL_I2S_TxCpltCallback	8	static
../Core/Src/main.c:528:6:PlayStartupSoundOnce	8	static
../Core/Src/main.c:545:6:lookForRTD	16	static
../Core/Src/main.c:175:6:checkShutdown	8	static
../Core/Src/main.c:1119:6:Error_Handler	0	static,ignoring_inline_asm
../Core/Src/main.c:812:13:MX_ADC1_Init	24	static
../Core/Src/main.c:954:13:MX_TIM3_Init	32	static
../Core/Src/main.c:916:13:MX_SPI3_Init	8	static
../Core/Src/main.c:882:13:MX_I2S2_Init	8	static
../Core/Src/main.c:765:6:SystemClock_Config	88	static
../Core/Src/main.c:619:5:main	8	static
