../Core/Src/main.c:877:13:MX_GPIO_Init	72	static
../Core/Src/main.c:855:13:MX_DMA_Init	16	static
../Core/Src/main.c:179:6:updateRpm	0	static
../Core/Src/main.c:199:6:updateBMSDiagnostics	0	static
../Core/Src/main.c:187:6:readFromCAN	8	static
../Core/Src/main.c:219:6:HAL_ADC_ConvCpltCallback	0	static
../Core/Src/main.c:232:6:calculateTorqueRequest	8	static
../Core/Src/main.c:284:6:checkAPPSPlausibility	8	static
../Core/Src/main.c:307:6:checkCrossCheck	0	static
../Core/Src/main.c:334:6:sendTorqueCommand	8	static
../Core/Src/main.c:167:6:checkShutdown	8	static
../Core/Src/main.c:366:6:checkReadyToDrive	8	static
../Core/Src/main.c:383:6:sendPrechargeRequest	8	static
../Core/Src/main.c:400:6:prechargeSequence	0	static
../Core/Src/main.c:410:6:HAL_I2S_TxCpltCallback	8	static
../Core/Src/main.c:432:6:PlayStartupSoundOnce	8	static
../Core/Src/main.c:449:6:lookForRTD	16	static
../Core/Src/main.c:976:6:Error_Handler	0	static,ignoring_inline_asm
../Core/Src/main.c:670:13:MX_ADC1_Init	24	static
../Core/Src/main.c:812:13:MX_TIM3_Init	32	static
../Core/Src/main.c:774:13:MX_SPI3_Init	8	static
../Core/Src/main.c:740:13:MX_I2S2_Init	8	static
../Core/Src/main.c:623:6:SystemClock_Config	88	static
../Core/Src/main.c:490:5:main	8	static
