../Core/Src/main.c:233:5:compare_uint32_t	0	static
../Core/Src/main.c:1448:13:MX_GPIO_Init	80	static
../Core/Src/main.c:1426:13:MX_DMA_Init	16	static
../Core/Src/main.c:199:6:sendDiagMsg	8	static
../Core/Src/main.c:237:10:median_uint32_t	32	static
../Core/Src/main.c:297:6:updateRpm	0	static
../Core/Src/main.c:323:6:updateBMSDiagnostics	0	static
../Core/Src/main.c:347:6:updateInverterVolts	0	static
../Core/Src/main.c:305:6:readFromCAN	8	static
../Core/Src/main.c:359:6:HAL_ADC_ConvCpltCallback	0	static
../Core/Src/main.c:489:6:calculateTorqueRequest	0	static
../Core/Src/main.c:548:6:checkAPPSPlausibility	8	static
../Core/Src/main.c:575:6:checkCrossCheck	0	static
../Core/Src/main.c:605:6:sendTorqueCommand	8	static
../Core/Src/main.c:247:6:checkShutdown	8	static
../Core/Src/main.c:648:6:sendFanCommand	8	static
../Core/Src/main.c:666:6:checkReadyToDrive	16	static
../Core/Src/main.c:729:9:prechargeSequence	16	static
../Core/Src/main.c:686:6:sendPrechargeRequest	8	static
../Core/Src/main.c:785:6:HAL_I2S_TxCpltCallback	8	static
../Core/Src/main.c:809:6:PlayStartupSoundOnce	8	static
../Core/Src/main.c:829:6:lookForRTD	16	static
../Core/Src/main.c:899:6:AIRUnweldHelper	8	static
../Core/Src/main.c:925:6:calibratePedalsMain	8	static
../Core/Src/main.c:963:6:CANTestHelperMain	72	static
../Core/Src/main.c:1574:6:Error_Handler	0	static,ignoring_inline_asm
../Core/Src/main.c:1190:13:MX_ADC1_Init	24	static
../Core/Src/main.c:1296:13:MX_SPI3_Init	8	static
../Core/Src/main.c:1262:13:MX_I2S2_Init	8	static
../Core/Src/main.c:1379:13:MX_TIM4_Init	48	static
../Core/Src/main.c:1334:13:MX_TIM3_Init	32	static
../Core/Src/main.c:1143:6:SystemClock_Config	88	static
../Core/Src/main.c:1010:5:main	8	static
