../Core/Src/main.c:179:6:updateRpm	4	static
../Core/Src/main.c:183:7:readFromCAN	8	static
../Core/Src/main.c:190:6:updateBMSDiagnostics	4	static
../Core/Src/main.c:194:6:readAPPSandBSE	8	static
../Core/Src/main.c:206:6:calculateTorqueRequest	88	static
../Core/Src/main.c:247:6:checkAPPSPlausibility	8	static
../Core/Src/main.c:268:6:checkCrossCheck	24	static
../Core/Src/main.c:288:6:sendTorqueCommand	16	static
../Core/Src/main.c:310:6:checkReadyToDrive	16	static
../Core/Src/main.c:325:6:HAL_I2S_TxCpltCallback	16	static
../Core/Src/main.c:345:13:StartNextChunk	24	static
../Core/Src/main.c:364:6:PlayStartupSoundOnce	8	static
../Core/Src/main.c:381:5:main	8	static
../Core/Src/main.c:462:6:SystemClock_Config	88	static
../Core/Src/main.c:509:13:MX_ADC1_Init	24	static
../Core/Src/main.c:580:13:MX_I2S2_Init	8	static
../Core/Src/main.c:614:13:MX_SPI3_Init	8	static
../Core/Src/main.c:652:13:MX_TIM3_Init	32	static
../Core/Src/main.c:697:13:MX_USART2_UART_Init	8	static
../Core/Src/main.c:728:13:MX_DMA_Init	16	static
../Core/Src/main.c:750:13:MX_GPIO_Init	48	static
../Core/Src/main.c:837:1:__io_putchar	16	static
../Core/Src/main.c:851:6:Error_Handler	4	static,ignoring_inline_asm
