../Core/Src/main.c:229:5:compare_uint32_t	0	static
../Core/Src/main.c:1349:13:MX_GPIO_Init	80	static
../Core/Src/main.c:1327:13:MX_DMA_Init	16	static
../Core/Src/main.c:195:6:sendDiagMsg	8	static
../Core/Src/main.c:233:10:median_uint32_t	32	static
../Core/Src/main.c:293:6:updateRpm	0	static
../Core/Src/main.c:319:6:updateBMSDiagnostics	0	static
../Core/Src/main.c:343:6:updateInverterVolts	0	static
../Core/Src/main.c:301:6:readFromCAN	8	static
../Core/Src/main.c:355:6:HAL_ADC_ConvCpltCallback	16	static
../Core/Src/main.c:423:6:calculateTorqueRequest	0	static
../Core/Src/main.c:447:6:checkAPPSPlausibility	8	static
../Core/Src/main.c:474:6:checkCrossCheck	0	static
../Core/Src/main.c:504:6:sendTorqueCommand	8	static
../Core/Src/main.c:243:6:checkShutdown	8	static
../Core/Src/main.c:543:6:sendFanCommand	8	static
../Core/Src/main.c:561:6:checkReadyToDrive	16	static
../Core/Src/main.c:624:9:prechargeSequence	16	static
../Core/Src/main.c:581:6:sendPrechargeRequest	8	static
../Core/Src/main.c:680:6:HAL_I2S_TxCpltCallback	8	static
../Core/Src/main.c:704:6:PlayStartupSoundOnce	8	static
../Core/Src/main.c:724:6:lookForRTD	16	static
../Core/Src/main.c:795:6:AIRUnweldHelper	8	static
../Core/Src/main.c:821:6:calibratePedalsMain	8	static
../Core/Src/main.c:859:6:CANTestHelperMain	72	static
../Core/Src/main.c:1475:6:Error_Handler	0	static,ignoring_inline_asm
../Core/Src/main.c:1093:13:MX_ADC1_Init	24	static
../Core/Src/main.c:1197:13:MX_SPI3_Init	8	static
../Core/Src/main.c:1163:13:MX_I2S2_Init	8	static
../Core/Src/main.c:1280:13:MX_TIM4_Init	48	static
../Core/Src/main.c:1235:13:MX_TIM3_Init	32	static
../Core/Src/main.c:1046:6:SystemClock_Config	88	static
../Core/Src/main.c:906:5:main	8	static
