../Core/Src/main.c:250:5:compare_uint32_t	0	static
../Core/Src/main.c:1497:13:MX_GPIO_Init	80	static
../Core/Src/main.c:1475:13:MX_DMA_Init	16	static
../Core/Src/main.c:216:6:sendDiagMsg	8	static
../Core/Src/main.c:254:10:median_uint32_t	40	static
../Core/Src/main.c:311:6:updateRpm	0	static
../Core/Src/main.c:337:6:updateBMSDiagnostics	0	static
../Core/Src/main.c:361:6:updateInverterVolts	0	static
../Core/Src/main.c:319:6:readFromCAN	8	static
../Core/Src/main.c:467:6:calculateTorqueRequest	0	static
../Core/Src/main.c:494:6:checkAPPSPlausibility	8	static
../Core/Src/main.c:521:6:checkBSEPausibility	8	static
../Core/Src/main.c:544:6:checkCrossCheck	0	static
../Core/Src/main.c:373:6:HAL_ADC_ConvCpltCallback	16	static,ignoring_inline_asm
../Core/Src/main.c:581:6:sendTorqueCommand	8	static
../Core/Src/main.c:264:6:checkShutdown	8	static
../Core/Src/main.c:613:6:sendDebugTorqueCommand	8	static
../Core/Src/main.c:652:6:sendFanCommand	8	static
../Core/Src/main.c:669:6:checkReadyToDrive	16	static
../Core/Src/main.c:732:9:prechargeSequence	16	static
../Core/Src/main.c:689:6:sendPrechargeRequest	8	static
../Core/Src/main.c:788:6:HAL_I2S_TxCpltCallback	8	static
../Core/Src/main.c:812:6:PlayStartupSoundOnce	8	static
../Core/Src/main.c:832:6:lookForRTD	16	static
../Core/Src/main.c:900:6:AIRUnweldHelper	8	static
../Core/Src/main.c:920:6:calibratePedalsMain	8	static,ignoring_inline_asm
../Core/Src/main.c:965:6:CANTestHelperMain	72	static
../Core/Src/main.c:1008:6:DebugMain	8	static
../Core/Src/main.c:1623:6:Error_Handler	0	static,ignoring_inline_asm
../Core/Src/main.c:1241:13:MX_ADC1_Init	24	static
../Core/Src/main.c:1345:13:MX_SPI3_Init	8	static
../Core/Src/main.c:1311:13:MX_I2S2_Init	8	static
../Core/Src/main.c:1428:13:MX_TIM4_Init	48	static
../Core/Src/main.c:1383:13:MX_TIM3_Init	32	static
../Core/Src/main.c:1194:6:SystemClock_Config	88	static
../Core/Src/main.c:1032:5:main	8	static
