../Core/Src/main.c:312:5:compare_uint32_t	0	static
../Core/Src/main.c:1671:13:MX_GPIO_Init	80	static
../Core/Src/main.c:1650:13:MX_DMA_Init	16	static
../Core/Src/main.c:278:6:sendDiagMsg	8	static
../Core/Src/main.c:319:10:median_uint32_t	40	static
../Core/Src/main.c:395:6:updateRpm	0	static
../Core/Src/main.c:424:6:updateBMSDiagnostics	0	static
../Core/Src/main.c:447:6:updateInverterVolts	0	static
../Core/Src/main.c:405:6:readFromCAN	8	static
../Core/Src/main.c:570:6:calculateTorqueRequest	0	static
../Core/Src/main.c:608:6:checkAPPSPlausibility	8	static
../Core/Src/main.c:642:6:checkBSEPlausibility	8	static
../Core/Src/main.c:663:6:checkCrossCheck	0	static
../Core/Src/main.c:460:6:HAL_ADC_ConvCpltCallback	16	static
../Core/Src/main.c:696:6:sendTorqueCommand	8	static
../Core/Src/main.c:329:9:checkShutdown	16	static
../Core/Src/main.c:781:6:sendFanCommand	8	static
../Core/Src/main.c:798:6:checkReadyToDrive	8	static
../Core/Src/main.c:935:9:prechargeSequence	16	static
../Core/Src/main.c:851:6:sendPrechargeRequest	8	static
../Core/Src/main.c:1006:6:HAL_I2S_TxCpltCallback	8	static
../Core/Src/main.c:1032:6:PlayStartupSoundOnce	8	static
../Core/Src/main.c:1050:6:lookForRTD	16	static
../Core/Src/main.c:1116:6:AIRUnweldHelper	8	static
../Core/Src/main.c:1199:6:CANTestHelperMain	72	static
../Core/Src/main.c:1238:6:DebugMain	8	static
../Core/Src/main.c:1795:6:Error_Handler	0	static,ignoring_inline_asm
../Core/Src/main.c:1477:13:MX_ADC1_Init	24	static
../Core/Src/main.c:1574:13:MX_SPI3_Init	8	static
../Core/Src/main.c:1542:13:MX_I2S2_Init	8	static
../Core/Src/main.c:1610:13:MX_TIM3_Init	32	static
../Core/Src/main.c:1433:6:SystemClock_Config	88	static
../Core/Src/main.c:1262:5:main	16	static
