../Core/Src/main.c:325:5:compare_uint32_t	0	static
../Core/Src/main.c:1732:13:MX_GPIO_Init	80	static
../Core/Src/main.c:1710:13:MX_DMA_Init	16	static
../Core/Src/main.c:291:6:sendDiagMsg	8	static
../Core/Src/main.c:332:10:median_uint32_t	40	static
../Core/Src/main.c:408:6:updateRpm	0	static
../Core/Src/main.c:437:6:updateBMSDiagnostics	0	static
../Core/Src/main.c:460:6:updateInverterVolts	0	static
../Core/Src/main.c:418:6:readFromCAN	8	static
../Core/Src/main.c:583:6:calculateTorqueRequest	16	static
../Core/Src/main.c:634:6:checkAPPSPlausibility	8	static
../Core/Src/main.c:668:6:checkBSEPlausibility	8	static
../Core/Src/main.c:689:6:checkCrossCheck	0	static
../Core/Src/main.c:473:6:HAL_ADC_ConvCpltCallback	16	static
../Core/Src/main.c:722:6:sendTorqueCommand	8	static
../Core/Src/main.c:342:9:checkShutdown	16	static
../Core/Src/main.c:807:6:sendFanCommand	8	static
../Core/Src/main.c:824:6:checkReadyToDrive	8	static
../Core/Src/main.c:961:9:prechargeSequence	16	static
../Core/Src/main.c:877:6:sendPrechargeRequest	8	static
../Core/Src/main.c:1043:6:HAL_I2S_TxCpltCallback	8	static
../Core/Src/main.c:1069:6:PlayStartupSoundOnce	8	static
../Core/Src/main.c:1087:6:lookForRTD	16	static
../Core/Src/main.c:1153:6:AIRUnweldHelper	8	static
../Core/Src/main.c:1235:6:CANTestHelperMain	72	static
../Core/Src/main.c:1274:6:DebugMain	8	static
../Core/Src/main.c:1854:6:Error_Handler	0	static,ignoring_inline_asm
../Core/Src/main.c:1525:13:MX_ADC1_Init	24	static
../Core/Src/main.c:1629:13:MX_SPI3_Init	8	static
../Core/Src/main.c:1595:13:MX_I2S2_Init	8	static
../Core/Src/main.c:1667:13:MX_TIM3_Init	32	static
../Core/Src/main.c:1478:6:SystemClock_Config	88	static
../Core/Src/main.c:1298:5:main	16	static
