../Core/Src/main.c:258:5:compare_uint32_t	0	static
../Core/Src/main.c:1513:13:MX_GPIO_Init	80	static
../Core/Src/main.c:1491:13:MX_DMA_Init	16	static
../Core/Src/main.c:224:6:sendDiagMsg	8	static
../Core/Src/main.c:262:10:median_uint32_t	40	static
../Core/Src/main.c:319:6:updateRpm	0	static
../Core/Src/main.c:345:6:updateBMSDiagnostics	0	static
../Core/Src/main.c:369:6:updateInverterVolts	0	static
../Core/Src/main.c:327:6:readFromCAN	8	static
../Core/Src/main.c:477:6:calculateTorqueRequest	0	static
../Core/Src/main.c:505:6:checkAPPSPlausibility	8	static
../Core/Src/main.c:540:6:checkBSEPausibility	8	static
../Core/Src/main.c:563:6:checkCrossCheck	0	static
../Core/Src/main.c:381:6:HAL_ADC_ConvCpltCallback	16	static,ignoring_inline_asm
../Core/Src/main.c:600:6:sendTorqueCommand	8	static
../Core/Src/main.c:272:6:checkShutdown	8	static
../Core/Src/main.c:636:6:sendDebugTorqueCommand	8	static
../Core/Src/main.c:675:6:sendFanCommand	8	static
../Core/Src/main.c:692:6:checkReadyToDrive	16	static
../Core/Src/main.c:755:9:prechargeSequence	16	static
../Core/Src/main.c:712:6:sendPrechargeRequest	8	static
../Core/Src/main.c:811:6:HAL_I2S_TxCpltCallback	8	static
../Core/Src/main.c:835:6:PlayStartupSoundOnce	8	static
../Core/Src/main.c:855:6:lookForRTD	16	static
../Core/Src/main.c:923:6:AIRUnweldHelper	8	static
../Core/Src/main.c:947:6:calibratePedalsMain	8	static,ignoring_inline_asm
../Core/Src/main.c:1000:6:CANTestHelperMain	72	static
../Core/Src/main.c:1043:6:DebugMain	8	static
../Core/Src/main.c:1639:6:Error_Handler	0	static,ignoring_inline_asm
../Core/Src/main.c:1257:13:MX_ADC1_Init	24	static
../Core/Src/main.c:1361:13:MX_SPI3_Init	8	static
../Core/Src/main.c:1327:13:MX_I2S2_Init	8	static
../Core/Src/main.c:1444:13:MX_TIM4_Init	48	static
../Core/Src/main.c:1399:13:MX_TIM3_Init	32	static
../Core/Src/main.c:1210:6:SystemClock_Config	88	static
../Core/Src/main.c:1067:5:main	8	static
