../Core/Src/main.c:804:13:MX_GPIO_Init	72	static
../Core/Src/main.c:786:13:MX_DMA_Init	16	static
../Core/Src/main.c:182:6:updateRpm	0	static
../Core/Src/main.c:202:6:updateBMSDiagnostics	0	static
../Core/Src/main.c:190:6:readFromCAN	8	static
../Core/Src/main.c:221:6:HAL_ADC_ConvCpltCallback	0	static
../Core/Src/main.c:238:6:calculateTorqueRequest	8	static
../Core/Src/main.c:297:6:checkAPPSPlausibility	8	static
../Core/Src/main.c:325:6:checkCrossCheck	0	static
../Core/Src/main.c:355:6:sendTorqueCommand	8	static
../Core/Src/main.c:168:6:checkShutdown	8	static
../Core/Src/main.c:389:6:checkReadyToDrive	8	static
../Core/Src/main.c:413:6:sendPrechargeRequest	8	static
../Core/Src/main.c:431:6:prechargeSequence	0	static
../Core/Src/main.c:442:6:HAL_I2S_TxCpltCallback	8	static
../Core/Src/main.c:467:6:PlayStartupSoundOnce	8	static
../Core/Src/main.c:488:6:lookForRTD	8	static
../Core/Src/main.c:896:6:Error_Handler	0	static,ignoring_inline_asm
../Core/Src/main.c:665:13:MX_ADC1_Init	24	static
../Core/Src/main.c:758:13:MX_TIM3_Init	32	static
../Core/Src/main.c:734:13:MX_SPI3_Init	8	static
../Core/Src/main.c:713:13:MX_I2S2_Init	8	static
../Core/Src/main.c:622:6:SystemClock_Config	88	static
../Core/Src/main.c:528:5:main	8	static
