../Core/Src/main.c:180:5:compare_uint32_t	0	static
../Core/Src/main.c:1149:13:MX_GPIO_Init	80	static
../Core/Src/main.c:1127:13:MX_DMA_Init	16	static
../Core/Src/main.c:184:10:median_uint32_t	32	static
../Core/Src/main.c:221:6:updateRpm	0	static
../Core/Src/main.c:246:6:updateBMSDiagnostics	0	static
../Core/Src/main.c:269:6:updateInverterVolts	0	static
../Core/Src/main.c:229:6:readFromCAN	8	static
../Core/Src/main.c:280:6:HAL_ADC_ConvCpltCallback	16	static
../Core/Src/main.c:350:6:calculateTorqueRequest	0	static
../Core/Src/main.c:375:6:checkAPPSPlausibility	8	static
../Core/Src/main.c:399:6:checkCrossCheck	0	static
../Core/Src/main.c:426:6:sendTorqueCommand	8	static
../Core/Src/main.c:458:6:checkReadyToDrive	8	static
../Core/Src/main.c:517:9:prechargeSequence	16	static
../Core/Src/main.c:476:6:sendPrechargeRequest	8	static
../Core/Src/main.c:566:6:HAL_I2S_TxCpltCallback	8	static
../Core/Src/main.c:588:6:PlayStartupSoundOnce	8	static
../Core/Src/main.c:606:6:lookForRTD	16	static
../Core/Src/main.c:194:6:checkShutdown	8	static
../Core/Src/main.c:1259:6:Error_Handler	0	static,ignoring_inline_asm
../Core/Src/main.c:893:13:MX_ADC1_Init	24	static
../Core/Src/main.c:997:13:MX_SPI3_Init	8	static
../Core/Src/main.c:963:13:MX_I2S2_Init	8	static
../Core/Src/main.c:1080:13:MX_TIM4_Init	48	static
../Core/Src/main.c:1035:13:MX_TIM3_Init	32	static
../Core/Src/main.c:846:6:SystemClock_Config	88	static
../Core/Src/main.c:678:5:main	8	static
