../Core/Src/main.c:230:5:compare_uint32_t	0	static
../Core/Src/main.c:1377:13:MX_GPIO_Init	80	static
../Core/Src/main.c:1355:13:MX_DMA_Init	16	static
../Core/Src/main.c:196:6:sendDiagMsg	8	static
../Core/Src/main.c:234:10:median_uint32_t	32	static
../Core/Src/main.c:299:6:updateRpm	0	static
../Core/Src/main.c:325:6:updateBMSDiagnostics	0	static
../Core/Src/main.c:349:6:updateInverterVolts	0	static
../Core/Src/main.c:307:6:readFromCAN	8	static
../Core/Src/main.c:361:6:HAL_ADC_ConvCpltCallback	16	static
../Core/Src/main.c:429:6:calculateTorqueRequest	0	static
../Core/Src/main.c:456:6:checkAPPSPlausibility	8	static
../Core/Src/main.c:483:6:checkCrossCheck	0	static
../Core/Src/main.c:513:6:sendTorqueCommand	8	static
../Core/Src/main.c:244:9:checkShutdown	16	static
../Core/Src/main.c:556:6:sendFanCommand	8	static
../Core/Src/main.c:574:6:checkReadyToDrive	16	static
../Core/Src/main.c:642:9:prechargeSequence	16	static
../Core/Src/main.c:595:9:sendPrechargeRequest	8	static
../Core/Src/main.c:700:6:HAL_I2S_TxCpltCallback	8	static
../Core/Src/main.c:724:6:PlayStartupSoundOnce	8	static
../Core/Src/main.c:744:6:lookForRTD	8	static
../Core/Src/main.c:823:6:AIRUnweldHelper	8	static
../Core/Src/main.c:849:6:calibratePedalsMain	8	static
../Core/Src/main.c:887:6:CANTestHelperMain	72	static
../Core/Src/main.c:1503:6:Error_Handler	0	static,ignoring_inline_asm
../Core/Src/main.c:1121:13:MX_ADC1_Init	24	static
../Core/Src/main.c:1225:13:MX_SPI3_Init	8	static
../Core/Src/main.c:1191:13:MX_I2S2_Init	8	static
../Core/Src/main.c:1308:13:MX_TIM4_Init	48	static
../Core/Src/main.c:1263:13:MX_TIM3_Init	32	static
../Core/Src/main.c:1074:6:SystemClock_Config	88	static
../Core/Src/main.c:934:5:main	8	static
