../Core/Src/main.c:140:6:updateBMSDiagnostics	4	static
../Core/Src/main.c:144:6:readAPPSandBSE	8	static
../Core/Src/main.c:162:6:calculateTorqueRequest	24	static
../Core/Src/main.c:176:6:checkAPPSPlausibility	8	static
../Core/Src/main.c:193:6:checkCrossCheck	24	static
../Core/Src/main.c:212:6:sendTorqueCommand	32	static
../Core/Src/main.c:234:6:checkReadyToDrive	16	static
../Core/Src/main.c:247:5:main	8	static
../Core/Src/main.c:320:6:SystemClock_Config	88	static
../Core/Src/main.c:367:13:MX_ADC1_Init	24	static
../Core/Src/main.c:438:13:MX_SPI3_Init	8	static
../Core/Src/main.c:476:13:MX_TIM3_Init	32	static
../Core/Src/main.c:521:13:MX_USART2_UART_Init	8	static
../Core/Src/main.c:552:13:MX_DMA_Init	16	static
../Core/Src/main.c:570:13:MX_GPIO_Init	48	static
../Core/Src/main.c:626:6:Error_Handler	4	static,ignoring_inline_asm
