../Core/Src/mcp2515.c:40:6:MCP2515_Initialize	16	static
../Core/Src/mcp2515.c:58:6:MCP2515_SetConfigMode	16	static
../Core/Src/mcp2515.c:87:6:MCP2515_SetNormalMode	16	static
../Core/Src/mcp2515.c:107:6:MCP2515_SetSleepMode	16	static
../Core/Src/mcp2515.c:127:6:MCP2515_Reset	8	static
../Core/Src/mcp2515.c:137:9:MCP2515_ReadByte	24	static
../Core/Src/mcp2515.c:153:6:MCP2515_ReadRxSequence	16	static
../Core/Src/mcp2515.c:164:6:MCP2515_WriteByte	16	static
../Core/Src/mcp2515.c:176:6:MCP2515_WriteByteSequence	16	static
../Core/Src/mcp2515.c:188:6:MCP2515_LoadTxSequence	24	static
../Core/Src/mcp2515.c:201:6:MCP2515_LoadTxBuffer	16	static
../Core/Src/mcp2515.c:212:6:MCP2515_RequestToSend	16	static
../Core/Src/mcp2515.c:222:9:MCP2515_ReadStatus	16	static
../Core/Src/mcp2515.c:238:9:MCP2515_GetRxStatus	16	static
../Core/Src/mcp2515.c:253:6:MCP2515_BitModify	16	static
../Core/Src/mcp2515.c:266:13:SPI_Tx	16	static
../Core/Src/mcp2515.c:272:13:SPI_TxBuffer	16	static
../Core/Src/mcp2515.c:278:16:SPI_Rx	16	static
../Core/Src/mcp2515.c:286:13:SPI_RxBuffer	16	static
