../Core/Src/mcp2515.c:41:6:MCP2515_Initialize	16	static
../Core/Src/mcp2515.c:58:6:MCP2515_SetConfigMode	16	static
../Core/Src/mcp2515.c:85:6:MCP2515_SetNormalMode	16	static
../Core/Src/mcp2515.c:103:6:MCP2515_SetSleepMode	16	static
../Core/Src/mcp2515.c:120:6:MCP2515_SetLoopbackMode	16	static
../Core/Src/mcp2515.c:137:6:MCP2515_SetListenOnlyMode	16	static
../Core/Src/mcp2515.c:154:6:MCP2515_Reset	8	static
../Core/Src/mcp2515.c:162:9:MCP2515_ReadByte	24	static
../Core/Src/mcp2515.c:176:6:MCP2515_ReadRxSequence	16	static
../Core/Src/mcp2515.c:185:6:MCP2515_WriteByte	16	static
../Core/Src/mcp2515.c:195:6:MCP2515_WriteByteSequence	16	static
../Core/Src/mcp2515.c:205:6:MCP2515_LoadTxSequence	24	static
../Core/Src/mcp2515.c:216:6:MCP2515_LoadTxBuffer	16	static
../Core/Src/mcp2515.c:225:6:MCP2515_RequestToSend	16	static
../Core/Src/mcp2515.c:233:9:MCP2515_ReadStatus	16	static
../Core/Src/mcp2515.c:246:9:MCP2515_GetRxStatus	16	static
../Core/Src/mcp2515.c:259:6:MCP2515_BitModify	16	static
../Core/Src/mcp2515.c:270:13:SPI_Tx	16	static
../Core/Src/mcp2515.c:276:13:SPI_TxBuffer	16	static
../Core/Src/mcp2515.c:282:16:SPI_Rx	16	static
../Core/Src/mcp2515.c:290:13:SPI_RxBuffer	16	static
