../Core/Src/mcp2515.c:40:6:MCP2515_Initialize	16	static
../Core/Src/mcp2515.c:58:6:MCP2515_SetConfigMode	16	static
../Core/Src/mcp2515.c:87:6:MCP2515_SetNormalMode	16	static
../Core/Src/mcp2515.c:107:6:MCP2515_SetSleepMode	16	static
../Core/Src/mcp2515.c:127:6:MCP2515_SetLoopbackMode	16	static
../Core/Src/mcp2515.c:146:6:MCP2515_SetListenOnlyMode	16	static
../Core/Src/mcp2515.c:165:6:MCP2515_Reset	8	static
../Core/Src/mcp2515.c:177:9:MCP2515_ReadByte	24	static
../Core/Src/mcp2515.c:193:6:MCP2515_ReadRxSequence	16	static
../Core/Src/mcp2515.c:204:6:MCP2515_WriteByte	16	static
../Core/Src/mcp2515.c:216:6:MCP2515_WriteByteSequence	16	static
../Core/Src/mcp2515.c:228:6:MCP2515_LoadTxSequence	24	static
../Core/Src/mcp2515.c:241:6:MCP2515_LoadTxBuffer	16	static
../Core/Src/mcp2515.c:252:6:MCP2515_RequestToSend	16	static
../Core/Src/mcp2515.c:262:9:MCP2515_ReadStatus	16	static
../Core/Src/mcp2515.c:278:9:MCP2515_GetRxStatus	16	static
../Core/Src/mcp2515.c:293:6:MCP2515_BitModify	16	static
../Core/Src/mcp2515.c:306:13:SPI_Tx	16	static
../Core/Src/mcp2515.c:312:13:SPI_TxBuffer	16	static
../Core/Src/mcp2515.c:318:16:SPI_Rx	16	static
../Core/Src/mcp2515.c:326:13:SPI_RxBuffer	16	static
