../Core/Src/mcp2515.c:21:6:startSPI	8	static
../Core/Src/mcp2515.c:25:6:endSPI	8	static
../Core/Src/mcp2515.c:29:9:SPI_transfer	32	static
../Core/Src/mcp2515.c:35:6:setRegister	16	static
../Core/Src/mcp2515.c:44:6:setRegisters	24	static
../Core/Src/mcp2515.c:57:6:loadTx	24	static
../Core/Src/mcp2515.c:69:6:modifyRegister	16	static
../Core/Src/mcp2515.c:82:9:readRegister	24	static
../Core/Src/mcp2515.c:93:6:readRegisters	32	static
../Core/Src/mcp2515.c:106:6:readRx	32	static
../Core/Src/mcp2515.c:117:11:setMode	32	static
../Core/Src/mcp2515.c:138:11:setConfigMode	8	static
../Core/Src/mcp2515.c:143:6:prepareId	32	static
../Core/Src/mcp2515.c:163:9:getStatus	16	static
../Core/Src/mcp2515.c:172:11:MCP_setFilterMask	24	static
../Core/Src/mcp2515.c:195:11:MCP_setFilter	24	static
../Core/Src/mcp2515.c:274:11:MCP_reset	48	static
../Core/Src/mcp2515.c:325:11:MCP_setListenOnlyMode	8	static
../Core/Src/mcp2515.c:330:11:MCP_setSleepMode	8	static
../Core/Src/mcp2515.c:335:11:MCP_setLoopbackMode	8	static
../Core/Src/mcp2515.c:340:11:MCP_setNormalMode	8	static
../Core/Src/mcp2515.c:345:11:MCP_setBitrateClock	24	static
../Core/Src/mcp2515.c:633:11:MCP_setBitrate	16	static
../Core/Src/mcp2515.c:639:6:MCP_RequestToSend	16	static
../Core/Src/mcp2515.c:646:11:MCP_sendMessageTo	48	static
../Core/Src/mcp2515.c:689:11:MCP_sendMessage	24	static
../Core/Src/mcp2515.c:706:11:MCP_readMessageFrom	40	static
../Core/Src/mcp2515.c:756:11:MCP_readMessage	24	static
../Core/Src/mcp2515.c:772:9:MCP_checkReceive	16	static
../Core/Src/mcp2515.c:782:9:MCP_getErrorFlags	8	static
../Core/Src/mcp2515.c:787:9:MCP_checkError	16	static
../Core/Src/mcp2515.c:799:6:MCP_clearRXnOVRFlags	8	static
../Core/Src/mcp2515.c:804:9:MCP_getInterrupts	8	static
../Core/Src/mcp2515.c:809:6:MCP_clearInterrupts	8	static
../Core/Src/mcp2515.c:814:9:MCP_getInterruptMask	8	static
../Core/Src/mcp2515.c:819:6:MCP_clearTXInterrupts	8	static
../Core/Src/mcp2515.c:824:6:MCP_clearRXnOVR	16	static
../Core/Src/mcp2515.c:835:6:MCP_clearMERR	8	static
../Core/Src/mcp2515.c:842:6:MCP_clearERRIF	8	static
